✔ Alien CPU: Windows warmup must not publish the loadavg placeholder zero (1.848ms)
✔ Alien CPU: Windows samples a real counter interval instead of loadavg zeros (0.402ms)
✔ Alien CPU: counter reset is unknown and reestablishes the next interval (1.3068ms)
✔ Alien CPU: absent or unchanged counters never claim an observed zero (0.4478ms)
✔ PCF-701 T1: missing, NaN, negative and wrong-unit values never become 0 (2.7241ms)
✔ PCF-701 T2: an out-of-order sample does not overwrite a newer value (0.5649ms)
✔ PCF-701 T3: a sample from another boot epoch is not mixed into this boot (0.3077ms)
✔ PCF-701 T4: a backwards clock cannot keep stale data fresh (0.6113ms)
✔ PCF-701 T5: freshness at a later time expires, and a rewound caller clock cannot resurrect it (1.7207ms)
✔ PCF-701 T6: an absent optional adapter is UNSUPPORTED, not zero (0.2912ms)
✔ PCF-701 T7: a probe that never returns does not freeze the executor (37.5121ms)
✔ PCF-701 T8: a failed sampler is reported, and still no value is invented (0.5815ms)
✔ PCF-701 T9: the buffer is bounded and its drops are visible (0.8363ms)
✔ PCF-701 T10: collection is rate limited and a throttled call does not probe (0.6408ms)
✔ PCF-701 T11: measurement overhead is measured, not guessed (0.5053ms)
✔ PCF-701 T12: only authorised surfaces are ever looked at (1.2508ms)
✔ PCF-701 T14: total, free, reserved and in-use are separate facts, and one bad facet fails alone (0.563ms)
✔ PCF-701 T15: a free figure larger than its total is refused as two unusable numbers (0.2824ms)
✔ PCF-701 T16: the system adapter reports what it can read and names what it cannot (8.2587ms)
✔ PCF-701 T17: an unavailable adapter keeps its dimensions named instead of dropping them (0.4964ms)
✔ PCF-701 T18: latency belongs to a PATH, and an unmeasured path is never 0 ms (1.4286ms)
✔ PCF-701 T19: a probe that hangs or lies becomes a bounded failure with growing backoff (91.9028ms)
✔ PCF-701 T20: throughput is measured by moving bytes, never inferred from latency (30.5381ms)
✔ PCF-701 T21: a queue with no declared source is UNSUPPORTED, never zero (0.9059ms)
✔ PCF-701 T22: occupancy is the runtime’s own responsiveness, measured or declared unsupported (2.8835ms)
✔ PCF-701 T13: the same sample and context always produce the same observation (replayable) (1.1288ms)
ℹ tests 26
ℹ suites 0
ℹ pass 26
ℹ fail 0
ℹ cancelled 0
ℹ skipped 0
ℹ todo 0
ℹ duration_ms 336.3422
