WARNING: The following problems were found when resolving the SDK location:
Where: ANDROID_SDK_ROOT environment variable. Problem: Directory does not exist

> Task :app:checkKotlinGradlePluginConfigurationErrors SKIPPED
> Task :app:preBuild UP-TO-DATE
> Task :app:preDebugBuild UP-TO-DATE
> Task :app:generateDebugResValues
> Task :app:checkDebugAarMetadata
> Task :app:mapDebugSourceSetPaths
> Task :app:generateDebugResources
> Task :app:packageDebugResources
> Task :app:createDebugCompatibleScreenManifests
> Task :app:parseDebugLocalResources
> Task :app:extractDeepLinksDebug
> Task :app:processDebugMainManifest
> Task :app:processDebugManifest
> Task :app:javaPreCompileDebug
> Task :app:processDebugManifestForPackage
> Task :app:preDebugUnitTestBuild UP-TO-DATE
> Task :app:javaPreCompileDebugUnitTest
> Task :app:mergeDebugResources
> Task :app:processDebugResources

> Task :app:compileDebugKotlin
w: file:///D:/Utopia-tree/REX-Series-Alien-final-v2/apps/android/app/src/main/java/city/utopia/control/AutoZoomCaptureActivity.kt:24:31 'val isZoomSupported: Boolean' is deprecated. Deprecated in Java.
w: file:///D:/Utopia-tree/REX-Series-Alien-final-v2/apps/android/app/src/main/java/city/utopia/control/AutoZoomCaptureActivity.kt:24:59 'val zoomRatios: (Mutable)List<Int!>!' is deprecated. Deprecated in Java.
w: file:///D:/Utopia-tree/REX-Series-Alien-final-v2/apps/android/app/src/main/java/city/utopia/control/AutoZoomCaptureActivity.kt:25:51 'val maxZoom: Int' is deprecated. Deprecated in Java.
w: file:///D:/Utopia-tree/REX-Series-Alien-final-v2/apps/android/app/src/main/java/city/utopia/control/AutoZoomCaptureActivity.kt:27:48 'var zoom: Int' is deprecated. Deprecated in Java.
w: file:///D:/Utopia-tree/REX-Series-Alien-final-v2/apps/android/app/src/main/java/city/utopia/control/AutoZoomCaptureActivity.kt:28:36 'var zoom: Int' is deprecated. Deprecated in Java.
w: file:///D:/Utopia-tree/REX-Series-Alien-final-v2/apps/android/app/src/main/java/city/utopia/control/AutoZoomCaptureActivity.kt:31:62 'val isZoomSupported: Boolean' is deprecated. Deprecated in Java.
w: file:///D:/Utopia-tree/REX-Series-Alien-final-v2/apps/android/app/src/main/java/city/utopia/control/AutoZoomCaptureActivity.kt:34:36 'var focusMode: String!' is deprecated. Deprecated in Java.
w: file:///D:/Utopia-tree/REX-Series-Alien-final-v2/apps/android/app/src/main/java/city/utopia/control/CityDiscovery.kt:31:94 'fun resolveService(p0: NsdServiceInfo!, p1: NsdManager.ResolveListener!): Unit' is deprecated. Deprecated in Java.
w: file:///D:/Utopia-tree/REX-Series-Alien-final-v2/apps/android/app/src/main/java/city/utopia/control/CityDiscovery.kt:33:382 'var host: InetAddress!' is deprecated. Deprecated in Java.
w: file:///D:/Utopia-tree/REX-Series-Alien-final-v2/apps/android/app/src/main/java/city/utopia/control/Devices.kt:39:66 Java type mismatch: inferred type is 'Nothing?', but 'String' was expected.
w: file:///D:/Utopia-tree/REX-Series-Alien-final-v2/apps/android/app/src/main/java/city/utopia/control/Devices.kt:44:58 Java type mismatch: inferred type is 'Nothing?', but 'String' was expected.
w: file:///D:/Utopia-tree/REX-Series-Alien-final-v2/apps/android/app/src/main/java/city/utopia/control/MainActivity.kt:175:389 Only safe (?.) or non-null asserted (!!.) calls are allowed on a nullable receiver of type 'Any?'.
w: file:///D:/Utopia-tree/REX-Series-Alien-final-v2/apps/android/app/src/main/java/city/utopia/control/MainActivity.kt:175:495 Only safe (?.) or non-null asserted (!!.) calls are allowed on a nullable receiver of type 'Any?'.

> Task :app:compileDebugJavaWithJavac NO-SOURCE
> Task :app:processDebugJavaRes
> Task :app:bundleDebugClassesToRuntimeJar
> Task :app:bundleDebugClassesToCompileJar
> Task :app:compileDebugUnitTestKotlin
> Task :app:compileDebugUnitTestJavaWithJavac NO-SOURCE
> Task :app:processDebugUnitTestJavaRes

> Task :app:testDebugUnitTest FAILED

ResearchRunTest > aNonOwnerFailureThatIsNotOwnerShapedSaysUnavailable FAILED
    java.lang.AssertionError at ResearchRunTest.kt:39

ResearchRunTest > anUnfinishedCampaignAndAnUnavailableStoreAreVisible FAILED
    org.junit.ComparisonFailure at ResearchRunTest.kt:73

10 tests completed, 2 failed

FAILURE: Build failed with an exception.

* What went wrong:
Execution failed for task ':app:testDebugUnitTest'.
> There were failing tests. See the report at: file:///D:/Utopia-tree/REX-Series-Alien-final-v2/apps/android/app/build/reports/tests/testDebugUnitTest/index.html

* Try:
> Run with --scan to get full insights.

BUILD FAILED in 17s
22 actionable tasks: 22 executed
