✖ gateway Set of self addresses excludes unlabelled self but retains a same-port neighbour (1.767ms)
✖ a stale host alias never hides the live host or replaces its execution target (0.7375ms)
✖ kernel versions do not invent a Windows edition or future macOS product version (0.6158ms)
ℹ tests 3
ℹ suites 0
ℹ pass 0
ℹ fail 3
ℹ cancelled 0
ℹ skipped 0
ℹ todo 0
ℹ duration_ms 1303.0109

✖ failing tests:

test at tests\rex-series-review.test.mjs:7:1
✖ gateway Set of self addresses excludes unlabelled self but retains a same-port neighbour (1.767ms)
  AssertionError [ERR_ASSERTION]: Expected values to be strictly equal:
  
  false !== true
  
      at TestContext.<anonymous> (file:///D:/Utopia-tree/REX-Series-Alien-review/tests/rex-series-review.test.mjs:9:10)
      at Test.runInAsyncScope (node:async_hooks:227:14)
      at Test.run (node:internal/test_runner/test:1382:25)
      at Test.start (node:internal/test_runner/test:1242:17)
      at startSubtestAfterBootstrap (node:internal/test_runner/harness:387:17) {
    generatedMessage: true,
    code: 'ERR_ASSERTION',
    actual: false,
    expected: true,
    operator: 'strictEqual',
    diff: 'simple'
  }

test at tests\rex-series-review.test.mjs:14:1
✖ a stale host alias never hides the live host or replaces its execution target (0.7375ms)
  AssertionError [ERR_ASSERTION]: Expected values to be strictly equal:
  
  false !== true
  
      at TestContext.<anonymous> (file:///D:/Utopia-tree/REX-Series-Alien-review/tests/rex-series-review.test.mjs:19:12)
      at Test.runInAsyncScope (node:async_hooks:227:14)
      at Test.run (node:internal/test_runner/test:1382:25)
      at Test.processPendingSubtests (node:internal/test_runner/test:960:18)
      at Test.postRun (node:internal/test_runner/test:1522:19)
      at Test.run (node:internal/test_runner/test:1447:12)
      at async startSubtestAfterBootstrap (node:internal/test_runner/harness:387:3) {
    generatedMessage: true,
    code: 'ERR_ASSERTION',
    actual: false,
    expected: true,
    operator: 'strictEqual',
    diff: 'simple'
  }

test at tests\rex-series-review.test.mjs:26:1
✖ kernel versions do not invent a Windows edition or future macOS product version (0.6158ms)
  AssertionError [ERR_ASSERTION]: Expected values to be strictly equal:
  + actual - expected
  
  + 'Windows 11'
  - 'Windows (kernel 10.0.26100)'
             ^
  
      at TestContext.<anonymous> (file:///D:/Utopia-tree/REX-Series-Alien-review/tests/rex-series-review.test.mjs:27:10)
      at Test.runInAsyncScope (node:async_hooks:227:14)
      at Test.run (node:internal/test_runner/test:1382:25)
      at Test.processPendingSubtests (node:internal/test_runner/test:960:18)
      at Test.postRun (node:internal/test_runner/test:1522:19)
      at Test.run (node:internal/test_runner/test:1447:12)
      at async Test.processPendingSubtests (node:internal/test_runner/test:960:7) {
    generatedMessage: true,
    code: 'ERR_ASSERTION',
    actual: 'Windows 11',
    expected: 'Windows (kernel 10.0.26100)',
    operator: 'strictEqual',
    diff: 'simple'
  }
