TAP version 13
# Subtest: gateway Set of self addresses excludes unlabelled self but retains a same-port neighbour
ok 1 - gateway Set of self addresses excludes unlabelled self but retains a same-port neighbour
  ---
  duration_ms: 0.8507
  type: 'test'
  ...
# Subtest: shipped browser keeps live self first, hides offline rows, shows measured platform and restores pairing
ok 2 - shipped browser keeps live self first, hides offline rows, shows measured platform and restores pairing
  ---
  duration_ms: 1716.1251
  type: 'test'
  ...
# Subtest: a stale host alias never hides the live host or replaces its execution target
ok 3 - a stale host alias never hides the live host or replaces its execution target
  ---
  duration_ms: 0.6227
  type: 'test'
  ...
# Subtest: kernel versions do not invent a Windows edition or future macOS product version
ok 4 - kernel versions do not invent a Windows edition or future macOS product version
  ---
  duration_ms: 0.1993
  type: 'test'
  ...
# Subtest: V1 the operating system is named from product evidence rather than ambiguous NT builds
ok 5 - V1 the operating system is named from product evidence rather than ambiguous NT builds
  ---
  duration_ms: 1.5663
  type: 'test'
  ...
# Subtest: V2 the architecture is spelled out, and unknown parts are omitted rather than printed
ok 6 - V2 the architecture is spelled out, and unknown parts are omitted rather than printed
  ---
  duration_ms: 0.27
  type: 'test'
  ...
# Subtest: V3 the fact set read from a host carries name, release, architecture, hostname and runtime
ok 7 - V3 the fact set read from a host carries name, release, architecture, hostname and runtime
  ---
  duration_ms: 0.3838
  type: 'test'
  ...
# Subtest: V4 opening a City does NOT claim the host is online, and does not list the host node twice
ok 8 - V4 opening a City does NOT claim the host is online, and does not list the host node twice
  ---
  duration_ms: 0.7163
  type: 'test'
  ...
# Subtest: V5 the host node is recognised by hostname, not by id equality
ok 9 - V5 the host node is recognised by hostname, not by id equality
  ---
  duration_ms: 0.5505
  type: 'test'
  ...
# Subtest: V6 a connected surface is what makes a member present
ok 10 - V6 a connected surface is what makes a member present
  ---
  duration_ms: 0.2623
  type: 'test'
  ...
# Subtest: V7 a City never treats its own advertisement as a neighbour
ok 11 - V7 a City never treats its own advertisement as a neighbour
  ---
  duration_ms: 0.4098
  type: 'test'
  ...
# Subtest: V8 the connect list keeps one row per machine and never takes a discovery duplicate of self
ok 12 - V8 the connect list keeps one row per machine and never takes a discovery duplicate of self
  ---
  duration_ms: 1.9819
  type: 'test'
  ...
# Subtest: V10 an EMPTY host id is replaced by a real one, so no undefined member can appear
ok 13 - V10 an EMPTY host id is replaced by a real one, so no undefined member can appear
  ---
  duration_ms: 339.3126
  type: 'test'
  ...
# Subtest: V11 the Devices surface is rendered by the shipped predicate, not by an inline copy
ok 14 - V11 the Devices surface is rendered by the shipped predicate, not by an inline copy
  ---
  duration_ms: 2.0113
  type: 'test'
  ...
# Subtest: V9 a pairing session restored after a reload still carries its QR markup and code
ok 15 - V9 a pairing session restored after a reload still carries its QR markup and code
  ---
  duration_ms: 1.8895
  type: 'test'
  ...
# Subtest: Alien independently constructs all workbook negative cases and restart seed consistency
ok 16 - Alien independently constructs all workbook negative cases and restart seed consistency
  ---
  duration_ms: 149.083
  type: 'test'
  ...
# Subtest: a manifest with only a movable branch must not pass exact software provenance validation
ok 17 - a manifest with only a movable branch must not pass exact software provenance validation
  ---
  duration_ms: 36.4307
  type: 'test'
  ...
# Subtest: two equal host references are one physical host, not a TWO_HOST_MESH
ok 18 - two equal host references are one physical host, not a TWO_HOST_MESH
  ---
  duration_ms: 34.982
  type: 'test'
  ...
# Subtest: an experiment can be listed, validated, registered, inspected, seeded — without ever being run
ok 19 - an experiment can be listed, validated, registered, inspected, seeded — without ever being run
  ---
  duration_ms: 466.1298
  type: 'test'
  ...
# Subtest: the research routes require the control credential: a worker cannot certify the experiment it runs
ok 20 - the research routes require the control credential: a worker cannot certify the experiment it runs
  ---
  duration_ms: 41.4504
  type: 'test'
  ...
# Subtest: an invalid manifest is refused with every issue at once, and the rejection is stored as evidence
ok 21 - an invalid manifest is refused with every issue at once, and the rejection is stored as evidence
  ---
  duration_ms: 46.9364
  type: 'test'
  ...
# Subtest: manifests survive a gateway restart, and a broken file is reported instead of silently dropped
ok 22 - manifests survive a gateway restart, and a broken file is reported instead of silently dropped
  ---
  duration_ms: 75.6392
  type: 'test'
  ...
# Subtest: the registry itself refuses task-domain keys and never offers an update
ok 23 - the registry itself refuses task-domain keys and never offers an update
  ---
  duration_ms: 3.456
  type: 'test'
  ...
# Subtest: CEX790 Web reports validated but unfiled registration and degraded store
ok 24 - CEX790 Web reports validated but unfiled registration and degraded store
  ---
  duration_ms: 2112.1509
  type: 'test'
  ...
# Subtest: Web Research discovers imports validates registers and inspects canonical experiments without running
ok 25 - Web Research discovers imports validates registers and inspects canonical experiments without running
  ---
  duration_ms: 2923.7623
  type: 'test'
  ...
# Subtest: a failed list refresh cannot hide a successful canonical registration
ok 26 - a failed list refresh cannot hide a successful canonical registration
  ---
  duration_ms: 2377.1555
  type: 'test'
  ...
# Subtest: REX801 store guard: a file where research (the registry parent) belongs cannot stop the City
ok 27 - REX801 store guard: a file where research (the registry parent) belongs cannot stop the City
  ---
  duration_ms: 124.9206
  type: 'test'
  ...
# Subtest: REX801 store guard: a file where research/experiments (the registry itself) belongs cannot stop the City
ok 28 - REX801 store guard: a file where research/experiments (the registry itself) belongs cannot stop the City
  ---
  duration_ms: 65.8704
  type: 'test'
  ...
# Subtest: REX802 a delayed response cannot remove offline guidance or replace another page
ok 29 - REX802 a delayed response cannot remove offline guidance or replace another page
  ---
  duration_ms: 1270.0944
  type: 'test'
  ...
# Subtest: REX802 rolled-back canonical events never enter the trace
ok 30 - REX802 rolled-back canonical events never enter the trace
  ---
  duration_ms: 97.6119
  type: 'test'
  ...
# Subtest: REX802 member Web surface exposes explicit owner-required guidance
ok 31 - REX802 member Web surface exposes explicit owner-required guidance
  ---
  duration_ms: 1549.846
  type: 'test'
  ...
# Subtest: REX802 records only supplied resource samples, preserves zero and declared source time
ok 32 - REX802 records only supplied resource samples, preserves zero and declared source time
  ---
  duration_ms: 126.2888
  type: 'test'
  ...
# Subtest: REX802 real Gateway records task references and Web Advanced exposes recording/provenance without secrets
ok 33 - REX802 real Gateway records task references and Web Advanced exposes recording/provenance without secrets
  ---
  duration_ms: 1671.2099
  type: 'test'
  ...
# Subtest: REX802 failing collector cannot break real Gateway task/health and reports partial failure
ok 34 - REX802 failing collector cannot break real Gateway task/health and reports partial failure
  ---
  duration_ms: 124.7334
  type: 'test'
  ...
# Error: CONTROLLED_COMMIT_FAILURE
#     at file:///D:/Utopia-tree/REX-Series-Alien-review/tests/rex802-gateway.test.mjs:4:360
#     at Store.atomic (file:///D:/Utopia-tree/REX-Series-Alien-review/services/dev-gateway/store.mjs:106:62)
#     at app.store.atomic (file:///D:/Utopia-tree/REX-Series-Alien-review/tests/rex802-gateway.test.mjs:4:337)
#     at atomicWithTrace (file:///D:/Utopia-tree/REX-Series-Alien-review/services/dev-gateway/server.mjs:211:93)
#     at createCityTask (file:///D:/Utopia-tree/REX-Series-Alien-review/services/dev-gateway/server.mjs:486:12)
#     at Server.<anonymous> (file:///D:/Utopia-tree/REX-Series-Alien-review/services/dev-gateway/server.mjs:1042:13)
#     at process.processTicksAndRejections (node:internal/process/task_queues:104:5)
# Subtest: REX802 external resource clocks cannot change canonical sequence time ordering
ok 35 - REX802 external resource clocks cannot change canonical sequence time ordering
  ---
  duration_ms: 8.604
  type: 'test'
  ...
# Subtest: REX802 broken observation clock remains a contained failure
ok 36 - REX802 broken observation clock remains a contained failure
  ---
  duration_ms: 1.2587
  type: 'test'
  ...
# Subtest: REX802 rejects an oversized existing file before rotating or modifying it
ok 37 - REX802 rejects an oversized existing file before rotating or modifying it
  ---
  duration_ms: 24.696
  type: 'test'
  ...
# Subtest: REX802 rotation remains explicit after restart and restores bounded previous records
ok 38 - REX802 rotation remains explicit after restart and restores bounded previous records
  ---
  duration_ms: 26.9082
  type: 'test'
  ...
# Subtest: REX802 pure normalization binds clocks/provenance and retains unknown metrics
ok 39 - REX802 pure normalization binds clocks/provenance and retains unknown metrics
  ---
  duration_ms: 1.7048
  type: 'test'
  ...
# Subtest: REX802 canonical tap drops arbitrary payload and credentials; explicit measured zero remains zero
ok 40 - REX802 canonical tap drops arbitrary payload and credentials; explicit measured zero remains zero
  ---
  duration_ms: 0.4723
  type: 'test'
  ...
# Subtest: REX802 recognizes missing, duplicate, reordered and stale timestamp observations
ok 41 - REX802 recognizes missing, duplicate, reordered and stale timestamp observations
  ---
  duration_ms: 0.4536
  type: 'test'
  ...
# Subtest: REX802 storage raw-to-normalized replay is reproducible and restart starts new epoch
ok 42 - REX802 storage raw-to-normalized replay is reproducible and restart starts new epoch
  ---
  duration_ms: 11.302
  type: 'test'
  ...
# Subtest: REX802 collector failures and queue bounds are explicit without throwing into callers
ok 43 - REX802 collector failures and queue bounds are explicit without throwing into callers
  ---
  duration_ms: 2.942
  type: 'test'
  ...
# Subtest: REX802 hung storage is bounded; queue drop and close do not block indefinitely
ok 44 - REX802 hung storage is bounded; queue drop and close do not block indefinitely
  ---
  duration_ms: 59.604
  type: 'test'
  ...
# Subtest: REX802 early capture waits for restored watermark before normalization
ok 45 - REX802 early capture waits for restored watermark before normalization
  ---
  duration_ms: 6.8811
  type: 'test'
  ...
# Subtest: REX802 supports rule lifecycle, supervision quality and semantic integration without invented defaults
ok 46 - REX802 supports rule lifecycle, supervision quality and semantic integration without invented defaults
  ---
  duration_ms: 1.0273
  type: 'test'
  ...
# Subtest: REX803 adversarial R-1: a blocked receipt store degrades the campaign surface instead of failing it
ok 47 - REX803 adversarial R-1: a blocked receipt store degrades the campaign surface instead of failing it
  ---
  duration_ms: 302.2912
  type: 'test'
  ...
# Subtest: REX803 adversarial R-2: a canonical task cancelled from outside the campaign is CANCELLED, not FAILED
ok 48 - REX803 adversarial R-2: a canonical task cancelled from outside the campaign is CANCELLED, not FAILED
  ---
  duration_ms: 174.7375
  type: 'test'
  ...
# Subtest: REX803 Alien: malformed interrupted state degrades instead of preventing construction
ok 49 - REX803 Alien: malformed interrupted state degrades instead of preventing construction
  ---
  duration_ms: 11.3795
  type: 'test'
  ...
# Subtest: REX803 Alien: resume cannot rename the scenario while executing the old campaign
ok 50 - REX803 Alien: resume cannot rename the scenario while executing the old campaign
  ---
  duration_ms: 6.2711
  type: 'test'
  ...
# Subtest: REX803 Alien: a timed-out run keeps its own cleanup scope after the next run begins
ok 51 - REX803 Alien: a timed-out run keeps its own cleanup scope after the next run begins
  ---
  duration_ms: 109.2304
  type: 'test'
  ...
# Subtest: REX803 Alien: contradictory run measurement cannot manufacture an early successful stop
ok 52 - REX803 Alien: contradictory run measurement cannot manufacture an early successful stop
  ---
  duration_ms: 8.3886
  type: 'test'
  ...
# Subtest: REX803 campaigns: every repetition is a real canonical task, and the receipt accounts for all of them
ok 53 - REX803 campaigns: every repetition is a real canonical task, and the receipt accounts for all of them
  ---
  duration_ms: 430.4179
  type: 'test'
  ...
# Subtest: REX803 campaigns: the surface is owner-only, and every refusal is typed
ok 54 - REX803 campaigns: the surface is owner-only, and every refusal is typed
  ---
  duration_ms: 288.6799
  type: 'test'
  ...
# Subtest: REX803 campaigns: the topology gate is measured against live refs, and its refusal states what was missing
ok 55 - REX803 campaigns: the topology gate is measured against live refs, and its refusal states what was missing
  ---
  duration_ms: 96.9558
  type: 'test'
  ...
# Subtest: REX803 campaigns: stopping cancels the canonical task the run had already created
ok 56 - REX803 campaigns: stopping cancels the canonical task the run had already created
  ---
  duration_ms: 205.7324
  type: 'test'
  ...
# Subtest: REX803 web: the owner runs a real campaign and every repetition without a measurement shows its reason
ok 57 - REX803 web: the owner runs a real campaign and every repetition without a measurement shows its reason
  ---
  duration_ms: 3907.8697
  type: 'test'
  ...
# Subtest: REX803 web: a member is told the campaign surface is the owner's, and is offered no controls
ok 58 - REX803 web: a member is told the campaign surface is the owner's, and is offered no controls
  ---
  duration_ms: 1362.8335
  type: 'test'
  ...
# Subtest: critic: unavailable topology on resume preserves original unfinished campaign
ok 59 - critic: unavailable topology on resume preserves original unfinished campaign
  ---
  duration_ms: 9.6383
  type: 'test'
  ...
# Subtest: critic: resume readiness checks persisted execution context
ok 60 - critic: resume readiness checks persisted execution context
  ---
  duration_ms: 3.6432
  type: 'test'
  ...
# Subtest: critic: malformed persisted bounds cannot bypass resumed repetition and timeout limits
ok 61 - critic: malformed persisted bounds cannot bypass resumed repetition and timeout limits
  ---
  duration_ms: 5.0765
  type: 'test'
  ...
# Subtest: critic: bounded close uses elapsed wall time with frozen research clock
ok 62 - critic: bounded close uses elapsed wall time with frozen research clock
  ---
  duration_ms: 61.0699
  type: 'test'
  ...
# Subtest: REX803 seeds: a run seed is a pure function of the campaign seed and the index
ok 63 - REX803 seeds: a run seed is a pure function of the campaign seed and the index
  ---
  duration_ms: 0.9067
  type: 'test'
  ...
# Subtest: REX803 campaign: N repetitions yield exactly N measured outcomes, and warmup is run but never measured
ok 64 - REX803 campaign: N repetitions yield exactly N measured outcomes, and warmup is run but never measured
  ---
  duration_ms: 80.0242
  type: 'test'
  ...
# Subtest: REX803 campaign: a timeout and a failure are absences WITH reasons, never silent gaps
ok 65 - REX803 campaign: a timeout and a failure are absences WITH reasons, never silent gaps
  ---
  duration_ms: 99.4068
  type: 'test'
  ...
# Subtest: REX803 campaign: stopping cancels the runs that never happened, each with the operator reason
ok 66 - REX803 campaign: stopping cancels the runs that never happened, each with the operator reason
  ---
  duration_ms: 45.098
  type: 'test'
  ...
# Subtest: REX803 campaign: an unfinished campaign is refused unless resuming is asked for explicitly
ok 67 - REX803 campaign: an unfinished campaign is refused unless resuming is asked for explicitly
  ---
  duration_ms: 94.8023
  type: 'test'
  ...
# Subtest: REX803 campaign: unknown scenarios, bad repetitions, a busy runner and an unready topology are typed refusals
ok 68 - REX803 campaign: unknown scenarios, bad repetitions, a busy runner and an unready topology are typed refusals
  ---
  duration_ms: 37.2511
  type: 'test'
  ...
# Subtest: REX803 stop: the cleanups a run registered are fired, so a stop reaches the work and not only the bookkeeping
ok 69 - REX803 stop: the cleanups a run registered are fired, so a stop reaches the work and not only the bookkeeping
  ---
  duration_ms: 72.3704
  type: 'test'
  ...
# Subtest: REX803 timeout: a run that never answers is torn down, and its cleanup failure is stated rather than hidden
ok 70 - REX803 timeout: a run that never answers is torn down, and its cleanup failure is stated rather than hidden
  ---
  duration_ms: 116.4259
  type: 'test'
  ...
# Subtest: REX803 restart: a campaign left RUNNING by a dead process is recovered as INTERRUPTED, named, and optionally resumed
ok 71 - REX803 restart: a campaign left RUNNING by a dead process is recovered as INTERRUPTED, named, and optionally resumed
  ---
  duration_ms: 15.7566
  type: 'test'
  ...
# Subtest: REX803 resume: abandoning an unfinished campaign is an explicit act, and it is recorded on the replacement
ok 72 - REX803 resume: abandoning an unfinished campaign is an explicit act, and it is recorded on the replacement
  ---
  duration_ms: 31.0021
  type: 'test'
  ...
# Subtest: REX803 limits: declared stop conditions end the campaign early, and every unrun repetition is SKIPPED with that reason
ok 73 - REX803 limits: declared stop conditions end the campaign early, and every unrun repetition is SKIPPED with that reason
  ---
  duration_ms: 166.4508
  type: 'test'
  ...
# Subtest: REX803 receipts: a finished campaign is filed once and the next campaign cannot overwrite it
ok 74 - REX803 receipts: a finished campaign is filed once and the next campaign cannot overwrite it
  ---
  duration_ms: 56.9521
  type: 'test'
  ...
# Subtest: REX803 L6: the receipt list is ordered by AGE, not by a random identifier in the filename
ok 75 - REX803 L6: the receipt list is ordered by AGE, not by a random identifier in the filename
  ---
  duration_ms: 10.223
  type: 'test'
  ...
# Subtest: REX803 L1b: the receipt list says how many campaigns exist beyond the bound
ok 76 - REX803 L1b: the receipt list says how many campaigns exist beyond the bound
  ---
  duration_ms: 8.0478
  type: 'test'
  ...
# Subtest: REX803 L7: a runner that has been closed refuses new work instead of starting a campaign
ok 77 - REX803 L7: a runner that has been closed refuses new work instead of starting a campaign
  ---
  duration_ms: 1.6901
  type: 'test'
  ...
# Subtest: REX803 positive control: a normal campaign still plans, measures and files exactly once
ok 78 - REX803 positive control: a normal campaign still plans, measures and files exactly once
  ---
  duration_ms: 55.1339
  type: 'test'
  ...
# Subtest: REX803 rehearsal: with TWO workers every repetition is TARGETED by its derived seed, not left to claim order
ok 79 - REX803 rehearsal: with TWO workers every repetition is TARGETED by its derived seed, not left to claim order
  ---
  duration_ms: 533.6369
  type: 'test'
  ...
# Subtest: REX803 rehearsal: the observed assignment equals the declared rule, and both workers are used
ok 80 - REX803 rehearsal: the observed assignment equals the declared rule, and both workers are used
  ---
  duration_ms: 561.0484
  type: 'test'
  ...
# Subtest: fault confirmation, live canonical target and bounded duration required
ok 81 - fault confirmation, live canonical target and bounded duration required
  ---
  duration_ms: 2.9669
  type: 'test'
  ...
# Subtest: heartbeat loss refuses only targeted heartbeats, stop and expiry restore requests
ok 82 - heartbeat loss refuses only targeted heartbeats, stop and expiry restore requests
  ---
  duration_ms: 25.0975
  type: 'test'
  ...
# Subtest: provider unavailable refuses targeted claim and records measured recovery after stop
ok 83 - provider unavailable refuses targeted claim and records measured recovery after stop
  ---
  duration_ms: 7.6998
  type: 'test'
  ...
# Subtest: delayed report releases immediately on emergency stop without blocking unrelated requests
ok 84 - delayed report releases immediately on emergency stop without blocking unrelated requests
  ---
  duration_ms: 18.3175
  type: 'test'
  ...
# Subtest: duplicate event affects observation only and is absent after emergency stop
ok 85 - duplicate event affects observation only and is absent after emergency stop
  ---
  duration_ms: 4.699
  type: 'test'
  ...
# Subtest: restart disables persisted activation and never resumes fault silently
ok 86 - restart disables persisted activation and never resumes fault silently
  ---
  duration_ms: 5.1253
  type: 'test'
  ...
# Subtest: unexercised or stopped fault cannot receive unrelated future detection or recovery measurements
ok 87 - unexercised or stopped fault cannot receive unrelated future detection or recovery measurements
  ---
  duration_ms: 5.1174
  type: 'test'
  ...
# Subtest: expired fault persistence failure cannot turn normal canonical observation into an error
ok 88 - expired fault persistence failure cannot turn normal canonical observation into an error
  ---
  duration_ms: 5.1857
  type: 'test'
  ...
# Subtest: four fault classes change real Gateway boundaries and emergency stop restores canonical requests
ok 89 - four fault classes change real Gateway boundaries and emergency stop restores canonical requests
  ---
  duration_ms: 3304.0014
  type: 'test'
  ...
# Subtest: REX804 repair guard: an unreadable fault receipt is reported and never prevents the City from starting
ok 90 - REX804 repair guard: an unreadable fault receipt is reported and never prevents the City from starting
  ---
  duration_ms: 167.1549
  type: 'test'
  ...
# Subtest: REX804 repair guard: a receipt with no fault identity is reported as broken, not adopted without identity
ok 91 - REX804 repair guard: a receipt with no fault identity is reported as broken, not adopted without identity
  ---
  duration_ms: 56.3543
  type: 'test'
  ...
# Subtest: REX804 unavailable receipt directory is disclosed and refuses injection without affecting observation
ok 92 - REX804 unavailable receipt directory is disclosed and refuses injection without affecting observation
  ---
  duration_ms: 6.2929
  type: 'test'
  ...
# Subtest: REX804 Web discloses unavailable fault store and prevents injection while normal task creation works
ok 93 - REX804 Web discloses unavailable fault store and prevents injection while normal task creation works
  ---
  duration_ms: 1420.507
  type: 'test'
  ...
# Subtest: Research Danger Zone requires explicit confirmation and offers real emergency stop
ok 94 - Research Danger Zone requires explicit confirmation and offers real emergency stop
  ---
  duration_ms: 1679.0281
  type: 'test'
  ...
# Subtest: REX805 real canonical original/replay/ablation preserve selected seed and change target policy only
ok 95 - REX805 real canonical original/replay/ablation preserve selected seed and change target policy only
  ---
  duration_ms: 596.5011
  type: 'test'
  ...
# Subtest: REX805 replay API is Owner-only and lists truthful bounded mechanism support
ok 96 - REX805 replay API is Owner-only and lists truthful bounded mechanism support
  ---
  duration_ms: 42.5599
  type: 'test'
  ...
# Subtest: REX805 an unbounded HTTP campaign remains comparable after runner normalizes absent limits
ok 97 - REX805 an unbounded HTTP campaign remains comparable after runner normalizes absent limits
  ---
  duration_ms: 298.7915
  type: 'test'
  ...
# Subtest: REX805 replay preserves selected seed and input with fresh identities and untouched source
ok 98 - REX805 replay preserves selected seed and input with fresh identities and untouched source
  ---
  duration_ms: 2.5627
  type: 'test'
  ...
# Subtest: REX805 alternate-device ablation changes actual target selection and records exact mechanism
ok 99 - REX805 alternate-device ablation changes actual target selection and records exact mechanism
  ---
  duration_ms: 0.9057
  type: 'test'
  ...
# Subtest: REX805 unsupported, ambiguous and ineffective ablations are refused before creating experiments
ok 100 - REX805 unsupported, ambiguous and ineffective ablations are refused before creating experiments
  ---
  duration_ms: 0.9595
  type: 'test'
  ...
# Subtest: REX805 corrupt source identity, seed, measured outcome and index cannot be laundered into replay
ok 101 - REX805 corrupt source identity, seed, measured outcome and index cannot be laundered into replay
  ---
  duration_ms: 0.7656
  type: 'test'
  ...
# Subtest: REX805 comparisons expose policy difference and reject changed source material
ok 102 - REX805 comparisons expose policy difference and reject changed source material
  ---
  duration_ms: 1.1012
  type: 'test'
  ...
# Subtest: REX805 registry persistence failure refuses execution while retaining original
ok 103 - REX805 registry persistence failure refuses execution while retaining original
  ---
  duration_ms: 0.2616
  type: 'test'
  ...
# Subtest: REX805 unavailable fault conditions and undeclared request switches are refused explicitly
ok 104 - REX805 unavailable fault conditions and undeclared request switches are refused explicitly
  ---
  duration_ms: 0.368
  type: 'test'
  ...
# Subtest: REX805 reviewer R1: replay of ablation preserves effective policy and re-ablation refuses
ok 105 - REX805 reviewer R1: replay of ablation preserves effective policy and re-ablation refuses
  ---
  duration_ms: 0.8531
  type: 'test'
  ...
# Subtest: REX805 reviewer R2: comparison cannot certify controlled-input or recorded-placement drift
ok 106 - REX805 reviewer R2: comparison cannot certify controlled-input or recorded-placement drift
  ---
  duration_ms: 2.6973
  type: 'test'
  ...
# Subtest: REX805 reviewer R3: inconsistent measured source placement refuses before registration
ok 107 - REX805 reviewer R3: inconsistent measured source placement refuses before registration
  ---
  duration_ms: 0.3087
  type: 'test'
  ...
# Subtest: REX805 single selected run adjusts the declared success stop without losing failure bounds
ok 108 - REX805 single selected run adjusts the declared success stop without losing failure bounds
  ---
  duration_ms: 0.5809
  type: 'test'
  ...
# Subtest: REX805 comparisons reject fabricated lineage and jointly changed registered references
ok 109 - REX805 comparisons reject fabricated lineage and jointly changed registered references
  ---
  duration_ms: 2.2941
  type: 'test'
  ...
# Subtest: REX805 selected index1 preserves original derived seed under new run index0
ok 110 - REX805 selected index1 preserves original derived seed under new run index0
  ---
  duration_ms: 17.7938
  type: 'test'
  ...
# Subtest: REX805 offset is bounded, typed and checked before creating work
ok 111 - REX805 offset is bounded, typed and checked before creating work
  ---
  duration_ms: 1.9137
  type: 'test'
  ...
# Subtest: REX805 interrupted recovery and resume retain offset and refuse offset drift
ok 112 - REX805 interrupted recovery and resume retain offset and refuse offset drift
  ---
  duration_ms: 16.884
  type: 'test'
  ...
# Subtest: REX805 Web owner selects recorded run and executes real replay/ablation from Research
ok 113 - REX805 Web owner selects recorded run and executes real replay/ablation from Research
  ---
  duration_ms: 3156.5008
  type: 'test'
  ...
# Subtest: REX805 Web switching source discards a delayed comparison from the previous selection
ok 114 - REX805 Web switching source discards a delayed comparison from the previous selection
  ---
  duration_ms: 1845.2285
  type: 'test'
  ...
# Subtest: REX806 S1: the owner can read the artifact export and its preview
ok 115 - REX806 S1: the owner can read the artifact export and its preview
  ---
  duration_ms: 120.6025
  type: 'test'
  ...
# Subtest: REX806 S2: a member session cannot read the artifact export
ok 116 - REX806 S2: a member session cannot read the artifact export
  ---
  duration_ms: 112.1579
  type: 'test'
  ...
# Subtest: REX806 S3: the CSV surface matches the module and stays table-ready
ok 117 - REX806 S3: the CSV surface matches the module and stays table-ready
  ---
  duration_ms: 39.1526
  type: 'test'
  ...
# Subtest: REX806 S4: the preview is bounded and says so
ok 118 - REX806 S4: the preview is bounded and says so
  ---
  duration_ms: 41.1581
  type: 'test'
  ...
# Subtest: REX806 S5: an export with nothing behind it is refused by name
ok 119 - REX806 S5: an export with nothing behind it is refused by name
  ---
  duration_ms: 32.6445
  type: 'test'
  ...
# Subtest: REX806 S6: the owner download retains the enrolled member identities
ok 120 - REX806 S6: the owner download retains the enrolled member identities
  ---
  duration_ms: 57.2747
  type: 'test'
  ...
# Subtest: REX806 S7: corrupt receipt loss remains visible in full, preview and CSV responses
ok 121 - REX806 S7: corrupt receipt loss remains visible in full, preview and CSV responses
  ---
  duration_ms: 67.3088
  type: 'test'
  ...
# Subtest: REX806 S8: a 51-receipt City labels its bounded download as partial
ok 122 - REX806 S8: a 51-receipt City labels its bounded download as partial
  ---
  duration_ms: 85.6159
  type: 'test'
  ...
# Subtest: REX806 S9: corruption between the receipt listing and detail keeps the readable study
ok 123 - REX806 S9: corruption between the receipt listing and detail keeps the readable study
  ---
  duration_ms: 51.3753
  type: 'test'
  ...
# Subtest: REX806 verifier accepts justified unavailable completion after canonical task loss
ok 124 - REX806 verifier accepts justified unavailable completion after canonical task loss
  ---
  duration_ms: 1057.8905
  type: 'test'
  ...
# Subtest: REX806 verifier accepts the published six-decimal failure rate precision
ok 125 - REX806 verifier accepts the published six-decimal failure rate precision
  ---
  duration_ms: 1300.1434
  type: 'test'
  ...
# Subtest: REX806 verifier accepts justified unavailable rates for an all-refused study
ok 126 - REX806 verifier accepts justified unavailable rates for an all-refused study
  ---
  duration_ms: 1200.7146
  type: 'test'
  ...
# Subtest: REX806 V1: the verifier passes an untampered artifact
ok 127 - REX806 V1: the verifier passes an untampered artifact
  ---
  duration_ms: 1588.1499
  type: 'test'
  ...
# Subtest: REX806 verifier accepts real duplicate canonical execution outside the selected run task
ok 128 - REX806 verifier accepts real duplicate canonical execution outside the selected run task
  ---
  duration_ms: 1273.916
  type: 'test'
  ...
# Subtest: REX806 verifier rejects a fabricated duplicate count with valid integrity hashes
ok 129 - REX806 verifier rejects a fabricated duplicate count with valid integrity hashes
  ---
  duration_ms: 1157.751
  type: 'test'
  ...
# Subtest: REX806 verifier rejects task associations outside the canonical source pointers
ok 130 - REX806 verifier rejects task associations outside the canonical source pointers
  ---
  duration_ms: 1374.9908
  type: 'test'
  ...
# Subtest: REX806 verifier rejects counting one canonical task twice even when metrics agree
ok 131 - REX806 verifier rejects counting one canonical task twice even when metrics agree
  ---
  duration_ms: 1314.042
  type: 'test'
  ...
# Subtest: REX806 V2: a tampered metric value is caught
ok 132 - REX806 V2: a tampered metric value is caught
  ---
  duration_ms: 1017.2205
  type: 'test'
  ...
# Subtest: REX806 V3: an emptied NOT_MEASURED reason is caught
ok 133 - REX806 V3: an emptied NOT_MEASURED reason is caught
  ---
  duration_ms: 1123.822
  type: 'test'
  ...
# Subtest: REX806 V4: a missing section is caught
ok 134 - REX806 V4: a missing section is caught
  ---
  duration_ms: 1389.7343
  type: 'test'
  ...
# Subtest: REX806 V5: a changed dataset timestamp is caught
ok 135 - REX806 V5: a changed dataset timestamp is caught
  ---
  duration_ms: 1167.1098
  type: 'test'
  ...
# Subtest: REX806 V6: a fabricated intervention count is caught
ok 136 - REX806 V6: a fabricated intervention count is caught
  ---
  duration_ms: 1010.8683
  type: 'test'
  ...
# Subtest: REX806 missing canonical tasks remain counted rather than being filtered from convergence
ok 137 - REX806 missing canonical tasks remain counted rather than being filtered from convergence
  ---
  duration_ms: 2.1608
  type: 'test'
  ...
# Subtest: REX806 A1: the artifact carries every section the workbook names
ok 138 - REX806 A1: the artifact carries every section the workbook names
  ---
  duration_ms: 2.5598
  type: 'test'
  ...
# Subtest: REX806 A2: every named metric appears, with a value and provenance or NOT_MEASURED and a reason
ok 139 - REX806 A2: every named metric appears, with a value and provenance or NOT_MEASURED and a reason
  ---
  duration_ms: 0.8144
  type: 'test'
  ...
# Subtest: REX806 A3: an unobserved intervention window is NOT_MEASURED, never 0
ok 140 - REX806 A3: an unobserved intervention window is NOT_MEASURED, never 0
  ---
  duration_ms: 0.4766
  type: 'test'
  ...
# Subtest: REX806 A4: an export with no real campaign is refused
ok 141 - REX806 A4: an export with no real campaign is refused
  ---
  duration_ms: 0.4017
  type: 'test'
  ...
# Subtest: REX806 A5: the evaluator refuses a value with no provenance and NOT_MEASURED with no reason
ok 142 - REX806 A5: the evaluator refuses a value with no provenance and NOT_MEASURED with no reason
  ---
  duration_ms: 0.501
  type: 'test'
  ...
# Subtest: REX806 A6: every dataset row carries a raw pointer and a seed-placement verdict
ok 143 - REX806 A6: every dataset row carries a raw pointer and a seed-placement verdict
  ---
  duration_ms: 0.2591
  type: 'test'
  ...
# Subtest: REX806 A7: checksums cover the exact bytes and change when a byte changes
ok 144 - REX806 A7: checksums cover the exact bytes and change when a byte changes
  ---
  duration_ms: 1.0481
  type: 'test'
  ...
# Subtest: REX806 A8: the paper-ready table leads with G3/G4 and keeps their NOT_MEASURED reasons visible
ok 145 - REX806 A8: the paper-ready table leads with G3/G4 and keeps their NOT_MEASURED reasons visible
  ---
  duration_ms: 0.3842
  type: 'test'
  ...
# Subtest: REX806 A9: the artifact separates statistics from narrative and refuses the autonomy inference
ok 146 - REX806 A9: the artifact separates statistics from narrative and refuses the autonomy inference
  ---
  duration_ms: 0.4088
  type: 'test'
  ...
# Subtest: REX806 A10: richer campaign data does not conjure Owner-side metrics
ok 147 - REX806 A10: richer campaign data does not conjure Owner-side metrics
  ---
  duration_ms: 0.3782
  type: 'test'
  ...
# Subtest: REX806 A11: warmup runs are classified separately from failures
ok 148 - REX806 A11: warmup runs are classified separately from failures
  ---
  duration_ms: 0.2323
  type: 'test'
  ...
# Subtest: REX806 A12: a refused campaign stays visible as undelivered planned runs
ok 149 - REX806 A12: a refused campaign stays visible as undelivered planned runs
  ---
  duration_ms: 0.3186
  type: 'test'
  ...
# Subtest: REX806 A13: an ablation placement is judged against its policy, and the seed comparison is kept separately
ok 150 - REX806 A13: an ablation placement is judged against its policy, and the seed comparison is kept separately
  ---
  duration_ms: 0.296
  type: 'test'
  ...
# Subtest: REX806 CLI retains canonical deviceId members in the downloaded topology
ok 151 - REX806 CLI retains canonical deviceId members in the downloaded topology
  ---
  duration_ms: 1327.0712
  type: 'test'
  ...
# Subtest: REX806 CLI partial download itself names an unreadable receipt without requiring terminal output
ok 152 - REX806 CLI partial download itself names an unreadable receipt without requiring terminal output
  ---
  duration_ms: 1737.3231
  type: 'test'
  ...
# Subtest: REX806 CLI partial download itself names the latest missing receipt
ok 153 - REX806 CLI partial download itself names the latest missing receipt
  ---
  duration_ms: 1342.2627
  type: 'test'
  ...
# Subtest: REX806 CLI exposes a known truncated receipt window as partial
ok 154 - REX806 CLI exposes a known truncated receipt window as partial
  ---
  duration_ms: 1230.1739
  type: 'test'
  ...
# Subtest: REX806 CLI survives an unreadable detail after a readable listing
ok 155 - REX806 CLI survives an unreadable detail after a readable listing
  ---
  duration_ms: 1567.5414
  type: 'test'
  ...
# Subtest: each member sees itself first and all City devices by admission name, with real message receipt
ok 156 - each member sees itself first and all City devices by admission name, with real message receipt
  ---
  duration_ms: 3724.9269
  type: 'test'
  ...
# Subtest: one canonical job is observed by Web and Android without duplicate execution
ok 157 - one canonical job is observed by Web and Android without duplicate execution
  ---
  duration_ms: 10.2677
  type: 'test'
  ...
# Subtest: the interaction device may differ from the execution device
ok 158 - the interaction device may differ from the execution device
  ---
  duration_ms: 1.1875
  type: 'test'
  ...
# Subtest: remote fallback requires explicit approval and local allowed work stays local
ok 159 - remote fallback requires explicit approval and local allowed work stays local
  ---
  duration_ms: 3.2757
  type: 'test'
  ...
# Subtest: attention comes from shared state and one acknowledgement reconciles every projection
ok 160 - attention comes from shared state and one acknowledgement reconciles every projection
  ---
  duration_ms: 2.8911
  type: 'test'
  ...
# Subtest: user-visible success comes only from a terminal accepted result
ok 161 - user-visible success comes only from a terminal accepted result
  ---
  duration_ms: 1.5733
  type: 'test'
  ...
# Subtest: advanced provenance exposes identifiers without leaking secrets, and the surface is strict
ok 162 - advanced provenance exposes identifiers without leaking secrets, and the surface is strict
  ---
  duration_ms: 4.5716
  type: 'test'
  ...
# Subtest: the surface policy cannot be used to switch the canonical binding or the attention source off
ok 163 - the surface policy cannot be used to switch the canonical binding or the attention source off
  ---
  duration_ms: 0.6264
  type: 'test'
  ...
# Subtest: an impossible instant is refused everywhere it could become evidence
ok 164 - an impossible instant is refused everywhere it could become evidence
  ---
  duration_ms: 0.6632
  type: 'test'
  ...
# Subtest: a hidden, symbol-keyed or header-shaped secret is still secret material
ok 165 - a hidden, symbol-keyed or header-shaped secret is still secret material
  ---
  duration_ms: 0.8309
  type: 'test'
  ...
# Subtest: a cancelled job is finished even though it carries no result
ok 166 - a cancelled job is finished even though it carries no result
  ---
  duration_ms: 0.5499
  type: 'test'
  ...
# Subtest: control authority is bound to the job, not to whoever calls
ok 167 - control authority is bound to the job, not to whoever calls
  ---
  duration_ms: 0.7721
  type: 'test'
  ...
# Subtest: a retry re-queues failed work only and never revives or duplicates execution
ok 168 - a retry re-queues failed work only and never revives or duplicates execution
  ---
  duration_ms: 1.2798
  type: 'test'
  ...
# Subtest: the first terminal result is the job truth and malformed artifacts are refused, not dropped
ok 169 - the first terminal result is the job truth and malformed artifacts are refused, not dropped
  ---
  duration_ms: 1.0999
  type: 'test'
  ...
# Subtest: an attention-required backend is not rendered as success
ok 170 - an attention-required backend is not rendered as success
  ---
  duration_ms: 0.7295
  type: 'test'
  ...
# Subtest: the surface reports the execution device it was given and never invents one
ok 171 - the surface reports the execution device it was given and never invents one
  ---
  duration_ms: 0.3041
  type: 'test'
  ...
# Subtest: owner and executor separation is about the owner and the executor connector
ok 172 - owner and executor separation is about the owner and the executor connector
  ---
  duration_ms: 0.2695
  type: 'test'
  ...
# Subtest: canonical refs are unique across surfaces in one process
ok 173 - canonical refs are unique across surfaces in one process
  ---
  duration_ms: 0.5053
  type: 'test'
  ...
# Subtest: an attention acknowledgement records the subject it answers and the read views are frozen
ok 174 - an attention acknowledgement records the subject it answers and the read views are frozen
  ---
  duration_ms: 1.2671
  type: 'test'
  ...
# Subtest: a finished job is not re-opened for attention and an answered question is not reset
ok 175 - a finished job is not re-opened for attention and an answered question is not reset
  ---
  duration_ms: 1.4562
  type: 'test'
  ...
# Subtest: a blocking canonical question gates progress and resume
ok 176 - a blocking canonical question gates progress and resume
  ---
  duration_ms: 0.8253
  type: 'test'
  ...
# Subtest: attention and approvals answer only to devices connected to the job
ok 177 - attention and approvals answer only to devices connected to the job
  ---
  duration_ms: 1.3367
  type: 'test'
  ...
# Subtest: an object is not a provenance reference, and a nested payload is refused
ok 178 - an object is not a provenance reference, and a nested payload is refused
  ---
  duration_ms: 0.6161
  type: 'test'
  ...
# Subtest: the secret scan reads maps, sets and records it cannot read
ok 179 - the secret scan reads maps, sets and records it cannot read
  ---
  duration_ms: 0.2533
  type: 'test'
  ...
# Subtest: a lease belongs to one job and a shared task core confirms the binding when one is wired in
ok 180 - a lease belongs to one job and a shared task core confirms the binding when one is wired in
  ---
  duration_ms: 1.0949
  type: 'test'
  ...
# Subtest: a result that is not a success is not accepted as one, and an uncloneable artifact is a typed refusal
ok 181 - a result that is not a success is not accepted as one, and an uncloneable artifact is a typed refusal
  ---
  duration_ms: 0.7071
  type: 'test'
  ...
# Subtest: the surface names where control came from and scopes its structural claims
ok 182 - the surface names where control came from and scopes its structural claims
  ---
  duration_ms: 0.3074
  type: 'test'
  ...
# Subtest: joining only demotes the local host, saves its admission name and leaves remote City intact
ok 183 - joining only demotes the local host, saves its admission name and leaves remote City intact
  ---
  duration_ms: 252.6144
  type: 'test'
  ...
# Subtest: failed pairing and busy local work do not demote or write a new membership
ok 184 - failed pairing and busy local work do not demote or write a new membership
  ---
  duration_ms: 103.469
  type: 'test'
  ...
# Subtest: native production transition retires only local Gateway and its worker, while remote host stays primary
ok 185 - native production transition retires only local Gateway and its worker, while remote host stays primary
  ---
  duration_ms: 418.4134
  type: 'test'
  ...
# Subtest: selected MEMBER role survives coordinator crash without replacing the original City pointer
ok 186 - selected MEMBER role survives coordinator crash without replacing the original City pointer
  ---
  duration_ms: 6.3129
  type: 'test'
  ...
# Subtest: REVIEW JOIN-501 A1: when ANOTHER client replaces the canonical session, the first page stops showing a dead code
ok 187 - REVIEW JOIN-501 A1: when ANOTHER client replaces the canonical session, the first page stops showing a dead code
  ---
  duration_ms: 5135.1601
  type: 'test'
  ...
# Subtest: REVIEW JOIN-501 A2: a real WebSocket drop and the product’s own reconnect neither create nor lose a session
ok 188 - REVIEW JOIN-501 A2: a real WebSocket drop and the product’s own reconnect neither create nor lose a session
  ---
  duration_ms: 6130.8068
  type: 'test'
  ...
# Subtest: REVIEW JOIN-501 A3: a burst of same-task clicks can create at most one session
ok 189 - REVIEW JOIN-501 A3: a burst of same-task clicks can create at most one session
  ---
  duration_ms: 9269.1207
  type: 'test'
  ...
# Subtest: REVIEW JOIN-501 A4: a code that expires while the tab is HIDDEN is not restored as ACTIVE
ok 190 - REVIEW JOIN-501 A4: a code that expires while the tab is HIDDEN is not restored as ACTIVE
  ---
  duration_ms: 12203.0757
  type: 'test'
  ...
# Subtest: Web Devices and ephemeral pairing share the authoritative Gateway
ok 191 - Web Devices and ephemeral pairing share the authoritative Gateway
  ---
  duration_ms: 2970.9349
  type: 'test'
  ...
# Subtest: Web freshness, device detail, node offline and pairing expiry
ok 192 - Web freshness, device detail, node offline and pairing expiry
  ---
  duration_ms: 11180.265
  type: 'test'
  ...
1..192
# tests 192
# suites 0
# pass 192
# fail 0
# cancelled 0
# skipped 0
# todo 0
# duration_ms 69939.6569
