✖ gateway Set of self addresses excludes unlabelled self but retains a same-port neighbour (1.4803ms)
ℹ tests 1
ℹ suites 0
ℹ pass 0
ℹ fail 1
ℹ cancelled 0
ℹ skipped 0
ℹ todo 0
ℹ duration_ms 1491.7382

✖ failing tests:

test at tests\rex-series-review.test.mjs:5:1
✖ gateway Set of self addresses excludes unlabelled self but retains a same-port neighbour (1.4803ms)
  AssertionError [ERR_ASSERTION]: Expected values to be strictly equal:
  
  false !== true
  
      at TestContext.<anonymous> (file:///D:/Utopia-tree/REX-Series-Alien-review/tests/rex-series-review.test.mjs:7:10)
      at Test.runInAsyncScope (node:async_hooks:227:14)
      at Test.run (node:internal/test_runner/test:1382:25)
      at Test.start (node:internal/test_runner/test:1242:17)
      at startSubtestAfterBootstrap (node:internal/test_runner/harness:387:17) {
    generatedMessage: true,
    code: 'ERR_ASSERTION',
    actual: false,
    expected: true,
    operator: 'strictEqual',
    diff: 'simple'
  }
