✖ REX806 CLI retains canonical deviceId members in the downloaded topology (1046.8456ms)
✖ REX806 CLI partial download itself names an unreadable receipt without requiring terminal output (1051.0278ms)
✖ REX806 CLI partial download itself names the latest missing receipt (1043.3824ms)
ℹ tests 3
ℹ suites 0
ℹ pass 0
ℹ fail 3
ℹ cancelled 0
ℹ skipped 0
ℹ todo 0
ℹ duration_ms 4133.3807

✖ failing tests:

test at tests\rex806-cli.test.mjs:34:1
✖ REX806 CLI retains canonical deviceId members in the downloaded topology (1046.8456ms)
  AssertionError [ERR_ASSERTION]: Expected values to be strictly deep-equal:
  + actual - expected
  
  + []
  - [
  -   'device-a',
  -   'device-b'
  - ]
  
      at TestContext.<anonymous> (file:///D:/Utopia-tree/REX-801-890/Utopia-REX806-Alien-Review-20261007/tests/rex806-cli.test.mjs:35:76)
      at async Test.run (node:internal/test_runner/test:1389:7)
      at async startSubtestAfterBootstrap (node:internal/test_runner/harness:387:3) {
    generatedMessage: true,
    code: 'ERR_ASSERTION',
    actual: [],
    expected: [ 'device-a', 'device-b' ],
    operator: 'deepStrictEqual',
    diff: 'simple'
  }

test at tests\rex806-cli.test.mjs:37:1
✖ REX806 CLI partial download itself names an unreadable receipt without requiring terminal output (1051.0278ms)
  AssertionError [ERR_ASSERTION]: The expression evaluated to a falsy value:
  
    assert.ok(out.failures.failures.sourceReadFailures?.some(x=>x.name==='campaign-broken.json'&&x.reason==='RECEIPT_UNREADABLE'))
  
      at TestContext.<anonymous> (file:///D:/Utopia-tree/REX-801-890/Utopia-REX806-Alien-Review-20261007/tests/rex806-cli.test.mjs:39:10)
      at async Test.run (node:internal/test_runner/test:1389:7)
      at async Test.processPendingSubtests (node:internal/test_runner/test:960:7) {
    generatedMessage: true,
    code: 'ERR_ASSERTION',
    actual: undefined,
    expected: true,
    operator: '==',
    diff: 'simple'
  }

test at tests\rex806-cli.test.mjs:41:1
✖ REX806 CLI partial download itself names the latest missing receipt (1043.3824ms)
  AssertionError [ERR_ASSERTION]: The expression evaluated to a falsy value:
  
    assert.ok(out.failures.failures.sourceReadFailures?.some(x=>x.name==='campaign-lost'&&x.reason==='LATEST_RECEIPT_MISSING'))
  
      at TestContext.<anonymous> (file:///D:/Utopia-tree/REX-801-890/Utopia-REX806-Alien-Review-20261007/tests/rex806-cli.test.mjs:43:10)
      at async Test.run (node:internal/test_runner/test:1389:7)
      at async Test.processPendingSubtests (node:internal/test_runner/test:960:7) {
    generatedMessage: true,
    code: 'ERR_ASSERTION',
    actual: undefined,
    expected: true,
    operator: '==',
    diff: 'simple'
  }
