✖ REX806 S6: the owner download retains the enrolled member identities (198.1373ms)
✖ REX806 S7: corrupt receipt loss remains visible in full, preview and CSV responses (78.9423ms)
ℹ tests 2
ℹ suites 0
ℹ pass 0
ℹ fail 2
ℹ cancelled 0
ℹ skipped 0
ℹ todo 0
ℹ duration_ms 1366.2908

✖ failing tests:

test at tests\rex806-artifact-surface.test.mjs:109:1
✖ REX806 S6: the owner download retains the enrolled member identities (198.1373ms)
  AssertionError [ERR_ASSERTION]: The expression evaluated to a falsy value:
  
    assert.ok(out.body.artifact.topology.members?.includes(member.deviceId))
  
      at file:///D:/Utopia-tree/REX-801-890/Utopia-REX806-Alien-Review-20261007/tests/rex806-artifact-surface.test.mjs:114:12
      at process.processTicksAndRejections (node:internal/process/task_queues:104:5)
      at async withCity (file:///D:/Utopia-tree/REX-801-890/Utopia-REX806-Alien-Review-20261007/tests/rex806-artifact-surface.test.mjs:40:12)
      at async TestContext.<anonymous> (file:///D:/Utopia-tree/REX-801-890/Utopia-REX806-Alien-Review-20261007/tests/rex806-artifact-surface.test.mjs:110:3)
      at async Test.run (node:internal/test_runner/test:1389:7)
      at async startSubtestAfterBootstrap (node:internal/test_runner/harness:387:3) {
    generatedMessage: true,
    code: 'ERR_ASSERTION',
    actual: undefined,
    expected: true,
    operator: '==',
    diff: 'simple'
  }

test at tests\rex806-artifact-surface.test.mjs:118:1
✖ REX806 S7: corrupt receipt loss remains visible in full, preview and CSV responses (78.9423ms)
  AssertionError [ERR_ASSERTION]: The expression evaluated to a falsy value:
  
    assert.ok(full.body.artifact.failures.sourceReadFailures?.some(x=>x.name===broken&&x.reason==='RECEIPT_UNREADABLE'))
  
      at file:///D:/Utopia-tree/REX-801-890/Utopia-REX806-Alien-Review-20261007/tests/rex806-artifact-surface.test.mjs:124:12
      at process.processTicksAndRejections (node:internal/process/task_queues:104:5)
      at async withCity (file:///D:/Utopia-tree/REX-801-890/Utopia-REX806-Alien-Review-20261007/tests/rex806-artifact-surface.test.mjs:40:12)
      at async TestContext.<anonymous> (file:///D:/Utopia-tree/REX-801-890/Utopia-REX806-Alien-Review-20261007/tests/rex806-artifact-surface.test.mjs:119:3)
      at async Test.run (node:internal/test_runner/test:1389:7)
      at async Test.processPendingSubtests (node:internal/test_runner/test:960:7) {
    generatedMessage: true,
    code: 'ERR_ASSERTION',
    actual: undefined,
    expected: true,
    operator: '==',
    diff: 'simple'
  }
