✖ CEX790 Web reports validated but unfiled registration and degraded store (1396.2964ms)
ℹ tests 1
ℹ suites 0
ℹ pass 0
ℹ fail 1
ℹ cancelled 0
ℹ skipped 0
ℹ todo 0
ℹ duration_ms 4005.2174

✖ failing tests:

test at tests\rex801-research-ui.test.mjs:9:1
✖ CEX790 Web reports validated but unfiled registration and degraded store (1396.2964ms)
  AssertionError [ERR_ASSERTION]: The input did not match the regular expression /storage is unavailable/i. Input:
  
  ''
  
      at TestContext.<anonymous> (file:///D:/Utopia-CEX790/tests/rex801-research-ui.test.mjs:19:10)
      at async Test.run (node:internal/test_runner/test:1389:7)
      at async startSubtestAfterBootstrap (node:internal/test_runner/harness:387:3) {
    generatedMessage: true,
    code: 'ERR_ASSERTION',
    actual: '',
    expected: /storage is unavailable/i,
    operator: 'match',
    diff: 'simple'
  }
