✔ bookmark room creates, edits and deletes bookmarks (103.5528ms)
✔ bookmark room accepts only absolute http(s) URLs (50.2518ms)
✔ bookmark title falls back to the URL and search covers url and note (14.6594ms)
✔ bookmark export/import replaces the collection and rejects bad payloads (68.562ms)
✔ bookmark data is durable across a hub restart (11.6169ms)
✔ calendar room creates, edits and deletes a dated event (84.9051ms)
✔ calendar room validates dates and times (47.2803ms)
✔ calendar groups events into today, upcoming and past in order (0.8545ms)
✔ calendar scope filters today and upcoming over HTTP (46.8196ms)
✔ calendar export/import replaces events and data survives a restart (28.1951ms)
✔ checklist room creates lists and items with progress (111.1191ms)
✔ checklist items can be reordered and deleted (83.3335ms)
✔ checklist clear-completed removes only done items (35.5072ms)
✔ checklist data is durable across a hub restart (19.5942ms)
✔ checklist room avoids City Control task vocabulary (1.3114ms)
✔ csv parser handles quotes, escaped quotes and embedded newlines (1.6213ms)
✔ csv summary reports columns, rows and truncation (0.2714ms)
✔ json parse reports a position for invalid input (0.4045ms)
✔ data lab pretty prints and minifies over HTTP (67.286ms)
✔ data lab returns a structured error for invalid json and parses valid json (12.4656ms)
✔ data lab csv preview endpoint works and rejects broken csv (17.1477ms)
✔ decision room records a question with options and opens as OPEN (73.5183ms)
✔ decision room appends options and keeps selected option ids stable (30.4194ms)
✔ decision room decide and revisit transitions (47.186ms)
✔ decision room searches and filters by status (66.7576ms)
✔ decision export/import replaces data, validates payloads and survives a restart (55.4778ms)
✔ focus room exposes presets and completes a real short session (101.4853ms)
✔ focus room records an interrupted session honestly after a reload (44.0141ms)
✔ focus room validates session input (34.9954ms)
✔ focus room deletes a session and keeps the rest (58.0175ms)
✔ focus summary counts today using local dates and sessions are durable (13.6904ms)
✔ hash room digest matches Node crypto for fixed inputs (76.4376ms)
✔ hash room compares an expected digest and reports match or mismatch (17.8473ms)
✔ hash room rejects unknown algorithms and writes nothing to runtime (9.1055ms)
✔ room store writes schemaVersion/updatedAt/data and survives a reload (12.3981ms)
✔ room store rejects a wrong schemaVersion and a non-object root (5.7304ms)
✔ store mutations are serialized so concurrent writes do not lose items (27.9166ms)
✔ shared helpers normalize text, tags and collection CRUD (6.3954ms)
✔ hub serves health, the room catalog and the product shell on loopback (150.0386ms)
✔ hub rejects unknown rooms and unknown routes without touching other rooms (38.5454ms)
✔ static serving never escapes the configured root (3.0421ms)
✔ room data files are isolated: clearing one room leaves the others intact (75.588ms)
✔ hub configuration defaults to port 4320 and loopback only (0.7276ms)
✔ all ten local rooms are LOCAL_PRODUCT and carry null donor metadata (1.4895ms)
✔ every incubating room declares a full donor and promotion contract (0.8407ms)
✔ lifecycle defaults and metadata projection follow the §5.2 contract (0.2737ms)
✔ a promoted room leaves the active catalog but stays known to Git history (0.5218ms)
✔ promotion records are validated and rejected when malformed (11.0182ms)
✔ promotion cross-checks catch an unknown room, an active room and a path mismatch (0.4398ms)
✔ hub exposes lifecycle metadata and the promotion record set (71.4155ms)
✔ knowledge room creates, lists, edits and deletes entries over HTTP (133.5634ms)
✔ knowledge entries survive a hub restart (16.8394ms)
✔ knowledge search covers title, body and tags and is case-insensitive (45.2744ms)
✔ knowledge export bundle carries format, schemaVersion and full entries (11.4519ms)
✔ knowledge import replaces data and rejects malformed bundles whole (88.2589ms)
✔ knowledge entries are ordered newest-updated first (133.806ms)
✔ a relocated promotion keeps its historical target and names its authority (9.6405ms)
✔ every promotion record still names a landing point under city/ (3.9173ms)
✔ prompt library creates a prompt and derives its variables (91.575ms)
✔ prompt rendering fills known variables and reports the missing ones (20.9619ms)
✔ prompt values persist with the prompt and are reused as defaults (23.958ms)
✔ prompt search covers title, template and note (45.9897ms)
✔ prompt export/import replaces the library and the room never calls an AI provider (45.642ms)
✔ text stats count characters, words and lines (1.5142ms)
✔ whitespace and blank-line operations are deterministic (0.2496ms)
✔ sort and dedupe behave predictably (0.3974ms)
✔ case operations cover upper, lower and title (0.2079ms)
✔ line diff reports added, removed and identical lines (0.3006ms)
✔ text workshop serves transforms over HTTP and persists nothing (102.588ms)
ℹ tests 69
ℹ suites 0
ℹ pass 69
ℹ fail 0
ℹ cancelled 0
ℹ skipped 0
ℹ todo 0
ℹ duration_ms 15640.0297
