✖ CEX704 guarded native generation keeps active session fixed and requires fresh terminal state (148.352ms)
ℹ tests 1
ℹ suites 0
ℹ pass 0
ℹ fail 1
ℹ cancelled 0
ℹ skipped 0
ℹ todo 0
ℹ duration_ms 1202.3346

✖ failing tests:

test at tests\cex704-native-owner.test.mjs:3:1
✖ CEX704 guarded native generation keeps active session fixed and requires fresh terminal state (148.352ms)
  AssertionError [ERR_ASSERTION]: Expected values to be strictly equal:
  
  200 !== 409
  
      at TestContext.<anonymous> (file:///D:/Utopia-CEX704/tests/cex704-native-owner.test.mjs:3:942)
      at process.processTicksAndRejections (node:internal/process/task_queues:104:5)
      at async Test.run (node:internal/test_runner/test:1389:7)
      at async startSubtestAfterBootstrap (node:internal/test_runner/harness:387:3) {
    generatedMessage: true,
    code: 'ERR_ASSERTION',
    actual: 200,
    expected: 409,
    operator: 'strictEqual',
    diff: 'simple'
  }
