✖ WBC602 review: absent GPU/network observations are unknown, not hardware absence (1.6223ms)
✖ WBC602 review: platform mismatch and measured zero accelerators are distinguished from unknown (4.1663ms)
✖ WBC602 review: malformed requirement arrays yield typed contract refusals (0.298ms)
✖ WBC602 review: busy endpoint cannot advertise accepting work (126.161ms)
✖ WBC602 review: explicitly declared multiple worker roles survive real registration and restart (72.9738ms)
ℹ tests 5
ℹ suites 0
ℹ pass 0
ℹ fail 5
ℹ cancelled 0
ℹ skipped 0
ℹ todo 0
ℹ duration_ms 1309.6118

✖ failing tests:

test at tests\wbc602-review.test.mjs:9:1
✖ WBC602 review: absent GPU/network observations are unknown, not hardware absence (1.6223ms)
  AssertionError [ERR_ASSERTION]: Expected values to be strictly equal:
  + actual - expected
  
  + 'UNSUPPORTED'
  - 'UNKNOWN'
       ^
  
      at TestContext.<anonymous> (file:///D:/Utopia-WBC602-Review/tests/wbc602-review.test.mjs:10:37)
      at Test.runInAsyncScope (node:async_hooks:227:14)
      at Test.run (node:internal/test_runner/test:1382:25)
      at Test.start (node:internal/test_runner/test:1242:17)
      at startSubtestAfterBootstrap (node:internal/test_runner/harness:387:17) {
    generatedMessage: true,
    code: 'ERR_ASSERTION',
    actual: 'UNSUPPORTED',
    expected: 'UNKNOWN',
    operator: 'strictEqual',
    diff: 'simple'
  }

test at tests\wbc602-review.test.mjs:13:1
✖ WBC602 review: platform mismatch and measured zero accelerators are distinguished from unknown (4.1663ms)
  AssertionError [ERR_ASSERTION]: The expression evaluated to a falsy value:
  
    assert.ok(explainRequirementFit(taskRequirements({platformConstraints:['linux']}),node).reasons.includes('PLATFORM_MISMATCH'))
  
      at TestContext.<anonymous> (file:///D:/Utopia-WBC602-Review/tests/wbc602-review.test.mjs:15:9)
      at Test.runInAsyncScope (node:async_hooks:227:14)
      at Test.run (node:internal/test_runner/test:1382:25)
      at Test.processPendingSubtests (node:internal/test_runner/test:960:18)
      at Test.postRun (node:internal/test_runner/test:1522:19)
      at Test.run (node:internal/test_runner/test:1447:12)
      at async startSubtestAfterBootstrap (node:internal/test_runner/harness:387:3) {
    generatedMessage: true,
    code: 'ERR_ASSERTION',
    actual: false,
    expected: true,
    operator: '==',
    diff: 'simple'
  }

test at tests\wbc602-review.test.mjs:18:1
✖ WBC602 review: malformed requirement arrays yield typed contract refusals (0.298ms)
  AssertionError [ERR_ASSERTION]: Missing expected exception.
      at TestContext.<anonymous> (file:///D:/Utopia-WBC602-Review/tests/wbc602-review.test.mjs:19:64)
      at Test.runInAsyncScope (node:async_hooks:227:14)
      at Test.run (node:internal/test_runner/test:1382:25)
      at Test.processPendingSubtests (node:internal/test_runner/test:960:18)
      at Test.postRun (node:internal/test_runner/test:1522:19)
      at Test.run (node:internal/test_runner/test:1447:12)
      at async Test.processPendingSubtests (node:internal/test_runner/test:960:7) {
    generatedMessage: false,
    code: 'ERR_ASSERTION',
    actual: undefined,
    operator: 'throws',
    diff: 'simple'
  }

test at tests\wbc602-review.test.mjs:21:1
✖ WBC602 review: busy endpoint cannot advertise accepting work (126.161ms)
  AssertionError [ERR_ASSERTION]: Expected values to be strictly equal:
  
  true !== false
  
      at TestContext.<anonymous> (file:///D:/Utopia-WBC602-Review/tests/wbc602-review.test.mjs:22:337)
      at process.processTicksAndRejections (node:internal/process/task_queues:104:5)
      at async Test.run (node:internal/test_runner/test:1389:7)
      at async Test.processPendingSubtests (node:internal/test_runner/test:960:7) {
    generatedMessage: true,
    code: 'ERR_ASSERTION',
    actual: true,
    expected: false,
    operator: 'strictEqual',
    diff: 'simple'
  }

test at tests\wbc602-review.test.mjs:24:1
✖ WBC602 review: explicitly declared multiple worker roles survive real registration and restart (72.9738ms)
  AssertionError [ERR_ASSERTION]: Expected values to be strictly deep-equal:
  + actual - expected
  
    [
      'EXECUTION_NODE',
  -   'VALIDATION_NODE'
    ]
  
      at TestContext.<anonymous> (file:///D:/Utopia-WBC602-Review/tests/wbc602-review.test.mjs:25:328)
      at process.processTicksAndRejections (node:internal/process/task_queues:104:5)
      at async Test.run (node:internal/test_runner/test:1389:7)
      at async Test.processPendingSubtests (node:internal/test_runner/test:960:7) {
    generatedMessage: true,
    code: 'ERR_ASSERTION',
    actual: [ 'EXECUTION_NODE' ],
    expected: [ 'EXECUTION_NODE', 'VALIDATION_NODE' ],
    operator: 'deepStrictEqual',
    diff: 'simple'
  }
