✖ WBC602 review: explicit malformed roles cannot manufacture an execution identity (1.5359ms)
✔ WBC602 review: absent GPU/network observations are unknown, not hardware absence (0.4513ms)
✔ WBC602 review: platform mismatch and measured zero accelerators are distinguished from unknown (0.4492ms)
✔ WBC602 review: malformed requirement arrays yield typed contract refusals (0.3713ms)
✔ WBC602 review: busy endpoint cannot advertise accepting work (160.1705ms)
✔ WBC602 review: explicitly declared multiple worker roles survive real registration and restart (139.1942ms)
ℹ tests 6
ℹ suites 0
ℹ pass 5
ℹ fail 1
ℹ cancelled 0
ℹ skipped 0
ℹ todo 0
ℹ duration_ms 1362.2976

✖ failing tests:

test at tests\wbc602-review.test.mjs:9:1
✖ WBC602 review: explicit malformed roles cannot manufacture an execution identity (1.5359ms)
  AssertionError [ERR_ASSERTION]: Missing expected exception.
      at TestContext.<anonymous> (file:///D:/Utopia-WBC602-Review/tests/wbc602-review.test.mjs:10:56)
      at Test.runInAsyncScope (node:async_hooks:227:14)
      at Test.run (node:internal/test_runner/test:1382:25)
      at Test.start (node:internal/test_runner/test:1242:17)
      at startSubtestAfterBootstrap (node:internal/test_runner/harness:387:17) {
    generatedMessage: false,
    code: 'ERR_ASSERTION',
    actual: undefined,
    operator: 'throws',
    diff: 'simple'
  }
