✔ the role vocabulary is the one the workbook names, and the legacy default is narrow (2.5708ms)
✔ an old node record with no new fields still yields a usable descriptor, and says the role was defaulted (0.6633ms)
✔ the current Alien/Mech/Android role truth is expressible without registering Android as a worker (0.5439ms)
✔ a control surface can never be promoted to a worker by any field it carries (0.4071ms)
✔ a missing measurement is UNKNOWN, never zero and never unavailable (0.3159ms)
✔ real telemetry projects into the descriptor with its own timestamp, without inventing fields (0.2204ms)
✔ a task requirement is never satisfied or failed by telemetry nobody collected (1.1344ms)
✔ availability is told, not derived, and serialization/restart keeps the descriptor stable (0.5009ms)
✔ descriptor validation refuses the shapes that would make a descriptor unusable (0.3856ms)
✔ a node registered with the old payload still registers, claims and completes, and gains a descriptor (192.8889ms)
✔ the descriptor is computed at read time, so a sharing change and fresh telemetry are reflected at once (121.7639ms)
✔ an unknown node has no descriptor, and a control surface is never among the node descriptors (79.9906ms)
✔ strict target still outranks every generic descriptor fact (145.0773ms)
ℹ tests 13
ℹ suites 0
ℹ pass 13
ℹ fail 0
ℹ cancelled 0
ℹ skipped 0
ℹ todo 0
ℹ duration_ms 2501.5997
