✔ each member sees itself first and all City devices by admission name, with real message receipt (3282.0325ms)
✔ real joined devices retain names, appear beside the host and may register only their own worker (269.3914ms)
✔ two members exchange messages with explicit receipt and sender identity cannot be forged (199.6664ms)
✔ member B actually computes a task from A; disabling sharing and revoke prevents further claims (372.8469ms)
✔ new admission cannot take the host or an existing member identity, even with a valid short code (185.9499ms)
✔ an active browser session refresh actually extends expiry while preserving its installation scope (96.0429ms)
✔ local primary control surface can switch only its own computing resources (138.0942ms)
✔ a finished Action is never re-opened by a later observation (2.914ms)
✔ an in-flight Action still follows the City task it is reporting on (0.2265ms)
✔ the reserved GENERAL_AI route answers a typed UNAVAILABLE and never becomes a City task (3.125ms)
✔ a reordered idempotency key is the same request, and a different one is refused (4.4032ms)
✔ versioned authenticated gateway rejects unsafe commands and persists history (225.356ms)
✔ the post-restart resume decision is owned by the migrated checkpoint gate (70.1525ms)
✔ the gateway places work on exactly the nodes its own policy and the Core both accept (1309.6331ms)
✔ an interrupted task is never falsified as success across a gateway restart (65.0058ms)
✔ targeting: an absent or empty target means untargeted, never an error (0.8632ms)
✔ targeting: a malformed target is a typed refusal, not a silently ignored field (0.1805ms)
✔ targeting: the claim rule is total - untargeted always allowed, strict only for the named device (0.1339ms)
✔ targeting: KNOWN, ONLINE and ELIGIBLE are three questions, and only the last one is claimable (0.3022ms)
✔ targeting: a withheld task names the device it is held for and the device that asked (0.7499ms)
✔ targeting: waiting means strict, unfinished and unclaimed (0.1245ms)
✔ MESH-301 step 3: a strict target routes to one device, waits when that device is away, and never reroutes (1588.4154ms)
✔ REX802 a delayed response cannot remove offline guidance or replace another page (910.994ms)
✔ REX802 rolled-back canonical events never enter the trace (91.3298ms)
✔ REX802 member Web surface exposes explicit owner-required guidance (1257.002ms)
✔ REX802 records only supplied resource samples, preserves zero and declared source time (109.3399ms)
Error: CONTROLLED_COMMIT_FAILURE
    at file:///D:/Utopia-REX802/tests/rex802-gateway.test.mjs:4:360
    at Store.atomic (file:///D:/Utopia-REX802/services/dev-gateway/store.mjs:45:62)
    at app.store.atomic (file:///D:/Utopia-REX802/tests/rex802-gateway.test.mjs:4:337)
    at atomicWithTrace (file:///D:/Utopia-REX802/services/dev-gateway/server.mjs:160:93)
    at createCityTask (file:///D:/Utopia-REX802/services/dev-gateway/server.mjs:397:12)
    at Server.<anonymous> (file:///D:/Utopia-REX802/services/dev-gateway/server.mjs:676:13)
    at process.processTicksAndRejections (node:internal/process/task_queues:104:5)
✔ REX802 real Gateway records task references and Web Advanced exposes recording/provenance without secrets (1600.5782ms)
✔ REX802 failing collector cannot break real Gateway task/health and reports partial failure (134.6683ms)
✔ REX802 broken observation clock remains a contained failure (2.3833ms)
✔ REX802 rejects an oversized existing file before rotating or modifying it (8.4843ms)
✔ REX802 rotation remains explicit after restart and restores bounded previous records (16.1231ms)
✔ REX802 pure normalization binds clocks/provenance and retains unknown metrics (1.094ms)
✔ REX802 canonical tap drops arbitrary payload and credentials; explicit measured zero remains zero (0.3396ms)
✔ REX802 recognizes missing, duplicate, reordered and stale timestamp observations (0.373ms)
✔ REX802 storage raw-to-normalized replay is reproducible and restart starts new epoch (7.24ms)
✔ REX802 collector failures and queue bounds are explicit without throwing into callers (1.5537ms)
✔ REX802 hung storage is bounded; queue drop and close do not block indefinitely (56.2636ms)
✔ REX802 early capture waits for restored watermark before normalization (4.6537ms)
✔ REX802 supports rule lifecycle, supervision quality and semantic integration without invented defaults (0.7237ms)
✔ CPU uses elapsed counters and unavailable disk remains null (3.8587ms)
✔ disabled sampler never reads host counters (0.3424ms)
✔ counter reset does not fabricate CPU load and cached sample keeps its timestamp (0.485ms)
✔ native filesystem volume measurement is finite and internally consistent (4.8674ms)
✔ validator accepts unavailable sampler metrics but rejects invalid numeric measurements (1.3004ms)
✔ locale contract: supported tokens, fallback and first-run detection (3.2043ms)
✔ both language packs cover every message key with matching placeholders (4.1172ms)
✔ every fixed Web UI string is present in the language packs (1.299ms)
✔ protocol tokens and City Control state names are never translated (11.9955ms)
✔ web assets only use message keys that exist in the packs (3.7231ms)
✔ badge state and display label stay separate in every locale (2.3219ms)
✔ applyTranslations and setLocale update the document without touching storage contracts (0.6371ms)
✔ translation fills placeholders and time formatting follows the locale (30.3538ms)
✔ Web Settings language switch, persistence and protocol stability (real browser) (2535.4353ms)
ℹ tests 53
ℹ suites 0
ℹ pass 53
ℹ fail 0
ℹ cancelled 0
ℹ skipped 0
ℹ todo 0
ℹ duration_ms 12113.9891
