✖ REX802 a delayed response cannot remove offline guidance or replace another page (1283.9883ms)
Error: CONTROLLED_COMMIT_FAILURE
    at file:///D:/Utopia-REX802/tests/rex802-gateway.test.mjs:4:360
    at Store.atomic (file:///D:/Utopia-REX802/services/dev-gateway/store.mjs:45:62)
    at app.store.atomic (file:///D:/Utopia-REX802/tests/rex802-gateway.test.mjs:4:337)
    at createCityTask (file:///D:/Utopia-REX802/services/dev-gateway/server.mjs:395:18)
    at Server.<anonymous> (file:///D:/Utopia-REX802/services/dev-gateway/server.mjs:674:13)
    at process.processTicksAndRejections (node:internal/process/task_queues:104:5)
✖ REX802 rolled-back canonical events never enter the trace (83.34ms)
✖ REX802 member Web surface exposes explicit owner-required guidance (1112.4673ms)
✔ REX802 records only supplied resource samples, preserves zero and declared source time (91.3864ms)
✔ REX802 real Gateway records task references and Web Advanced exposes recording/provenance without secrets (1269.9656ms)
✔ REX802 failing collector cannot break real Gateway task/health and reports partial failure (104.4915ms)
✔ REX802 broken observation clock remains a contained failure (2.8079ms)
✔ REX802 rejects an oversized existing file before rotating or modifying it (11.155ms)
✖ REX802 rotation remains explicit after restart and restores bounded previous records (23.7915ms)
✔ REX802 pure normalization binds clocks/provenance and retains unknown metrics (1.6249ms)
✔ REX802 canonical tap drops arbitrary payload and credentials; explicit measured zero remains zero (0.4629ms)
✔ REX802 recognizes missing, duplicate, reordered and stale timestamp observations (0.2985ms)
✔ REX802 storage raw-to-normalized replay is reproducible and restart starts new epoch (7.5599ms)
✔ REX802 collector failures and queue bounds are explicit without throwing into callers (1.9167ms)
✔ REX802 hung storage is bounded; queue drop and close do not block indefinitely (56.6674ms)
✔ REX802 early capture waits for restored watermark before normalization (4.8858ms)
✔ REX802 supports rule lifecycle, supervision quality and semantic integration without invented defaults (0.933ms)
ℹ tests 17
ℹ suites 0
ℹ pass 13
ℹ fail 4
ℹ cancelled 0
ℹ skipped 0
ℹ todo 0
ℹ duration_ms 6455.8187

✖ failing tests:

test at tests\rex802-gateway.test.mjs:3:1
✖ REX802 a delayed response cannot remove offline guidance or replace another page (1283.9883ms)
  AssertionError [ERR_ASSERTION]: The input did not match the regular expression /Reconnect|重新连接/. Input:
  
  '研究记录只读查看本城市的观察记录。记录不会创建或执行实验。刷新正在记录 · READY · PARTIAL记录的事件类型: CITY_STARTED实验运行: NOT_OBSERVABLE: recording run is not an experiment execution run测量可用性latencyMs: NOT_OBSERVABLE: no retained measurementbackoffMs: NOT_OBSERVABLE: no retained measurementcpuPercent: NOT_OBSERVABLE: no retained measurementmemoryBytes: NOT_OBSERVABLE: no retained measurementautonomousSpanMs: NOT_OBSERVABLE: no retained measurementtaskTransitionCount: NOT_OBSERVABLE: no retained measurement采集器故障尚未观察到丢弃记录: 0 · 保留窗口已截断: false运行详情软件身份为声明的引用，需要外部验证。缺失测量保持 NOT_OBSERVABLE。{\n' +
    '  "runId": "trace-faf988a0-b35d-4f30-934e-c29423c68241",\n' +
    '  "experimentRunRef": null,\n' +
    '  "counterScope": "CURRENT_COLLECTOR_EPOCH_AND_RETAINED_WINDOW",\n' +
    '  "records": [\n' +
    '    {\n' +
    '      "schemaVersion": 1,\n' +
    '      "transformRef": "research-trace-normalize-v1",\n' +
    '      "sourceDigest": "fc494f9cfa6a93f7bae69fb0db6c4ad5c6f86fce28b44d3c19a195d55700531f",\n' +
    '      "eventId": "944f7f5e-1900-4866-8d2c-8d2148c50dbe",\n' +
    '      "type": "CITY_STARTED",\n' +
    '      "runId": "trace-faf988a0-b35d-4f30-934e-c29423c68241",\n' +
    '      "sourceSeq": 1,\n' +
    '      "timestamp": "2026-10-04T14:49:36.906Z",\n' +
    '      "clocks": {\n' +
    '        "source": "CANONICAL_EVENT_WALL_UTC",\n' +
    '        "sourceSemantics": "event occurrence as declared by source",\n' +
    '        "capturedAt": "2026-10-04T14:49:36.910Z",\n' +
    '        "captureSource": "HOST_WALL_UTC",\n' +
    '        "monotonicNs": "19024252855900",\n' +
    '        "monotonicSource": "PROCESS_HRTIME",\n' +
    '        "epoch": "epoch-ad490153-06b9-4883-9c94-8021b7ac51be"\n' +
    '      },\n' +
    '      "canonicalRefs": {},\n' +
    '      "dimensions": {},\n' +
    '      "provenance": {\n' +
    '        "refSemantics": "DECLARED_EXACT_IDENTITY; external verification required",\n' +
    '        "softwareSha": null,\n' +
    '        "configRef": null,\n' +
    '        "implementationSha": null,\n' +
    '        "reviewSha": null,\n' +
    '        "ciRunId": null,\n' +
    '        "evidenceSha": null\n' +
    '      },\n' +
    '      "metrics": {\n' +
    '        "latencyMs": {\n' +
    '          "value": null,\n' +
    '          "reason": "NOT_OBSERVABLE: measurement not provided"\n' +
    '        },\n' +
    '        "backoffMs": {\n' +
    '          "value": null,\n' +
    '          "reason": "NOT_OBSERVABLE: measurement not provided"\n' +
    '        },\n' +
    '        "cpuPercent": {\n' +
    '          "value": null,\n' +
    '          "reason": "NOT_OBSERVABLE: measurement not provided"\n' +
    '        },\n' +
    '        "memoryBytes": {\n' +
    '          "value": null,\n' +
    '          "reason": "NOT_OBSERVABLE: measurement not provided"\n' +
    '        },\n' +
    '        "autonomousSpanMs": {\n' +
    '          "value": null,\n' +
    '          "reason": "NOT_OBSERVABLE: measurement not provided"\n' +
    '        },\n' +
    '        "taskTransitionCount": {\n' +
    '          "value": null,\n' +
    '          "reason": "NOT_OBSERVABLE: measurement not provided"\n' +
    '        }\n' +
    '      },\n' +
    '      "missingFields": [\n' +
    '        "experimentRef",\n' +
    '        "experimentRunRef",\n' +
    '        "providerRef",\n' +
    '        "modelRef",\n' +
    '        "channelRef",\n' +
    '        "softwareSha",\n' +
    '        "configRef"\n' +
    '      ],\n' +
    '      "annotations": []\n' +
    '    }\n' +
    '  ]\n' +
    '}'
  
      at TestContext.<anonymous> (file:///D:/Utopia-REX802/tests/rex802-gateway.test.mjs:3:1176)
      at async Test.run (node:internal/test_runner/test:1389:7)
      at async startSubtestAfterBootstrap (node:internal/test_runner/harness:387:3) {
    generatedMessage: true,
    code: 'ERR_ASSERTION',
    actual: '研究记录只读查看本城市的观察记录。记录不会创建或执行实验。刷新正在记录 · READY · PARTIAL记录的事件类型: CITY_STARTED实验运行: NOT_OBSERVABLE: recording run is not an experiment execution run测量可用性latencyMs: NOT_OBSERVABLE: no retained measurementbackoffMs: NOT_OBSERVABLE: no retained measurementcpuPercent: NOT_OBSERVABLE: no retained measurementmemoryBytes: NOT_OBSERVABLE: no retained measurementautonomousSpanMs: NOT_OBSERVABLE: no retained measurementtaskTransitionCount: NOT_OBSERVABLE: no retained measurement采集器故障尚未观察到丢弃记录: 0 · 保留窗口已截断: false运行详情软件身份为声明的引用，需要外部验证。缺失测量保持 NOT_OBSERVABLE。{\n  "runId": "trace-faf988a0-b35d-4f30-934e-c29423c68241",\n  "experimentRunRef": null,\n  "counterScope": "CURRENT_COLLECTOR_EPOCH_AND_RETAINED_WINDOW",\n  "records": [\n    {\n      "schemaVersion": 1,\n      "transformRef": "research-trace-normalize-v1",\n      "sourceDigest": "fc494f9cfa6a93f7bae69fb0db6c4ad5c6f86fce28b44d3c19a195d55700531f",\n      "eventId": "944f7f5e-1900-4866-8d2c-8d2148c50dbe",\n      "type": "CITY_STARTED",\n      "runId": "trace-faf988a0-b35d-4f30-934e-c29423c68241",\n      "sourceSeq": 1,\n      "timestamp": "2026-10-04T14:49:36.906Z",\n      "clocks": {\n        "source": "CANONICAL_EVENT_WALL_UTC",\n        "sourceSemantics": "event occurrence as declared by source",\n        "capturedAt": "2026-10-04T14:49:36.910Z",\n        "captureSource": "HOST_WALL_UTC",\n        "monotonicNs": "19024252855900",\n        "monotonicSource": "PROCESS_HRTIME",\n        "epoch": "epoch-ad490153-06b9-4883-9c94-8021b7ac51be"\n      },\n      "canonicalRefs": {},\n      "dimensions": {},\n      "provenance": {\n        "refSemantics": "DECLARED_EXACT_IDENTITY; external verification required",\n        "softwareSha": null,\n        "configRef": null,\n        "implementationSha": null,\n        "reviewSha": null,\n        "ciRunId": null,\n        "evidenceSha": null\n      },\n      "metrics": {\n        "latencyMs": {\n          "value": null,\n          "reason": "NOT_OBSERVABLE: measurement not provided"\n        },\n        "backoffMs": {\n          "value": null,\n          "reason": "NOT_OBSERVABLE: measurement not provided"\n        },\n        "cpuPercent": {\n          "value": null,\n          "reason": "NOT_OBSERVABLE: measurement not provided"\n        },\n        "memoryBytes": {\n          "value": null,\n          "reason": "NOT_OBSERVABLE: measurement not provided"\n        },\n        "autonomousSpanMs": {\n          "value": null,\n          "reason": "NOT_OBSERVABLE: measurement not provided"\n        },\n        "taskTransitionCount": {\n          "value": null,\n          "reason": "NOT_OBSERVABLE: measurement not provided"\n        }\n      },\n      "missingFields": [\n        "experimentRef",\n        "experimentRunRef",\n        "providerRef",\n        "modelRef",\n        "channelRef",\n        "softwareSha",\n        "configRef"\n      ],\n      "annotations": []\n    }\n  ]\n}',
    expected: /Reconnect|重新连接/,
    operator: 'match',
    diff: 'simple'
  }

test at tests\rex802-gateway.test.mjs:4:1
✖ REX802 rolled-back canonical events never enter the trace (83.34ms)
  AssertionError [ERR_ASSERTION]: Expected values to be strictly equal:
  
  2 !== 0
  
      at TestContext.<anonymous> (file:///D:/Utopia-REX802/tests/rex802-gateway.test.mjs:4:629)
      at async Test.run (node:internal/test_runner/test:1389:7)
      at async Test.processPendingSubtests (node:internal/test_runner/test:960:7) {
    generatedMessage: true,
    code: 'ERR_ASSERTION',
    actual: 2,
    expected: 0,
    operator: 'strictEqual',
    diff: 'simple'
  }

test at tests\rex802-gateway.test.mjs:5:1
✖ REX802 member Web surface exposes explicit owner-required guidance (1112.4673ms)
  AssertionError [ERR_ASSERTION]: The input did not match the regular expression /Only the City owner/. Input:
  
  'RESEARCH RECORDING\n' +
    '\n' +
    'Read-only observations from this City. Recording does not create or execute an experiment.\n' +
    '\n' +
    'Refresh\n' +
    '\n' +
    'Research records are unavailable. Refresh or reconnect.'
  
      at TestContext.<anonymous> (file:///D:/Utopia-REX802/tests/rex802-gateway.test.mjs:5:920)
      at async Test.run (node:internal/test_runner/test:1389:7)
      at async Test.processPendingSubtests (node:internal/test_runner/test:960:7) {
    generatedMessage: true,
    code: 'ERR_ASSERTION',
    actual: 'RESEARCH RECORDING\n\nRead-only observations from this City. Recording does not create or execute an experiment.\n\nRefresh\n\nResearch records are unavailable. Refresh or reconnect.',
    expected: /Only the City owner/,
    operator: 'match',
    diff: 'simple'
  }

test at tests\rex802-trace.test.mjs:6:1
✖ REX802 rotation remains explicit after restart and restores bounded previous records (23.7915ms)
  AssertionError [ERR_ASSERTION]: Expected values to be strictly equal:
  
  false !== true
  
      at TestContext.<anonymous> (file:///D:/Utopia-REX802/tests/rex802-trace.test.mjs:6:565)
      at async Test.run (node:internal/test_runner/test:1389:7)
      at async Test.processPendingSubtests (node:internal/test_runner/test:960:7) {
    generatedMessage: true,
    code: 'ERR_ASSERTION',
    actual: false,
    expected: true,
    operator: 'strictEqual',
    diff: 'simple'
  }
