node:internal/modules/esm/resolve:271
    throw new ERR_MODULE_NOT_FOUND(
          ^

Error [ERR_MODULE_NOT_FOUND]: Cannot find module 'D:\Utopia-REX802\services\research-trace\index.mjs' imported from D:\Utopia-REX802\tests\rex802-trace.test.mjs
    at finalizeResolution (node:internal/modules/esm/resolve:271:11)
    at moduleResolve (node:internal/modules/esm/resolve:865:10)
    at defaultResolve (node:internal/modules/esm/resolve:992:11)
    at #cachedDefaultResolve (node:internal/modules/esm/loader:701:20)
    at #resolveAndMaybeBlockOnLoaderThread (node:internal/modules/esm/loader:721:38)
    at ModuleLoader.resolveSync (node:internal/modules/esm/loader:759:56)
    at #resolve (node:internal/modules/esm/loader:683:17)
    at ModuleLoader.getOrCreateModuleJob (node:internal/modules/esm/loader:603:35)
    at ModuleJob.syncLink (node:internal/modules/esm/module_job:163:33)
    at ModuleJob.link (node:internal/modules/esm/module_job:253:17) {
  code: 'ERR_MODULE_NOT_FOUND',
  url: 'file:///D:/Utopia-REX802/services/research-trace/index.mjs'
}

Node.js v24.19.0
✖ tests\rex802-trace.test.mjs (950.4822ms)
ℹ tests 1
ℹ suites 0
ℹ pass 0
ℹ fail 1
ℹ cancelled 0
ℹ skipped 0
ℹ todo 0
ℹ duration_ms 957.9013

✖ failing tests:

test at tests\rex802-trace.test.mjs:1:1
✖ tests\rex802-trace.test.mjs (950.4822ms)
  'test failed'
