✔ REX802 records only supplied resource samples, preserves zero and declared source time (127.3047ms)
✔ REX802 real Gateway records task references and Web Advanced exposes recording/provenance without secrets (1386.1208ms)
✔ REX802 failing collector cannot break real Gateway task/health and reports partial failure (115.3973ms)
✔ REX802 broken observation clock remains a contained failure (3.5544ms)
✔ REX802 rejects an oversized existing file before rotating or modifying it (10.2896ms)
✔ REX802 pure normalization binds clocks/provenance and retains unknown metrics (2.6331ms)
✔ REX802 canonical tap drops arbitrary payload and credentials; explicit measured zero remains zero (0.5314ms)
✔ REX802 recognizes missing, duplicate, reordered and stale timestamp observations (0.8523ms)
✔ REX802 storage raw-to-normalized replay is reproducible and restart starts new epoch (9.0599ms)
✔ REX802 collector failures and queue bounds are explicit without throwing into callers (2.1636ms)
✔ REX802 hung storage is bounded; queue drop and close do not block indefinitely (66.6888ms)
✔ REX802 early capture waits for restored watermark before normalization (6.9936ms)
✔ REX802 supports rule lifecycle, supervision quality and semantic integration without invented defaults (1.2063ms)
ℹ tests 13
ℹ suites 0
ℹ pass 13
ℹ fail 0
ℹ cancelled 0
ℹ skipped 0
ℹ todo 0
ℹ duration_ms 4113.1602
