✖ REX802 real Gateway records task references and Web Advanced exposes recording/provenance without secrets (72.3861ms)
✖ REX802 failing collector cannot break real Gateway task/health and reports partial failure (32.3168ms)
ℹ tests 2
ℹ suites 0
ℹ pass 0
ℹ fail 2
ℹ cancelled 0
ℹ skipped 0
ℹ todo 0
ℹ duration_ms 1412.1235

✖ failing tests:

test at tests\rex802-gateway.test.mjs:3:1
✖ REX802 real Gateway records task references and Web Advanced exposes recording/provenance without secrets (72.3861ms)
  AssertionError [ERR_ASSERTION]: Expected values to be strictly equal:
  
  404 !== 200
  
      at TestContext.<anonymous> (file:///D:/Utopia-REX802/tests/rex802-gateway.test.mjs:3:498)
      at process.processTicksAndRejections (node:internal/process/task_queues:104:5)
      at async Test.run (node:internal/test_runner/test:1389:7)
      at async startSubtestAfterBootstrap (node:internal/test_runner/harness:387:3) {
    generatedMessage: true,
    code: 'ERR_ASSERTION',
    actual: 404,
    expected: 200,
    operator: 'strictEqual',
    diff: 'simple'
  }

test at tests\rex802-gateway.test.mjs:4:1
✖ REX802 failing collector cannot break real Gateway task/health and reports partial failure (32.3168ms)
  AssertionError [ERR_ASSERTION]: Expected values to be strictly equal:
  
  404 !== 200
  
      at TestContext.<anonymous> (file:///D:/Utopia-REX802/tests/rex802-gateway.test.mjs:4:509)
      at process.processTicksAndRejections (node:internal/process/task_queues:104:5)
      at async Test.run (node:internal/test_runner/test:1389:7)
      at async Test.processPendingSubtests (node:internal/test_runner/test:960:7) {
    generatedMessage: true,
    code: 'ERR_ASSERTION',
    actual: 404,
    expected: 200,
    operator: 'strictEqual',
    diff: 'simple'
  }
