✔ REX803 seeds: a run seed is a pure function of the campaign seed and the index (0.9448ms)
✔ REX803 campaign: N repetitions yield exactly N measured outcomes, and warmup is run but never measured (60.0132ms)
✔ REX803 campaign: a timeout and a failure are absences WITH reasons, never silent gaps (86.5105ms)
✔ REX803 campaign: stopping cancels the runs that never happened, each with the operator reason (32.0465ms)
✔ REX803 campaign: an unfinished campaign is refused unless resuming is asked for explicitly (98.7496ms)
✔ REX803 campaign: unknown scenarios, bad repetitions, a busy runner and an unready topology are typed refusals (28.2142ms)
✔ REX803 stop: the cleanups a run registered are fired, so a stop reaches the work and not only the bookkeeping (56.1377ms)
✔ REX803 timeout: a run that never answers is torn down, and its cleanup failure is stated rather than hidden (110.9293ms)
✔ REX803 restart: a campaign left RUNNING by a dead process is recovered as INTERRUPTED, named, and optionally resumed (15.3497ms)
✔ REX803 resume: abandoning an unfinished campaign is an explicit act, and it is recorded on the replacement (32.9013ms)
✔ REX803 limits: declared stop conditions end the campaign early, and every unrun repetition is SKIPPED with that reason (132.45ms)
✔ REX803 receipts: a finished campaign is filed once and the next campaign cannot overwrite it (52.8188ms)
✔ REX805 real canonical original/replay/ablation preserve selected seed and change target policy only (597.9708ms)
✔ REX805 replay API is Owner-only and lists truthful bounded mechanism support (87.164ms)
✔ REX805 an unbounded HTTP campaign remains comparable after runner normalizes absent limits (366.5062ms)
✔ REX805 replay preserves selected seed and input with fresh identities and untouched source (3.0554ms)
✔ REX805 alternate-device ablation changes actual target selection and records exact mechanism (1.0165ms)
✔ REX805 unsupported, ambiguous and ineffective ablations are refused before creating experiments (0.9882ms)
✔ REX805 corrupt source identity, seed, measured outcome and index cannot be laundered into replay (0.8099ms)
✔ REX805 comparisons expose policy difference and reject changed source material (1.1177ms)
✔ REX805 registry persistence failure refuses execution while retaining original (0.288ms)
✔ REX805 unavailable fault conditions and undeclared request switches are refused explicitly (0.3734ms)
✔ REX805 reviewer R1: replay of ablation preserves effective policy and re-ablation refuses (0.9418ms)
✔ REX805 reviewer R2: comparison cannot certify controlled-input or recorded-placement drift (2.5915ms)
✔ REX805 reviewer R3: inconsistent measured source placement refuses before registration (0.3161ms)
✔ REX805 single selected run adjusts the declared success stop without losing failure bounds (0.6044ms)
✔ REX805 comparisons reject fabricated lineage and jointly changed registered references (2.3654ms)
✔ REX806 S1: the owner can read the artifact export and its preview (143.1074ms)
✔ REX806 S2: a member session cannot read the artifact export (126.5604ms)
✔ REX806 S3: the CSV surface matches the module and stays table-ready (76.6365ms)
✔ REX806 S4: the preview is bounded and says so (76.2046ms)
✔ REX806 S5: an export with nothing behind it is refused by name (66.5572ms)
✔ REX806 S6: the owner download retains the enrolled member identities (106.056ms)
✔ REX806 S7: corrupt receipt loss remains visible in full, preview and CSV responses (92.4195ms)
✔ REX806 S8: a 51-receipt City labels its bounded download as partial (128.2584ms)
✔ REX806 S9: corruption between the receipt listing and detail keeps the readable study (93.0093ms)
✔ REX806 verifier accepts justified unavailable completion after canonical task loss (1202.3949ms)
✔ REX806 verifier accepts the published six-decimal failure rate precision (999.1706ms)
✔ REX806 verifier accepts justified unavailable rates for an all-refused study (1009.4806ms)
✔ REX806 V1: the verifier passes an untampered artifact (1005.2464ms)
✔ REX806 verifier accepts real duplicate canonical execution outside the selected run task (990.4713ms)
✔ REX806 verifier rejects a fabricated duplicate count with valid integrity hashes (1003.4954ms)
✔ REX806 verifier rejects task associations outside the canonical source pointers (1023.5345ms)
✔ REX806 verifier rejects counting one canonical task twice even when metrics agree (1233.2877ms)
✔ REX806 V2: a tampered metric value is caught (1029.7197ms)
✔ REX806 V3: an emptied NOT_MEASURED reason is caught (1194.7967ms)
✔ REX806 V4: a missing section is caught (1074.2736ms)
✔ REX806 V5: a changed dataset timestamp is caught (1205.9843ms)
✔ REX806 V6: a fabricated intervention count is caught (1010.2386ms)
✔ REX806 missing canonical tasks remain counted rather than being filtered from convergence (2.1432ms)
✔ REX806 A1: the artifact carries every section the workbook names (2.1871ms)
✔ REX806 A2: every named metric appears, with a value and provenance or NOT_MEASURED and a reason (0.6459ms)
✔ REX806 A3: an unobserved intervention window is NOT_MEASURED, never 0 (0.4675ms)
✔ REX806 A4: an export with no real campaign is refused (0.4197ms)
✔ REX806 A5: the evaluator refuses a value with no provenance and NOT_MEASURED with no reason (0.5025ms)
✔ REX806 A6: every dataset row carries a raw pointer and a seed-placement verdict (0.2527ms)
✔ REX806 A7: checksums cover the exact bytes and change when a byte changes (0.9928ms)
✔ REX806 A8: the paper-ready table leads with G3/G4 and keeps their NOT_MEASURED reasons visible (0.3863ms)
✔ REX806 A9: the artifact separates statistics from narrative and refuses the autonomy inference (0.3995ms)
✔ REX806 A10: richer campaign data does not conjure Owner-side metrics (0.3836ms)
✔ REX806 A11: warmup runs are classified separately from failures (0.2375ms)
✔ REX806 A12: a refused campaign stays visible as undelivered planned runs (0.3177ms)
✔ REX806 A13: an ablation placement is judged against its policy, and the seed comparison is kept separately (0.2398ms)
✔ REX806 CLI retains canonical deviceId members in the downloaded topology (1092.8395ms)
✔ REX806 CLI partial download itself names an unreadable receipt without requiring terminal output (1048.6358ms)
✔ REX806 CLI partial download itself names the latest missing receipt (1106.0422ms)
✔ REX806 CLI exposes a known truncated receipt window as partial (1077.6753ms)
✔ REX806 CLI survives an unreadable detail after a readable listing (1079.3929ms)
ℹ tests 68
ℹ suites 0
ℹ pass 68
ℹ fail 0
ℹ cancelled 0
ℹ skipped 0
ℹ todo 0
ℹ duration_ms 18647.3893
