✔ the default profile is STANDARD_DEVICES and the future profiles are declared but not default (1.4097ms)
✔ a port must be complete before it may be registered, and the missing piece is named (0.8763ms)
✔ readiness refuses to be silent: only READY may omit a reason, and a bad state is typed (0.3057ms)
✔ a registry refuses a second backend for one profile and names the owner (1.3071ms)
✔ a dormant backend is registered but may never serve ordinary work (0.3228ms)
✔ one backend may not silently change the profile it serves (0.1709ms)
✔ an execution endpoint view states that it is a worker, never a control surface (0.215ms)
✔ review: malformed null port is a typed INVALID_BACKEND refusal (0.1222ms)
✔ the role vocabulary is the one the workbook names, and the legacy default is narrow (2.749ms)
✔ an old node record with no new fields still yields a usable descriptor, and says the role was defaulted (0.644ms)
✔ the current Alien/Mech/Android role truth is expressible without registering Android as a worker (0.5409ms)
✔ a control surface can never be promoted to a worker by any field it carries (0.4172ms)
✔ a missing measurement is UNKNOWN, never zero and never unavailable (0.3697ms)
✔ real telemetry projects into the descriptor with its own timestamp, without inventing fields (0.2083ms)
✔ a task requirement is never satisfied or failed by telemetry nobody collected (1.1387ms)
✔ availability is told, not derived, and serialization/restart keeps the descriptor stable (0.5084ms)
✔ descriptor validation refuses the shapes that would make a descriptor unusable (0.3666ms)
✔ a City with no Workbench starts, serves and executes: the seam adds no startup dependency (261.7435ms)
✔ the port and the live route reach the same claim decision on the same facts (125.6916ms)
✔ an offline named device is withheld by the port exactly as the route withholds it (118.176ms)
✔ the City exposes which backend placed the work, and only STANDARD_DEVICES is ever enabled (64.3777ms)
✔ STANDARD_DEVICES is the enabled long-term default and claims exactly the profile it wraps (1.5801ms)
✔ fleet readiness distinguishes "no device at all" from "devices present, none accepting work" (1.8468ms)
✔ an endpoint row is a truthful view: offline, capability-less and sharing-off are different facts (1.0847ms)
✔ claim reproduces the frozen decision for every negative control the pre-seam route covered (1.236ms)
✔ report keeps the same transitions, the same refusals and the same event names (0.8432ms)
✔ dispatch and control refuse honestly instead of pretending the endpoint is ready (0.7797ms)
✔ a probe failure is reported as UNKNOWN rather than being allowed to crash a status read (0.1927ms)
✔ the port refuses to be constructed without the facts it must not invent (0.3623ms)
✔ review: dispatch cannot bypass strict target or handoff reservation (0.3013ms)
✔ review: dispatch cannot transfer an already running task to a different free endpoint (0.2681ms)
✔ review: claim readiness does not say ready when sharing is disabled or endpoint busy (0.2594ms)
✔ review: endpoint readiness and dispatch honor injected canonical Core acceptance (0.225ms)
✔ a node registered with the old payload still registers, claims and completes, and gains a descriptor (230.2947ms)
✔ the descriptor is computed at read time, so a sharing change and fresh telemetry are reflected at once (136.1912ms)
✔ an unknown node has no descriptor, and a control surface is never among the node descriptors (89.719ms)
✔ strict target still outranks every generic descriptor fact (145.0771ms)
✔ WBC602 review: explicit malformed roles cannot manufacture an execution identity (1.5263ms)
✔ WBC602 review: absent GPU/network observations are unknown, not hardware absence (0.3989ms)
✔ WBC602 review: platform mismatch and measured zero accelerators are distinguished from unknown (1.6121ms)
✔ WBC602 review: malformed requirement arrays yield typed contract refusals (0.2199ms)
✔ WBC602 review: busy endpoint cannot advertise accepting work (149.4271ms)
✔ WBC602 review: explicitly declared multiple worker roles survive real registration and restart (135.8516ms)
✔ agent construction has no I/O; drain prevents new claim; canary uses canonical state and result (176.5983ms)
✔ crash and restart use canonical interruption refusal rather than duplicate execution (138.7149ms)
✔ unknown protocol and unavailable adapter are typed refusals without a startup loop (0.9198ms)
✔ executor failure after progress remains canonical FAILED and drain permits held completion (204.0022ms)
✔ cancel aborts held executor and late result never replaces terminal state (124.0216ms)
✔ pool registers dormant without adapter or I/O and refuses direct or registry work (3.4848ms)
✔ explicit pool narrows canonical endpoints by membership, role and descriptor readiness (1.0611ms)
✔ enabled pool with missing canonical adapter fails typed unavailable (0.1933ms)
✔ pool control must not cancel work held by an unrelated standard endpoint (0.2315ms)
ℹ tests 52
ℹ suites 0
ℹ pass 52
ℹ fail 0
ℹ cancelled 0
ℹ skipped 0
ℹ todo 0
ℹ duration_ms 7438.1209
