✔ the default profile is STANDARD_DEVICES and the future profiles are declared but not default (1.4323ms)
✔ a port must be complete before it may be registered, and the missing piece is named (0.9221ms)
✔ readiness refuses to be silent: only READY may omit a reason, and a bad state is typed (0.3435ms)
✔ a registry refuses a second backend for one profile and names the owner (2.0626ms)
✔ a dormant backend is registered but may never serve ordinary work (0.3742ms)
✔ one backend may not silently change the profile it serves (0.1803ms)
✔ an execution endpoint view states that it is a worker, never a control surface (0.2645ms)
✔ review: malformed null port is a typed INVALID_BACKEND refusal (0.1345ms)
✔ the role vocabulary is the one the workbook names, and the legacy default is narrow (2.3786ms)
✔ an old node record with no new fields still yields a usable descriptor, and says the role was defaulted (0.7324ms)
✔ the current Alien/Mech/Android role truth is expressible without registering Android as a worker (0.5838ms)
✔ a control surface can never be promoted to a worker by any field it carries (0.4289ms)
✔ a missing measurement is UNKNOWN, never zero and never unavailable (0.3921ms)
✔ real telemetry projects into the descriptor with its own timestamp, without inventing fields (0.2155ms)
✔ a task requirement is never satisfied or failed by telemetry nobody collected (1.1853ms)
✔ availability is told, not derived, and serialization/restart keeps the descriptor stable (0.5171ms)
✔ descriptor validation refuses the shapes that would make a descriptor unusable (0.3979ms)
✔ a City with no Workbench starts, serves and executes: the seam adds no startup dependency (249.309ms)
✔ the port and the live route reach the same claim decision on the same facts (124.5049ms)
✔ an offline named device is withheld by the port exactly as the route withholds it (132.1988ms)
✔ the City exposes which backend placed the work, and only STANDARD_DEVICES is ever enabled (68.4538ms)
✔ STANDARD_DEVICES is the enabled long-term default and claims exactly the profile it wraps (1.7239ms)
✔ fleet readiness distinguishes "no device at all" from "devices present, none accepting work" (2.0122ms)
✔ an endpoint row is a truthful view: offline, capability-less and sharing-off are different facts (0.3594ms)
✔ claim reproduces the frozen decision for every negative control the pre-seam route covered (1.9932ms)
✔ report keeps the same transitions, the same refusals and the same event names (0.897ms)
✔ dispatch and control refuse honestly instead of pretending the endpoint is ready (0.865ms)
✔ a probe failure is reported as UNKNOWN rather than being allowed to crash a status read (0.2966ms)
✔ the port refuses to be constructed without the facts it must not invent (0.5313ms)
✔ review: dispatch cannot bypass strict target or handoff reservation (0.5362ms)
✔ review: dispatch cannot transfer an already running task to a different free endpoint (0.2934ms)
✔ review: claim readiness does not say ready when sharing is disabled or endpoint busy (0.2609ms)
✔ review: endpoint readiness and dispatch honor injected canonical Core acceptance (0.2299ms)
✔ a node registered with the old payload still registers, claims and completes, and gains a descriptor (193.7685ms)
✔ the descriptor is computed at read time, so a sharing change and fresh telemetry are reflected at once (152.2991ms)
✔ an unknown node has no descriptor, and a control surface is never among the node descriptors (77.4492ms)
✔ strict target still outranks every generic descriptor fact (145.4916ms)
✔ WBC602 review: explicit malformed roles cannot manufacture an execution identity (1.5228ms)
✔ WBC602 review: absent GPU/network observations are unknown, not hardware absence (0.384ms)
✔ WBC602 review: platform mismatch and measured zero accelerators are distinguished from unknown (1.079ms)
✔ WBC602 review: malformed requirement arrays yield typed contract refusals (0.1993ms)
✔ WBC602 review: busy endpoint cannot advertise accepting work (167.8475ms)
✔ WBC602 review: explicitly declared multiple worker roles survive real registration and restart (137.3839ms)
✔ agent construction has no I/O; drain prevents new claim; canary uses canonical state and result (175.8373ms)
✔ crash and restart use canonical interruption refusal rather than duplicate execution (145.4873ms)
✔ unknown protocol and unavailable adapter are typed refusals without a startup loop (0.8947ms)
✔ executor failure after progress remains canonical FAILED and drain permits held completion (193.6379ms)
✔ cancel aborts held executor and late result never replaces terminal state (142.2535ms)
✔ delayed old-task cancel cannot abort a later task or admit work while control pending (18.4104ms)
✔ stop during unresolved claim refuses busy and preserves assignment for subsequent stop (15.8923ms)
✔ explicit bounded pool adapter executes canonical canary, then absent pool leaves standard work usable (202.7982ms)
✔ pool registers dormant without adapter or I/O and refuses direct or registry work (3.1936ms)
✔ explicit pool narrows canonical endpoints by membership, role and descriptor readiness (1.0191ms)
✔ enabled pool with missing canonical adapter fails typed unavailable (0.1877ms)
✔ pool control must not cancel work held by an unrelated standard endpoint (0.233ms)
ℹ tests 55
ℹ suites 0
ℹ pass 55
ℹ fail 0
ℹ cancelled 0
ℹ skipped 0
ℹ todo 0
ℹ duration_ms 7427.5301
