✔ the default profile is STANDARD_DEVICES and the future profiles are declared but not default (1.4157ms)
✔ a port must be complete before it may be registered, and the missing piece is named (1.0057ms)
✔ readiness refuses to be silent: only READY may omit a reason, and a bad state is typed (0.327ms)
✔ a registry refuses a second backend for one profile and names the owner (1.3815ms)
✔ a dormant backend is registered but may never serve ordinary work (0.3635ms)
✔ one backend may not silently change the profile it serves (0.1781ms)
✔ an execution endpoint view states that it is a worker, never a control surface (0.2291ms)
✔ review: malformed null port is a typed INVALID_BACKEND refusal (0.1313ms)
✔ the role vocabulary is the one the workbook names, and the legacy default is narrow (2.4052ms)
✔ an old node record with no new fields still yields a usable descriptor, and says the role was defaulted (0.6213ms)
✔ the current Alien/Mech/Android role truth is expressible without registering Android as a worker (0.7428ms)
✔ a control surface can never be promoted to a worker by any field it carries (0.5198ms)
✔ a missing measurement is UNKNOWN, never zero and never unavailable (0.404ms)
✔ real telemetry projects into the descriptor with its own timestamp, without inventing fields (0.2151ms)
✔ a task requirement is never satisfied or failed by telemetry nobody collected (1.2205ms)
✔ availability is told, not derived, and serialization/restart keeps the descriptor stable (0.5076ms)
✔ descriptor validation refuses the shapes that would make a descriptor unusable (0.3674ms)
✔ a City with no Workbench starts, serves and executes: the seam adds no startup dependency (277.6579ms)
✔ the port and the live route reach the same claim decision on the same facts (111.2286ms)
✔ an offline named device is withheld by the port exactly as the route withholds it (136.7844ms)
✔ the City exposes which backend placed the work, and only STANDARD_DEVICES is ever enabled (70.0395ms)
✔ STANDARD_DEVICES is the enabled long-term default and claims exactly the profile it wraps (2.567ms)
✔ fleet readiness distinguishes "no device at all" from "devices present, none accepting work" (1.7675ms)
✔ an endpoint row is a truthful view: offline, capability-less and sharing-off are different facts (0.3576ms)
✔ claim reproduces the frozen decision for every negative control the pre-seam route covered (1.9067ms)
✔ report keeps the same transitions, the same refusals and the same event names (0.8613ms)
✔ dispatch and control refuse honestly instead of pretending the endpoint is ready (0.9168ms)
✔ a probe failure is reported as UNKNOWN rather than being allowed to crash a status read (0.2176ms)
✔ the port refuses to be constructed without the facts it must not invent (0.3805ms)
✔ review: dispatch cannot bypass strict target or handoff reservation (0.3586ms)
✔ review: dispatch cannot transfer an already running task to a different free endpoint (0.3143ms)
✔ review: claim readiness does not say ready when sharing is disabled or endpoint busy (0.2921ms)
✔ review: endpoint readiness and dispatch honor injected canonical Core acceptance (0.2677ms)
✔ a node registered with the old payload still registers, claims and completes, and gains a descriptor (231.6992ms)
✔ the descriptor is computed at read time, so a sharing change and fresh telemetry are reflected at once (139.7942ms)
✔ an unknown node has no descriptor, and a control surface is never among the node descriptors (93.5694ms)
✔ strict target still outranks every generic descriptor fact (144.3339ms)
✔ WBC602 review: explicit malformed roles cannot manufacture an execution identity (1.4623ms)
✔ WBC602 review: absent GPU/network observations are unknown, not hardware absence (0.365ms)
✔ WBC602 review: platform mismatch and measured zero accelerators are distinguished from unknown (1.0167ms)
✔ WBC602 review: malformed requirement arrays yield typed contract refusals (0.2212ms)
✔ WBC602 review: busy endpoint cannot advertise accepting work (166.4979ms)
✔ WBC602 review: explicitly declared multiple worker roles survive real registration and restart (137.2425ms)
✔ agent construction has no I/O; drain prevents new claim; canary uses canonical state and result (178.9114ms)
✖ crash and restart use canonical interruption refusal rather than duplicate execution (122.8158ms)
✔ unknown protocol and unavailable adapter are typed refusals without a startup loop (1.2697ms)
✔ executor failure after progress remains canonical FAILED and drain permits held completion (190.8965ms)
✔ cancel aborts held executor and late result never replaces terminal state (124.8185ms)
✔ pool registers dormant without adapter or I/O and refuses direct or registry work (3.424ms)
✔ explicit pool narrows canonical endpoints by membership, role and descriptor readiness (1.0503ms)
✔ enabled pool with missing canonical adapter fails typed unavailable (0.1772ms)
✔ pool control must not cancel work held by an unrelated standard endpoint (0.2146ms)
ℹ tests 52
ℹ suites 0
ℹ pass 51
ℹ fail 1
ℹ cancelled 0
ℹ skipped 0
ℹ todo 0
ℹ duration_ms 7443.4998

✖ failing tests:

test at tests\wbc603-headless-agent.test.mjs:9:1
✖ crash and restart use canonical interruption refusal rather than duplicate execution (122.8158ms)
  AssertionError [ERR_ASSERTION]: Expected values to be strictly equal:
  
  0 !== 1
  
      at file:///D:/Utopia-WBC603/tests/wbc603-headless-agent.test.mjs:10:524
      at process.processTicksAndRejections (node:internal/process/task_queues:104:5)
      at async fixture (file:///D:/Utopia-WBC603/tests/wbc603-headless-agent.test.mjs:4:692)
      at async Test.run (node:internal/test_runner/test:1389:7)
      at async Test.processPendingSubtests (node:internal/test_runner/test:960:7) {
    generatedMessage: true,
    code: 'ERR_ASSERTION',
    actual: 0,
    expected: 1,
    operator: 'strictEqual',
    diff: 'simple'
  }
