✔ the default profile is STANDARD_DEVICES and the future profiles are declared but not default (1.373ms)
✔ a port must be complete before it may be registered, and the missing piece is named (0.9072ms)
✔ readiness refuses to be silent: only READY may omit a reason, and a bad state is typed (0.3071ms)
✔ a registry refuses a second backend for one profile and names the owner (1.3779ms)
✔ a dormant backend is registered but may never serve ordinary work (0.3331ms)
✔ one backend may not silently change the profile it serves (0.1819ms)
✔ an execution endpoint view states that it is a worker, never a control surface (0.24ms)
✔ review: malformed null port is a typed INVALID_BACKEND refusal (0.1453ms)
✔ the role vocabulary is the one the workbook names, and the legacy default is narrow (2.3537ms)
✔ an old node record with no new fields still yields a usable descriptor, and says the role was defaulted (0.6454ms)
✔ the current Alien/Mech/Android role truth is expressible without registering Android as a worker (0.5778ms)
✔ a control surface can never be promoted to a worker by any field it carries (0.409ms)
✔ a missing measurement is UNKNOWN, never zero and never unavailable (0.3795ms)
✔ real telemetry projects into the descriptor with its own timestamp, without inventing fields (0.2231ms)
✔ a task requirement is never satisfied or failed by telemetry nobody collected (1.1587ms)
✔ availability is told, not derived, and serialization/restart keeps the descriptor stable (0.5117ms)
✔ descriptor validation refuses the shapes that would make a descriptor unusable (0.3712ms)
✔ STANDARD_DEVICES is the enabled long-term default and claims exactly the profile it wraps (1.574ms)
✔ fleet readiness distinguishes "no device at all" from "devices present, none accepting work" (1.6866ms)
✔ an endpoint row is a truthful view: offline, capability-less and sharing-off are different facts (0.342ms)
✔ claim reproduces the frozen decision for every negative control the pre-seam route covered (1.743ms)
✔ report keeps the same transitions, the same refusals and the same event names (0.9104ms)
✔ dispatch and control refuse honestly instead of pretending the endpoint is ready (0.8019ms)
✔ a probe failure is reported as UNKNOWN rather than being allowed to crash a status read (0.1927ms)
✔ the port refuses to be constructed without the facts it must not invent (0.358ms)
✔ review: dispatch cannot bypass strict target or handoff reservation (0.4384ms)
✔ review: dispatch cannot transfer an already running task to a different free endpoint (0.2985ms)
✔ review: claim readiness does not say ready when sharing is disabled or endpoint busy (0.2558ms)
✔ review: endpoint readiness and dispatch honor injected canonical Core acceptance (0.2228ms)
✔ a node registered with the old payload still registers, claims and completes, and gains a descriptor (207.805ms)
✔ the descriptor is computed at read time, so a sharing change and fresh telemetry are reflected at once (138.0369ms)
✔ an unknown node has no descriptor, and a control surface is never among the node descriptors (80.6562ms)
✔ strict target still outranks every generic descriptor fact (129.1663ms)
✔ WBC602 review: explicit malformed roles cannot manufacture an execution identity (1.4413ms)
✔ WBC602 review: absent GPU/network observations are unknown, not hardware absence (0.3767ms)
✔ WBC602 review: platform mismatch and measured zero accelerators are distinguished from unknown (0.4109ms)
✔ WBC602 review: malformed requirement arrays yield typed contract refusals (0.1889ms)
✔ WBC602 review: busy endpoint cannot advertise accepting work (157.2641ms)
✔ WBC602 review: explicitly declared multiple worker roles survive real registration and restart (123.2278ms)
ℹ tests 39
ℹ suites 0
ℹ pass 39
ℹ fail 0
ℹ cancelled 0
ℹ skipped 0
ℹ todo 0
ℹ duration_ms 4900.7019
