✔ Alien CPU: Windows warmup must not publish the loadavg placeholder zero (1.248ms)
✔ Alien CPU: Windows samples a real counter interval instead of loadavg zeros (0.2631ms)
✔ Alien CPU: counter reset is unknown and reestablishes the next interval (0.7932ms)
✔ Alien CPU: absent or unchanged counters never claim an observed zero (0.2621ms)
✔ PCF-701 T1: missing, NaN, negative and wrong-unit values never become 0 (1.8359ms)
✔ PCF-701 T2: an out-of-order sample does not overwrite a newer value (0.3379ms)
✔ PCF-701 T3: a sample from another boot epoch is not mixed into this boot (0.1658ms)
✔ PCF-701 T4: a backwards clock cannot keep stale data fresh (0.9266ms)
✔ PCF-701 T5: freshness at a later time expires, and a rewound caller clock cannot resurrect it (0.4329ms)
✔ PCF-701 T6: an absent optional adapter is UNSUPPORTED, not zero (0.1788ms)
✔ PCF-701 T7: a probe that never returns does not freeze the executor (36.8088ms)
✔ PCF-701 T8: a failed sampler is reported, and still no value is invented (0.4173ms)
✔ PCF-701 T9: the buffer is bounded and its drops are visible (0.3744ms)
✔ PCF-701 T10: collection is rate limited and a throttled call does not probe (0.4301ms)
✔ PCF-701 T11: measurement overhead is measured, not guessed (0.3033ms)
✔ PCF-701 T12: only authorised surfaces are ever looked at (0.775ms)
✔ PCF-701 T14: total, free, reserved and in-use are separate facts, and one bad facet fails alone (0.2997ms)
✔ PCF-701 T15: a free figure larger than its total is refused as two unusable numbers (0.201ms)
✔ PCF-701 T16: the system adapter reports what it can read and names what it cannot (3.9596ms)
✔ PCF-701 T17: an unavailable adapter keeps its dimensions named instead of dropping them (0.293ms)
✔ PCF-701 T18: latency belongs to a PATH, and an unmeasured path is never 0 ms (0.7853ms)
✔ PCF-701 T19: a probe that hangs or lies becomes a bounded failure with growing backoff (89.1723ms)
✖ PCF-701 T20: throughput is measured by moving bytes, never inferred from latency (1.534ms)
✔ PCF-701 T21: a queue with no declared source is UNSUPPORTED, never zero (0.4525ms)
✔ PCF-701 T22: occupancy is the runtime’s own responsiveness, measured or declared unsupported (1.6193ms)
✔ PCF-701 T13: the same sample and context always produce the same observation (replayable) (0.6457ms)
ℹ tests 26
ℹ suites 0
ℹ pass 25
ℹ fail 1
ℹ cancelled 0
ℹ skipped 0
ℹ todo 0
ℹ duration_ms 2016.5117

✖ failing tests:

test at tests\pcf701-telemetry.test.mjs:340:1
✖ PCF-701 T20: throughput is measured by moving bytes, never inferred from latency (1.534ms)
  AssertionError [ERR_ASSERTION]: Expected values to be strictly equal:
  + actual - expected
  
  + 'MEASURED'
  - 'FAILED'
  
      at TestContext.<anonymous> (file:///D:/Utopia-tree/PCF-700-790/Utopia-PCF701-Alien-Review/tests/pcf701-telemetry.test.mjs:355:10)
      at async Test.run (node:internal/test_runner/test:1389:7)
      at async Test.processPendingSubtests (node:internal/test_runner/test:960:7) {
    generatedMessage: true,
    code: 'ERR_ASSERTION',
    actual: 'MEASURED',
    expected: 'FAILED',
    operator: 'strictEqual',
    diff: 'simple'
  }
