✔ Alien CPU: Windows warmup must not publish the loadavg placeholder zero (1.241ms)
✔ Alien CPU: Windows samples a real counter interval instead of loadavg zeros (0.2609ms)
✔ Alien CPU: counter reset is unknown and reestablishes the next interval (0.7758ms)
✔ Alien CPU: absent or unchanged counters never claim an observed zero (0.2622ms)
✔ PCF-701 T1: missing, NaN, negative and wrong-unit values never become 0 (1.833ms)
✔ PCF-701 T2: an out-of-order sample does not overwrite a newer value (0.3338ms)
✔ PCF-701 T3: a sample from another boot epoch is not mixed into this boot (0.1631ms)
✔ PCF-701 T4: a backwards clock cannot keep stale data fresh (0.3798ms)
✔ PCF-701 T5: freshness at a later time expires, and a rewound caller clock cannot resurrect it (1.0306ms)
✔ PCF-701 T6: an absent optional adapter is UNSUPPORTED, not zero (0.1928ms)
✔ PCF-701 T7: a probe that never returns does not freeze the executor (36.783ms)
✔ PCF-701 T8: a failed sampler is reported, and still no value is invented (0.4158ms)
✔ PCF-701 T9: the buffer is bounded and its drops are visible (0.3908ms)
✔ PCF-701 T10: collection is rate limited and a throttled call does not probe (0.4333ms)
✔ PCF-701 T11: measurement overhead is measured, not guessed (0.301ms)
✔ PCF-701 T12: only authorised surfaces are ever looked at (0.7699ms)
✔ PCF-701 T14: total, free, reserved and in-use are separate facts, and one bad facet fails alone (0.3042ms)
✖ PCF-701 T15: a free figure larger than its total is refused as two unusable numbers (0.8475ms)
✔ PCF-701 T16: the system adapter reports what it can read and names what it cannot (4.5233ms)
✔ PCF-701 T17: an unavailable adapter keeps its dimensions named instead of dropping them (0.2587ms)
✔ PCF-701 T18: latency belongs to a PATH, and an unmeasured path is never 0 ms (0.7575ms)
✔ PCF-701 T19: a probe that hangs or lies becomes a bounded failure with growing backoff (86.6111ms)
✔ PCF-701 T20: throughput is measured by moving bytes, never inferred from latency (39.9713ms)
✔ PCF-701 T21: a queue with no declared source is UNSUPPORTED, never zero (0.5791ms)
✔ PCF-701 T22: occupancy is the runtime’s own responsiveness, measured or declared unsupported (1.5995ms)
✔ PCF-701 T13: the same sample and context always produce the same observation (replayable) (0.6152ms)
ℹ tests 26
ℹ suites 0
ℹ pass 25
ℹ fail 1
ℹ cancelled 0
ℹ skipped 0
ℹ todo 0
ℹ duration_ms 2046.7828

✖ failing tests:

test at tests\pcf701-telemetry.test.mjs:231:1
✖ PCF-701 T15: a free figure larger than its total is refused as two unusable numbers (0.8475ms)
  AssertionError [ERR_ASSERTION]: memory.total must carry the contradiction
  + actual - expected
  
  + undefined
  - 'FACET_INCONSISTENT'
  
      at TestContext.<anonymous> (file:///D:/Utopia-tree/PCF-700-790/Utopia-PCF701-Alien-Review/tests/pcf701-telemetry.test.mjs:234:12)
      at Test.runInAsyncScope (node:async_hooks:227:14)
      at Test.run (node:internal/test_runner/test:1382:25)
      at Test.processPendingSubtests (node:internal/test_runner/test:960:18)
      at Test.postRun (node:internal/test_runner/test:1522:19)
      at Test.run (node:internal/test_runner/test:1447:12)
      at async Test.processPendingSubtests (node:internal/test_runner/test:960:7) {
    generatedMessage: false,
    code: 'ERR_ASSERTION',
    actual: undefined,
    expected: 'FACET_INCONSISTENT',
    operator: 'strictEqual',
    diff: 'simple'
  }
