✔ theme artifact store degrades on an uncreatable root and refuses typed instead of throwing (4.6415ms)
✔ a store that breaks after startup is recorded, and losing it cannot erase a finished build (3.3799ms)
✔ a file at the theme-packages path leaves the City serving and the theme lab typed-failed (2114.9593ms)
✔ degrading the artifact store blocks only the theme lab, never the capability registry (111.2377ms)
✔ a store that breaks while the City runs is reported in health, not only after a restart (2306.292ms)
✔ CEX790 current audit includes reversed routes, owner controls, catalogs and branch-scoped YAML candidates (2764.698ms)
✔ Alien independently constructs all workbook negative cases and restart seed consistency (208.5516ms)
✔ a manifest with only a movable branch must not pass exact software provenance validation (104.5557ms)
✔ two equal host references are one physical host, not a TWO_HOST_MESH (93.6404ms)
✔ an experiment can be listed, validated, registered, inspected, seeded — without ever being run (242.1134ms)
✔ the research routes require the control credential: a worker cannot certify the experiment it runs (101.4229ms)
✔ an invalid manifest is refused with every issue at once, and the rejection is stored as evidence (98.9574ms)
✔ manifests survive a gateway restart, and a broken file is reported instead of silently dropped (150.571ms)
✔ the registry itself refuses task-domain keys and never offers an update (3.1894ms)
✔ CEX790 Web reports validated but unfiled registration and degraded store (2049.4964ms)
✔ Web Research discovers imports validates registers and inspects canonical experiments without running (2945.4024ms)
✔ a failed list refresh cannot hide a successful canonical registration (2314.5383ms)
✔ REX801 store guard: a file where research (the registry parent) belongs cannot stop the City (151.6673ms)
✔ REX801 store guard: a file where research/experiments (the registry itself) belongs cannot stop the City (89.8284ms)
✔ REX802 a delayed response cannot remove offline guidance or replace another page (1228.7368ms)
✔ REX802 rolled-back canonical events never enter the trace (91.0293ms)
✔ REX802 member Web surface exposes explicit owner-required guidance (1667.1803ms)
✔ REX802 records only supplied resource samples, preserves zero and declared source time (112.7435ms)
✔ REX802 real Gateway records task references and Web Advanced exposes recording/provenance without secrets (1616.8998ms)
✔ REX802 failing collector cannot break real Gateway task/health and reports partial failure (137.3138ms)
Error: CONTROLLED_COMMIT_FAILURE
    at file:///D:/Utopia-REX803-Review/tests/rex802-gateway.test.mjs:4:360
    at Store.atomic (file:///D:/Utopia-REX803-Review/services/dev-gateway/store.mjs:59:62)
    at app.store.atomic (file:///D:/Utopia-REX803-Review/tests/rex802-gateway.test.mjs:4:337)
    at atomicWithTrace (file:///D:/Utopia-REX803-Review/services/dev-gateway/server.mjs:187:93)
    at createCityTask (file:///D:/Utopia-REX803-Review/services/dev-gateway/server.mjs:462:12)
    at Server.<anonymous> (file:///D:/Utopia-REX803-Review/services/dev-gateway/server.mjs:1006:13)
    at process.processTicksAndRejections (node:internal/process/task_queues:104:5)
✔ REX802 external resource clocks cannot change canonical sequence time ordering (7.0161ms)
✔ REX802 broken observation clock remains a contained failure (1.0299ms)
✔ REX802 rejects an oversized existing file before rotating or modifying it (17.2177ms)
✔ REX802 rotation remains explicit after restart and restores bounded previous records (29.6677ms)
✔ REX802 pure normalization binds clocks/provenance and retains unknown metrics (3.5388ms)
✔ REX802 canonical tap drops arbitrary payload and credentials; explicit measured zero remains zero (0.5843ms)
✔ REX802 recognizes missing, duplicate, reordered and stale timestamp observations (0.5863ms)
✔ REX802 storage raw-to-normalized replay is reproducible and restart starts new epoch (10.2366ms)
✔ REX802 collector failures and queue bounds are explicit without throwing into callers (2.348ms)
✔ REX802 hung storage is bounded; queue drop and close do not block indefinitely (54.8968ms)
✔ REX802 early capture waits for restored watermark before normalization (6.9047ms)
✔ REX802 supports rule lifecycle, supervision quality and semantic integration without invented defaults (1.2781ms)
✔ REX803 adversarial R-1: a blocked receipt store degrades the campaign surface instead of failing it (286.3987ms)
✔ REX803 adversarial R-2: a canonical task cancelled from outside the campaign is CANCELLED, not FAILED (206.1279ms)
✔ REX803 Alien: malformed interrupted state degrades instead of preventing construction (9.0975ms)
✔ REX803 Alien: resume cannot rename the scenario while executing the old campaign (4.0107ms)
✔ REX803 Alien: a timed-out run keeps its own cleanup scope after the next run begins (107.6315ms)
✔ REX803 Alien: contradictory run measurement cannot manufacture an early successful stop (5.3631ms)
✔ REX803 campaigns: every repetition is a real canonical task, and the receipt accounts for all of them (397.3599ms)
✔ REX803 campaigns: the surface is owner-only, and every refusal is typed (221.9642ms)
✔ REX803 campaigns: the topology gate is measured against live refs, and its refusal states what was missing (93.1728ms)
✔ REX803 campaigns: stopping cancels the canonical task the run had already created (253.2143ms)
✔ REX803 web: the owner runs a real campaign and every repetition without a measurement shows its reason (3888.0253ms)
✔ REX803 web: a member is told the campaign surface is the owner's, and is offered no controls (1351.1476ms)
✔ critic: unavailable topology on resume preserves original unfinished campaign (12.2717ms)
✔ critic: resume readiness checks persisted execution context (5.8082ms)
✔ critic: malformed persisted bounds cannot bypass resumed repetition and timeout limits (4.288ms)
✔ critic: bounded close uses elapsed wall time with frozen research clock (46.6856ms)
✔ REX803 seeds: a run seed is a pure function of the campaign seed and the index (0.9521ms)
✔ REX803 campaign: N repetitions yield exactly N measured outcomes, and warmup is run but never measured (88.2022ms)
✔ REX803 campaign: a timeout and a failure are absences WITH reasons, never silent gaps (90.7876ms)
✔ REX803 campaign: stopping cancels the runs that never happened, each with the operator reason (47.2603ms)
✔ REX803 campaign: an unfinished campaign is refused unless resuming is asked for explicitly (95.7428ms)
✔ REX803 campaign: unknown scenarios, bad repetitions, a busy runner and an unready topology are typed refusals (30.8545ms)
✔ REX803 stop: the cleanups a run registered are fired, so a stop reaches the work and not only the bookkeeping (81.2539ms)
✔ REX803 timeout: a run that never answers is torn down, and its cleanup failure is stated rather than hidden (105.8289ms)
✔ REX803 restart: a campaign left RUNNING by a dead process is recovered as INTERRUPTED, named, and optionally resumed (16.2136ms)
✔ REX803 resume: abandoning an unfinished campaign is an explicit act, and it is recorded on the replacement (30.9274ms)
✔ REX803 limits: declared stop conditions end the campaign early, and every unrun repetition is SKIPPED with that reason (190.3862ms)
✔ REX803 receipts: a finished campaign is filed once and the next campaign cannot overwrite it (45.5785ms)
✔ REX803 L6: the receipt list is ordered by AGE, not by a random identifier in the filename (10.0515ms)
✔ REX803 L1b: the receipt list says how many campaigns exist beyond the bound (7.9229ms)
✔ REX803 L7: a runner that has been closed refuses new work instead of starting a campaign (1.9561ms)
✔ REX803 positive control: a normal campaign still plans, measures and files exactly once (64.363ms)
✔ REX803 rehearsal: with TWO workers every repetition is TARGETED by its derived seed, not left to claim order (518.5875ms)
✔ REX803 rehearsal: the observed assignment equals the declared rule, and both workers are used (530.7715ms)
ℹ tests 71
ℹ suites 0
ℹ pass 71
ℹ fail 0
ℹ cancelled 0
ℹ skipped 0
ℹ todo 0
ℹ duration_ms 19747.8751
