✔ Alien independently constructs all workbook negative cases and restart seed consistency (146.145ms)
✔ a manifest with only a movable branch must not pass exact software provenance validation (38.5763ms)
✔ two equal host references are one physical host, not a TWO_HOST_MESH (34.0167ms)
✔ an experiment can be listed, validated, registered, inspected, seeded — without ever being run (210.0514ms)
✔ the research routes require the control credential: a worker cannot certify the experiment it runs (53.0964ms)
✔ an invalid manifest is refused with every issue at once, and the rejection is stored as evidence (50.0878ms)
✔ manifests survive a gateway restart, and a broken file is reported instead of silently dropped (90.7788ms)
✔ the registry itself refuses task-domain keys and never offers an update (3.3388ms)
✔ Web Research discovers imports validates registers and inspects canonical experiments without running (2471.2651ms)
✔ a failed list refresh cannot hide a successful canonical registration (2717.4654ms)
✔ REX802 a delayed response cannot remove offline guidance or replace another page (1012.6268ms)
✔ REX802 rolled-back canonical events never enter the trace (43.8757ms)
✔ REX802 member Web surface exposes explicit owner-required guidance (1594.4175ms)
✔ REX802 records only supplied resource samples, preserves zero and declared source time (67.373ms)
✔ REX802 real Gateway records task references and Web Advanced exposes recording/provenance without secrets (1449.8735ms)
✔ REX802 failing collector cannot break real Gateway task/health and reports partial failure (77.443ms)
Error: CONTROLLED_COMMIT_FAILURE
    at file:///D:/Utopia-REX803-Review/tests/rex802-gateway.test.mjs:4:360
    at Store.atomic (file:///D:/Utopia-REX803-Review/services/dev-gateway/store.mjs:59:62)
    at app.store.atomic (file:///D:/Utopia-REX803-Review/tests/rex802-gateway.test.mjs:4:337)
    at atomicWithTrace (file:///D:/Utopia-REX803-Review/services/dev-gateway/server.mjs:187:93)
    at createCityTask (file:///D:/Utopia-REX803-Review/services/dev-gateway/server.mjs:462:12)
    at Server.<anonymous> (file:///D:/Utopia-REX803-Review/services/dev-gateway/server.mjs:1003:13)
    at process.processTicksAndRejections (node:internal/process/task_queues:104:5)
✔ REX802 external resource clocks cannot change canonical sequence time ordering (4.645ms)
✔ REX802 broken observation clock remains a contained failure (0.8953ms)
✔ REX802 rejects an oversized existing file before rotating or modifying it (13.5134ms)
✔ REX802 rotation remains explicit after restart and restores bounded previous records (22.7558ms)
✔ REX802 pure normalization binds clocks/provenance and retains unknown metrics (1.5903ms)
✔ REX802 canonical tap drops arbitrary payload and credentials; explicit measured zero remains zero (0.6048ms)
✔ REX802 recognizes missing, duplicate, reordered and stale timestamp observations (0.483ms)
✔ REX802 storage raw-to-normalized replay is reproducible and restart starts new epoch (7.9069ms)
✔ REX802 collector failures and queue bounds are explicit without throwing into callers (2.166ms)
✔ REX802 hung storage is bounded; queue drop and close do not block indefinitely (57.0334ms)
✔ REX802 early capture waits for restored watermark before normalization (5.2387ms)
✔ REX802 supports rule lifecycle, supervision quality and semantic integration without invented defaults (1.0972ms)
✔ REX803 adversarial R-1: a blocked receipt store degrades the campaign surface instead of failing it (212.4138ms)
✔ REX803 adversarial R-2: a canonical task cancelled from outside the campaign is CANCELLED, not FAILED (146.2522ms)
✔ REX803 Alien: malformed interrupted state degrades instead of preventing construction (14.7056ms)
✔ REX803 Alien: resume cannot rename the scenario while executing the old campaign (5.0903ms)
✔ REX803 Alien: a timed-out run keeps its own cleanup scope after the next run begins (102.8023ms)
✔ REX803 campaigns: every repetition is a real canonical task, and the receipt accounts for all of them (352.741ms)
✔ REX803 campaigns: the surface is owner-only, and every refusal is typed (206.5108ms)
✔ REX803 campaigns: the topology gate is measured against live refs, and its refusal states what was missing (47.8219ms)
✔ REX803 campaigns: stopping cancels the canonical task the run had already created (205.9209ms)
✔ REX803 web: the owner runs a real campaign and every repetition without a measurement shows its reason (3877.7043ms)
✔ REX803 web: a member is told the campaign surface is the owner's, and is offered no controls (1265.5459ms)
✔ REX803 seeds: a run seed is a pure function of the campaign seed and the index (1.5244ms)
✔ REX803 campaign: N repetitions yield exactly N measured outcomes, and warmup is run but never measured (66.7486ms)
✔ REX803 campaign: a timeout and a failure are absences WITH reasons, never silent gaps (95.324ms)
✔ REX803 campaign: stopping cancels the runs that never happened, each with the operator reason (44.3075ms)
✔ REX803 campaign: an unfinished campaign is refused unless resuming is asked for explicitly (96.7813ms)
✔ REX803 campaign: unknown scenarios, bad repetitions, a busy runner and an unready topology are typed refusals (30.8353ms)
✔ REX803 stop: the cleanups a run registered are fired, so a stop reaches the work and not only the bookkeeping (80.4404ms)
✔ REX803 timeout: a run that never answers is torn down, and its cleanup failure is stated rather than hidden (107.9619ms)
✔ REX803 restart: a campaign left RUNNING by a dead process is recovered as INTERRUPTED, named, and optionally resumed (17.4034ms)
✔ REX803 resume: abandoning an unfinished campaign is an explicit act, and it is recorded on the replacement (45.293ms)
✔ REX803 limits: declared stop conditions end the campaign early, and every unrun repetition is SKIPPED with that reason (190.4376ms)
✔ REX803 receipts: a finished campaign is filed once and the next campaign cannot overwrite it (46.643ms)
✔ REX803 L6: the receipt list is ordered by AGE, not by a random identifier in the filename (10.6093ms)
✔ REX803 L1b: the receipt list says how many campaigns exist beyond the bound (7.6847ms)
✔ REX803 L7: a runner that has been closed refuses new work instead of starting a campaign (1.6103ms)
✔ REX803 positive control: a normal campaign still plans, measures and files exactly once (71.4118ms)
✔ REX803 rehearsal: with TWO workers every repetition is TARGETED by its derived seed, not left to claim order (473.5389ms)
✔ REX803 rehearsal: the observed assignment equals the declared rule, and both workers are used (500.0577ms)
ℹ tests 57
ℹ suites 0
ℹ pass 57
ℹ fail 0
ℹ cancelled 0
ℹ skipped 0
ℹ todo 0
ℹ duration_ms 16542.1111
