✔ bounded canonical projection exposes active task, binding and exact event evidence without raw secrets (132.9024ms)
✔ overflow and missing history remain visible; fresh snapshot reflects canonical state, not cached truth (98.4521ms)
✔ slow/disconnected observation never gates real canonical task persistence (81.4338ms)
✔ real API claim/report projection follows persisted lifecycle and cannot execute commands (111.7039ms)
✔ stalled HTTP monitor request and broken reader leave independent create/cancel requests working (87.3573ms)
✔ invalid limits cannot create unbounded queries, single flight and unknown populations stay honest (72.5923ms)
✔ deleted historical prefix and tail cannot be reported as complete history (81.0223ms)
✔ Gateway shares outstanding observation and retains stale last view on later source failure (73.5143ms)
✔ Alien: completed work does not imply an offline host is holding executable work or current retry/wait (12.4964ms)
✔ Alien: missing coverage metadata cannot yield a calm graph (0.3453ms)
✔ Alien: collapsed normal work stays collapsed in actual rendered overview, with stable visible order (2.4702ms)
✔ Alien: a path preserves observed event provenance and explicitly unknown timing (0.4849ms)
✔ Alien: a failure points to its matching transition, not an unrelated later event (0.1958ms)
✔ Alien browser: offline invalidates a delayed monitor response (1536.6207ms)
✔ Alien browser: an old credential response cannot replace the new scope or another page (918.2273ms)
✔ Alien browser: a newer canonical snapshot arriving during a fetch receives a follow-up projection (903.5669ms)
✔ Alien browser: heartbeat-only refresh preserves visible row identity (988.6715ms)
✔ Alien browser: assignment path reaches real canonical event in three interactions (1472.8868ms)
✔ Alien browser: cluster expands, edge filter is reachable and evidence opens exact canonical reference (2230.8435ms)
✔ MON-902 graph: every risk level is one of the declared vocabulary and never a boolean (15.7157ms)
✔ MON-902 graph: a failed task and an offline device holding work are ACTIVE risks that reach the summary (0.946ms)
✔ MON-902 graph: an offline device with no work assigned is a WATCH, not an incident (0.2077ms)
✔ MON-902 graph: absence of retries is NOT claimed from a truncated event window (0.5549ms)
✔ MON-902 graph: repeated hand-off refusals for one task become one ACTIVE risk with its count (0.4233ms)
✔ MON-902 graph: a task waiting on a device is a WATCH until that device reports ready (0.2362ms)
✔ MON-902 graph: a monitor that cannot see must not look calm (0.3416ms)
✔ MON-902 graph: a path pointing at an absent device is reported as a causality gap (0.2696ms)
✔ MON-902 graph: the edge filter removes types from the picture and never invents others (0.2339ms)
✔ MON-902 graph: a large city collapses unremarkable work but never collapses an active risk (1.7097ms)
✔ MON-902 graph: the layout does not reshuffle because an event arrived (0.3115ms)
✔ MON-902 graph: the interaction budget from overview to a risk is stated and small (0.1598ms)
✔ MON-902 graph: owner-required state is reported as observable or explicitly not observable, never as none (0.207ms)
✔ MON-902 graph: an invalid view is refused rather than projected into a comfortable empty city (0.4479ms)
✔ MON-902 panel: an active risk is visible on the overview without opening anything (4.0304ms)
✔ MON-902 panel: raw projection vocabulary does not render outside the disclosure (14.4963ms)
✔ MON-902 panel: a calm banner is never printed over a city the projection cannot see (0.5885ms)
✔ MON-902 panel: a collapsed cluster still reports the risk it contains (1.9803ms)
✔ MON-902 panel: the node inspector answers what, why, who and what-next, and keeps the exact reference (1.2055ms)
✔ MON-902 panel: a path with no stated cause is shown as unexplained, not as fine (0.6632ms)
✔ MON-902 panel: a stale selection says so instead of rendering an empty panel (0.2535ms)
✔ MON-902 panel: ids and labels from the city are escaped in text and attribute positions (0.4127ms)
✔ MON-902 panel: every word the surface uses exists in both locale packs, including every risk code (2.5078ms)
✔ MON-902 panel: the shell exposes the page and fetches the real route (1.2843ms)
✔ MON-902 panel: the page is wired to the real gateway projection route end to end (204.1049ms)
✔ Alien: model OWNER_REQUIRED is an escalation, not auto-resolution (18.0704ms)
✔ Alien: canonical observation cannot enqueue decisions after bounded close (3.382ms)
✔ Alien: retention restart preserves the newest decisions, not UUID lexical order (25.4878ms)
✔ Alien: queue overflow retains canonical evidence and reports failed receipt persistence (1785.7865ms)
✔ Alien: canonical present-but-ineligible target is escalated, not described as recovering offline (15.6672ms)
✔ Alien: a timeout remains measurable when the critic subsequently resolves (31.4758ms)
✔ Alien Gateway: an online ineligible strict target produces an Owner decision with real event evidence (138.7825ms)
✔ Alien browser: polling preserves opened provenance and successful retry clears an old error (1001.7535ms)
✔ Alien browser: unavailable decision persistence is visible even before any write failure (962.6087ms)
✔ Alien browser: frequent City rendering cannot starve bounded decision polling (3607.6942ms)
✔ MON903 route: a canonical failure becomes a decision receipt with canonical provenance, and the task itself is untouched (158.8778ms)
✔ MON903 route: ordinary City activity produces no decisions at all (211.5536ms)
✔ MON903 route: reading is authenticated, asking for a decision is the owner's, and refusals are typed (169.2602ms)
✔ MON903 route: an explicitly submitted owner-boundary trigger is recorded as owner-required and applied by nobody (124.1532ms)
✔ MON903 route: a decision for one task never blocks another task, and the projection carries both (161.1783ms)
✔ MON903 triggers: only the named canonical events enter the decision path, and ordinary reports do not (31.9045ms)
✔ MON903 ladder: a deterministic rule resolves first and the model is never consulted for it (36.5252ms)
✔ MON903 owner boundary: scope, merge, review and owner-candidate triggers escalate WITHOUT any resolver being asked (15.8985ms)
✔ MON903 fallback: a hanging, throwing or free-text resolver becomes a bounded fallback, never an authority (155.8012ms)
✔ MON903 queues: decisions are per-task, parallel across tasks, bounded per task, and never a global barrier (533.3986ms)
✔ MON903 receipts: bounded contract, provenance, measured post-state, and no applied action anywhere (15.8701ms)
✔ MON903 store: an unusable receipt store degrades the overlay and never prevents the City from starting (finding M-1) (13.4603ms)
✔ MON903 store: the City itself starts and serves decisions when the decision store is unusable (finding M-1, City level) (77.4394ms)
✔ MON903 isolation: a reader that throws, a broken receipt file and a failing receipt write cannot break the caller (16.119ms)
✔ MON903 close: a closed overlay refuses a trigger with its OWN code, not by blaming the trigger (2.0446ms)
✔ MON903 rules: the deterministic layer answers each kind from canonical facts, and invents no default (0.3027ms)
✔ MON903 web: the owner sees the decision the City recorded, its provenance, and that nobody applied it (5591.4527ms)
✔ MON903 web: an enrolled member may read what the City decided, and is told who can ask for one (1480.9253ms)
✔ MON903 sweep L1: the bounded failure log reports that it dropped entries, not just the last 16 (84.5425ms)
✔ MON903 sweep L3: a rejected (queue-full) decision does not publish an unmeasured latency of 0 (17.3807ms)
✔ MON903 sweep L1: metrics() discloses that its rates are computed over a truncated window (74.0786ms)
✔ MON903 sweep L1: the published window says what it is a window OVER (77.8039ms)
✔ MON903 sweep positive control: a well-formed decision is still recorded, receipted and measured (62.6733ms)
✔ MON903 sweep L4: the surface renders a decision with NO measured latency as not-measured, not as a number (866.7922ms)
Error: CONTROLLED_OBSERVER_UNAVAILABLE
    at app.observation.refresh (file:///D:/Utopia-MON990/tests/mon990-cross-surface.test.mjs:8:294)
    at Server.<anonymous> (file:///D:/Utopia-MON990/services/dev-gateway/server.mjs:836:49)
    at Server.emit (node:events:509:28)
    at parserOnIncoming (node:_http_server:1282:12)
    at HTTPParser.parserOnHeadersComplete (node:_http_common:125:17)
✔ MON990: decision projection binds canonical City and graph/decision failures do not stop task creation (103.3036ms)
✔ MON990: overview has a working contextual link to advisory decision provenance (1588.8055ms)
✔ locale contract: supported tokens, fallback and first-run detection (1.3865ms)
✔ both language packs cover every message key with matching placeholders (3.6862ms)
✔ every fixed Web UI string is present in the language packs (0.6134ms)
✔ protocol tokens and City Control state names are never translated (7.1016ms)
✔ web assets only use message keys that exist in the packs (2.1709ms)
✔ badge state and display label stay separate in every locale (1.8041ms)
✔ applyTranslations and setLocale update the document without touching storage contracts (0.4566ms)
✔ translation fills placeholders and time formatting follows the locale (17.9638ms)
✔ Web Settings language switch, persistence and protocol stability (real browser) (2151.2658ms)
ℹ tests 89
ℹ suites 0
ℹ pass 89
ℹ fail 0
ℹ cancelled 0
ℹ skipped 0
ℹ todo 0
ℹ duration_ms 28024.8027
