✔ bounded canonical projection exposes active task, binding and exact event evidence without raw secrets (140.142ms)
✔ overflow and missing history remain visible; fresh snapshot reflects canonical state, not cached truth (93.4028ms)
✔ slow/disconnected observation never gates real canonical task persistence (76.4185ms)
✔ real API claim/report projection follows persisted lifecycle and cannot execute commands (115.386ms)
✔ stalled HTTP monitor request and broken reader leave independent create/cancel requests working (88.6999ms)
✔ invalid limits cannot create unbounded queries, single flight and unknown populations stay honest (76.2598ms)
✔ deleted historical prefix and tail cannot be reported as complete history (81.2783ms)
✔ Gateway shares outstanding observation and retains stale last view on later source failure (74.9046ms)
✔ Alien: completed work does not imply an offline host is holding executable work or current retry/wait (12.3534ms)
✔ Alien: missing coverage metadata cannot yield a calm graph (3.5206ms)
✔ Alien: collapsed normal work stays collapsed in actual rendered overview, with stable visible order (3.6858ms)
✔ Alien: a path preserves observed event provenance and explicitly unknown timing (0.6667ms)
✔ Alien: a failure points to its matching transition, not an unrelated later event (0.2692ms)
✔ Alien browser: offline invalidates a delayed monitor response (1729.3376ms)
✔ Alien browser: an old credential response cannot replace the new scope or another page (1249.9234ms)
✔ Alien browser: a newer canonical snapshot arriving during a fetch receives a follow-up projection (1009.0882ms)
✔ Alien browser: heartbeat-only refresh preserves visible row identity (1003.8283ms)
✔ Alien browser: assignment path reaches real canonical event in three interactions (1450.1399ms)
✔ Alien browser: cluster expands, edge filter is reachable and evidence opens exact canonical reference (2432.9086ms)
✔ MON-902 graph: every risk level is one of the declared vocabulary and never a boolean (15.1797ms)
✔ MON-902 graph: a failed task and an offline device holding work are ACTIVE risks that reach the summary (1.0631ms)
✔ MON-902 graph: an offline device with no work assigned is a WATCH, not an incident (0.2516ms)
✔ MON-902 graph: absence of retries is NOT claimed from a truncated event window (0.5715ms)
✔ MON-902 graph: repeated hand-off refusals for one task become one ACTIVE risk with its count (0.5005ms)
✔ MON-902 graph: a task waiting on a device is a WATCH until that device reports ready (0.2573ms)
✔ MON-902 graph: a monitor that cannot see must not look calm (0.8129ms)
✔ MON-902 graph: a path pointing at an absent device is reported as a causality gap (0.4276ms)
✔ MON-902 graph: the edge filter removes types from the picture and never invents others (0.3406ms)
✔ MON-902 graph: a large city collapses unremarkable work but never collapses an active risk (2.8269ms)
✔ MON-902 graph: the layout does not reshuffle because an event arrived (0.3636ms)
✔ MON-902 graph: the interaction budget from overview to a risk is stated and small (0.2072ms)
✔ MON-902 graph: owner-required state is reported as observable or explicitly not observable, never as none (0.2551ms)
✔ MON-902 graph: an invalid view is refused rather than projected into a comfortable empty city (0.6632ms)
✔ MON-902 panel: an active risk is visible on the overview without opening anything (3.8082ms)
✔ MON-902 panel: raw projection vocabulary does not render outside the disclosure (14.465ms)
✔ MON-902 panel: a calm banner is never printed over a city the projection cannot see (0.9114ms)
✔ MON-902 panel: a collapsed cluster still reports the risk it contains (2.3926ms)
✔ MON-902 panel: the node inspector answers what, why, who and what-next, and keeps the exact reference (1.0909ms)
✔ MON-902 panel: a path with no stated cause is shown as unexplained, not as fine (0.6505ms)
✔ MON-902 panel: a stale selection says so instead of rendering an empty panel (0.2437ms)
✔ MON-902 panel: ids and labels from the city are escaped in text and attribute positions (0.3909ms)
✔ MON-902 panel: every word the surface uses exists in both locale packs, including every risk code (2.6469ms)
✔ MON-902 panel: the shell exposes the page and fetches the real route (2.5633ms)
✔ MON-902 panel: the page is wired to the real gateway projection route end to end (206.2405ms)
✔ Alien: model OWNER_REQUIRED is an escalation, not auto-resolution (20.3349ms)
✔ Alien: canonical observation cannot enqueue decisions after bounded close (7.1608ms)
✔ Alien: retention restart preserves the newest decisions, not UUID lexical order (27.7632ms)
✔ Alien: queue overflow retains canonical evidence and reports failed receipt persistence (1793.9682ms)
✔ Alien: canonical present-but-ineligible target is escalated, not described as recovering offline (15.9678ms)
✔ Alien: a timeout remains measurable when the critic subsequently resolves (30.6763ms)
✔ Alien Gateway: an online ineligible strict target produces an Owner decision with real event evidence (142.8201ms)
✔ Alien browser: polling preserves opened provenance and successful retry clears an old error (1161.9749ms)
✔ Alien browser: unavailable decision persistence is visible even before any write failure (1267.6057ms)
✔ Alien browser: frequent City rendering cannot starve bounded decision polling (3779.7675ms)
✔ MON903 route: a canonical failure becomes a decision receipt with canonical provenance, and the task itself is untouched (167.0443ms)
✔ MON903 route: ordinary City activity produces no decisions at all (216.2648ms)
✔ MON903 route: reading is authenticated, asking for a decision is the owner's, and refusals are typed (168.0173ms)
✔ MON903 route: an explicitly submitted owner-boundary trigger is recorded as owner-required and applied by nobody (116.3075ms)
✔ MON903 route: a decision for one task never blocks another task, and the projection carries both (264.3776ms)
✔ MON903 triggers: only the named canonical events enter the decision path, and ordinary reports do not (29.9562ms)
✔ MON903 ladder: a deterministic rule resolves first and the model is never consulted for it (272.743ms)
✔ MON903 owner boundary: scope, merge, review and owner-candidate triggers escalate WITHOUT any resolver being asked (15.7648ms)
✔ MON903 fallback: a hanging, throwing or free-text resolver becomes a bounded fallback, never an authority (157.9862ms)
✔ MON903 queues: decisions are per-task, parallel across tasks, bounded per task, and never a global barrier (597.7553ms)
✔ MON903 receipts: bounded contract, provenance, measured post-state, and no applied action anywhere (16.528ms)
✔ MON903 store: an unusable receipt store degrades the overlay and never prevents the City from starting (finding M-1) (12.8046ms)
✔ MON903 store: the City itself starts and serves decisions when the decision store is unusable (finding M-1, City level) (139.6807ms)
✔ MON903 isolation: a reader that throws, a broken receipt file and a failing receipt write cannot break the caller (18.6178ms)
✔ MON903 close: a closed overlay refuses a trigger with its OWN code, not by blaming the trigger (2.3606ms)
✔ MON903 rules: the deterministic layer answers each kind from canonical facts, and invents no default (0.4497ms)
✔ MON903 web: the owner sees the decision the City recorded, its provenance, and that nobody applied it (5974.5445ms)
✔ MON903 web: an enrolled member may read what the City decided, and is told who can ask for one (1645.759ms)
✔ MON903 sweep L1: the bounded failure log reports that it dropped entries, not just the last 16 (75.6877ms)
✔ MON903 sweep L3: a rejected (queue-full) decision does not publish an unmeasured latency of 0 (17.0331ms)
✔ MON903 sweep L1: metrics() discloses that its rates are computed over a truncated window (72.7383ms)
✔ MON903 sweep L1: the published window says what it is a window OVER (62.9621ms)
✔ MON903 sweep positive control: a well-formed decision is still recorded, receipted and measured (77.8657ms)
✔ MON903 sweep L4: the surface renders a decision with NO measured latency as not-measured, not as a number (1122.1804ms)
✔ Web control creates a real task and shows durable result (126956.0885ms)
✔ City monitor renders in the browser and keeps raw projection vocabulary behind its disclosure (1661.0898ms)
ℹ tests 80
ℹ suites 0
ℹ pass 80
ℹ fail 0
ℹ cancelled 0
ℹ skipped 0
ℹ todo 0
ℹ duration_ms 153203.0742
