✔ the default profile is STANDARD_DEVICES and the future profiles are declared but not default (1.4164ms)
✔ a port must be complete before it may be registered, and the missing piece is named (0.9302ms)
✔ readiness refuses to be silent: only READY may omit a reason, and a bad state is typed (0.3197ms)
✔ a registry refuses a second backend for one profile and names the owner (1.3655ms)
✔ a dormant backend is registered but may never serve ordinary work (0.3305ms)
✔ one backend may not silently change the profile it serves (0.1862ms)
✔ an execution endpoint view states that it is a worker, never a control surface (0.233ms)
✔ review: malformed null port is a typed INVALID_BACKEND refusal (0.1318ms)
✔ a City with no Workbench starts, serves and executes: the seam adds no startup dependency (249.1826ms)
✔ the port and the live route reach the same claim decision on the same facts (142.413ms)
✔ an offline named device is withheld by the port exactly as the route withholds it (122.1916ms)
✔ the City exposes which backend placed the work, and only STANDARD_DEVICES is ever enabled (63.4529ms)
✔ STANDARD_DEVICES is the enabled long-term default and claims exactly the profile it wraps (1.5784ms)
✔ fleet readiness distinguishes "no device at all" from "devices present, none accepting work" (1.6044ms)
✔ an endpoint row is a truthful view: offline, capability-less and sharing-off are different facts (0.3405ms)
✔ claim reproduces the frozen decision for every negative control the pre-seam route covered (1.2413ms)
✔ report keeps the same transitions, the same refusals and the same event names (0.883ms)
✔ dispatch and control refuse honestly instead of pretending the endpoint is ready (0.7866ms)
✔ a probe failure is reported as UNKNOWN rather than being allowed to crash a status read (0.1973ms)
✔ the port refuses to be constructed without the facts it must not invent (0.348ms)
✔ review: dispatch cannot bypass strict target or handoff reservation (0.3108ms)
✔ review: dispatch cannot transfer an already running task to a different free endpoint (0.255ms)
✔ review: claim readiness does not say ready when sharing is disabled or endpoint busy (0.2397ms)
ℹ tests 23
ℹ suites 0
ℹ pass 23
ℹ fail 0
ℹ cancelled 0
ℹ skipped 0
ℹ todo 0
ℹ duration_ms 2840.8154
