✔ STANDARD_DEVICES is the enabled long-term default and claims exactly the profile it wraps (1.5701ms)
✔ fleet readiness distinguishes "no device at all" from "devices present, none accepting work" (1.6107ms)
✔ an endpoint row is a truthful view: offline, capability-less and sharing-off are different facts (0.3377ms)
✔ claim reproduces the frozen decision for every negative control the pre-seam route covered (1.2193ms)
✔ report keeps the same transitions, the same refusals and the same event names (1.4091ms)
✔ dispatch and control refuse honestly instead of pretending the endpoint is ready (0.771ms)
✔ a probe failure is reported as UNKNOWN rather than being allowed to crash a status read (0.187ms)
✔ the port refuses to be constructed without the facts it must not invent (0.332ms)
✖ review: dispatch cannot bypass strict target or handoff reservation (0.6512ms)
✖ review: dispatch cannot transfer an already running task to a different free endpoint (0.2806ms)
✖ review: claim readiness does not say ready when sharing is disabled or endpoint busy (0.4639ms)
ℹ tests 11
ℹ suites 0
ℹ pass 8
ℹ fail 3
ℹ cancelled 0
ℹ skipped 0
ℹ todo 0
ℹ duration_ms 1071.1748

✖ failing tests:

test at tests\wbc601-standard-devices-backend.test.mjs:317:1
✖ review: dispatch cannot bypass strict target or handoff reservation (0.6512ms)
  AssertionError [ERR_ASSERTION]: Missing expected exception.
      at TestContext.<anonymous> (file:///D:/Utopia-WBC601-Review/tests/wbc601-standard-devices-backend.test.mjs:317:208)
      at Test.runInAsyncScope (node:async_hooks:227:14)
      at Test.run (node:internal/test_runner/test:1382:25)
      at Test.processPendingSubtests (node:internal/test_runner/test:960:18)
      at Test.postRun (node:internal/test_runner/test:1522:19)
      at Test.run (node:internal/test_runner/test:1447:12)
      at async Test.processPendingSubtests (node:internal/test_runner/test:960:7) {
    generatedMessage: false,
    code: 'ERR_ASSERTION',
    actual: undefined,
    operator: 'throws',
    diff: 'simple'
  }

test at tests\wbc601-standard-devices-backend.test.mjs:318:1
✖ review: dispatch cannot transfer an already running task to a different free endpoint (0.2806ms)
  AssertionError [ERR_ASSERTION]: Missing expected exception.
      at TestContext.<anonymous> (file:///D:/Utopia-WBC601-Review/tests/wbc601-standard-devices-backend.test.mjs:318:236)
      at Test.runInAsyncScope (node:async_hooks:227:14)
      at Test.run (node:internal/test_runner/test:1382:25)
      at Test.processPendingSubtests (node:internal/test_runner/test:960:18)
      at Test.postRun (node:internal/test_runner/test:1522:19)
      at Test.run (node:internal/test_runner/test:1447:12)
      at async Test.processPendingSubtests (node:internal/test_runner/test:960:7) {
    generatedMessage: false,
    code: 'ERR_ASSERTION',
    actual: undefined,
    operator: 'throws',
    diff: 'simple'
  }

test at tests\wbc601-standard-devices-backend.test.mjs:319:1
✖ review: claim readiness does not say ready when sharing is disabled or endpoint busy (0.4639ms)
  AssertionError [ERR_ASSERTION]: Expected values to be strictly equal:
  
  true !== false
  
      at TestContext.<anonymous> (file:///D:/Utopia-WBC601-Review/tests/wbc601-standard-devices-backend.test.mjs:319:351)
      at Test.runInAsyncScope (node:async_hooks:227:14)
      at Test.run (node:internal/test_runner/test:1382:25)
      at Test.processPendingSubtests (node:internal/test_runner/test:960:18)
      at Test.postRun (node:internal/test_runner/test:1522:19)
      at Test.run (node:internal/test_runner/test:1447:12)
      at async Test.processPendingSubtests (node:internal/test_runner/test:960:7) {
    generatedMessage: true,
    code: 'ERR_ASSERTION',
    actual: true,
    expected: false,
    operator: 'strictEqual',
    diff: 'simple'
  }
