✔ STANDARD_DEVICES is the enabled long-term default and claims exactly the profile it wraps (1.6375ms)
✔ fleet readiness distinguishes "no device at all" from "devices present, none accepting work" (1.6704ms)
✔ an endpoint row is a truthful view: offline, capability-less and sharing-off are different facts (0.354ms)
✔ claim reproduces the frozen decision for every negative control the pre-seam route covered (1.2986ms)
✔ report keeps the same transitions, the same refusals and the same event names (1.557ms)
✔ dispatch and control refuse honestly instead of pretending the endpoint is ready (0.8024ms)
✔ a probe failure is reported as UNKNOWN rather than being allowed to crash a status read (0.257ms)
✔ the port refuses to be constructed without the facts it must not invent (0.3706ms)
✔ review: dispatch cannot bypass strict target or handoff reservation (0.2987ms)
✔ review: dispatch cannot transfer an already running task to a different free endpoint (0.2612ms)
✔ review: claim readiness does not say ready when sharing is disabled or endpoint busy (0.2571ms)
✖ review: endpoint readiness and dispatch honor injected canonical Core acceptance (0.8157ms)
ℹ tests 12
ℹ suites 0
ℹ pass 11
ℹ fail 1
ℹ cancelled 0
ℹ skipped 0
ℹ todo 0
ℹ duration_ms 1066.7098

✖ failing tests:

test at tests\wbc601-standard-devices-backend.test.mjs:321:1
✖ review: endpoint readiness and dispatch honor injected canonical Core acceptance (0.8157ms)
  AssertionError [ERR_ASSERTION]: Expected values to be strictly equal:
  
  true !== false
  
      at TestContext.<anonymous> (file:///D:/Utopia-WBC601-Review/tests/wbc601-standard-devices-backend.test.mjs:321:204)
      at Test.runInAsyncScope (node:async_hooks:227:14)
      at Test.run (node:internal/test_runner/test:1382:25)
      at Test.processPendingSubtests (node:internal/test_runner/test:960:18)
      at Test.postRun (node:internal/test_runner/test:1522:19)
      at Test.run (node:internal/test_runner/test:1447:12)
      at async Test.processPendingSubtests (node:internal/test_runner/test:960:7) {
    generatedMessage: true,
    code: 'ERR_ASSERTION',
    actual: true,
    expected: false,
    operator: 'strictEqual',
    diff: 'simple'
  }
