✔ STANDARD_DEVICES is the enabled long-term default and claims exactly the profile it wraps (1.548ms)
✔ fleet readiness distinguishes "no device at all" from "devices present, none accepting work" (1.5894ms)
✔ an endpoint row is a truthful view: offline, capability-less and sharing-off are different facts (0.4385ms)
✔ claim reproduces the frozen decision for every negative control the pre-seam route covered (1.2592ms)
✔ report keeps the same transitions, the same refusals and the same event names (1.3901ms)
✔ dispatch and control refuse honestly instead of pretending the endpoint is ready (0.7462ms)
✔ a probe failure is reported as UNKNOWN rather than being allowed to crash a status read (0.196ms)
✔ the port refuses to be constructed without the facts it must not invent (0.3455ms)
✖ review: dispatch cannot bypass strict target or handoff reservation (0.6986ms)
✖ review: dispatch cannot transfer an already running task to a different free endpoint (0.3034ms)
✖ review: claim readiness does not say ready when sharing is disabled or endpoint busy (0.1667ms)
ℹ tests 11
ℹ suites 0
ℹ pass 8
ℹ fail 3
ℹ cancelled 0
ℹ skipped 0
ℹ todo 0
ℹ duration_ms 1067.466

✖ failing tests:

test at tests\wbc601-standard-devices-backend.test.mjs:317:1
✖ review: dispatch cannot bypass strict target or handoff reservation (0.6986ms)
  AssertionError [ERR_ASSERTION]: The validation function is expected to return "true". Received false
  
  Caught error:
  
  Error: Not found
      at TestContext.<anonymous> (file:///D:/Utopia-WBC601-Review/tests/wbc601-standard-devices-backend.test.mjs:317:208)
      at Test.runInAsyncScope (node:async_hooks:227:14)
      at Test.run (node:internal/test_runner/test:1382:25)
      at Test.processPendingSubtests (node:internal/test_runner/test:960:18)
      at Test.postRun (node:internal/test_runner/test:1522:19)
      at Test.run (node:internal/test_runner/test:1447:12)
      at async Test.processPendingSubtests (node:internal/test_runner/test:960:7) {
    generatedMessage: true,
    code: 'ERR_ASSERTION',
    actual: Error: Not found
        at testFail (file:///D:/Utopia-WBC601-Review/tests/wbc601-standard-devices-backend.test.mjs:25:61)
        at requireRecord (file:///D:/Utopia-WBC601-Review/tests/wbc601-standard-devices-backend.test.mjs:82:59)
        at Object.dispatch (file:///D:/Utopia-WBC601-Review/services/dev-gateway/execution-backend/standard-devices.mjs:190:18)
        at file:///D:/Utopia-WBC601-Review/tests/wbc601-standard-devices-backend.test.mjs:317:234
        at getActual (node:assert:611:5)
        at strict.throws (node:assert:759:24)
        at TestContext.<anonymous> (file:///D:/Utopia-WBC601-Review/tests/wbc601-standard-devices-backend.test.mjs:317:208)
        at Test.runInAsyncScope (node:async_hooks:227:14)
        at Test.run (node:internal/test_runner/test:1382:25)
        at Test.processPendingSubtests (node:internal/test_runner/test:960:18),
    operator: 'throws',
    diff: 'simple'
  }

test at tests\wbc601-standard-devices-backend.test.mjs:318:1
✖ review: dispatch cannot transfer an already running task to a different free endpoint (0.3034ms)
  AssertionError [ERR_ASSERTION]: The validation function is expected to return "true". Received false
  
  Caught error:
  
  Error: Not found
      at TestContext.<anonymous> (file:///D:/Utopia-WBC601-Review/tests/wbc601-standard-devices-backend.test.mjs:318:236)
      at Test.runInAsyncScope (node:async_hooks:227:14)
      at Test.run (node:internal/test_runner/test:1382:25)
      at Test.processPendingSubtests (node:internal/test_runner/test:960:18)
      at Test.postRun (node:internal/test_runner/test:1522:19)
      at Test.run (node:internal/test_runner/test:1447:12)
      at async Test.processPendingSubtests (node:internal/test_runner/test:960:7) {
    generatedMessage: true,
    code: 'ERR_ASSERTION',
    actual: Error: Not found
        at testFail (file:///D:/Utopia-WBC601-Review/tests/wbc601-standard-devices-backend.test.mjs:25:61)
        at requireRecord (file:///D:/Utopia-WBC601-Review/tests/wbc601-standard-devices-backend.test.mjs:82:59)
        at Object.dispatch (file:///D:/Utopia-WBC601-Review/services/dev-gateway/execution-backend/standard-devices.mjs:190:18)
        at file:///D:/Utopia-WBC601-Review/tests/wbc601-standard-devices-backend.test.mjs:318:257
        at getActual (node:assert:611:5)
        at strict.throws (node:assert:759:24)
        at TestContext.<anonymous> (file:///D:/Utopia-WBC601-Review/tests/wbc601-standard-devices-backend.test.mjs:318:236)
        at Test.runInAsyncScope (node:async_hooks:227:14)
        at Test.run (node:internal/test_runner/test:1382:25)
        at Test.processPendingSubtests (node:internal/test_runner/test:960:18),
    operator: 'throws',
    diff: 'simple'
  }

test at tests\wbc601-standard-devices-backend.test.mjs:319:1
✖ review: claim readiness does not say ready when sharing is disabled or endpoint busy (0.1667ms)
  Error: Not found
      at testFail (file:///D:/Utopia-WBC601-Review/tests/wbc601-standard-devices-backend.test.mjs:25:61)
      at requireRecord (file:///D:/Utopia-WBC601-Review/tests/wbc601-standard-devices-backend.test.mjs:82:59)
      at Object.claim (file:///D:/Utopia-WBC601-Review/services/dev-gateway/execution-backend/standard-devices.mjs:204:20)
      at TestContext.<anonymous> (file:///D:/Utopia-WBC601-Review/tests/wbc601-standard-devices-backend.test.mjs:319:287)
      at Test.runInAsyncScope (node:async_hooks:227:14)
      at Test.run (node:internal/test_runner/test:1382:25)
      at Test.processPendingSubtests (node:internal/test_runner/test:960:18)
      at Test.postRun (node:internal/test_runner/test:1522:19)
      at Test.run (node:internal/test_runner/test:1447:12)
      at async Test.processPendingSubtests (node:internal/test_runner/test:960:7) {
    status: 404
  }
