✔ CEX703 fresh user opens live catalog without failed Ask and selection never executes (1451.4865ms)
✔ CEX703 catalog action follows existing confirmation before any City task exists (1411.7855ms)
✖ CEX703 uncertain selected-request retry preserves exact selection and idempotency key (1525.9999ms)
ℹ tests 3
ℹ suites 0
ℹ pass 2
ℹ fail 1
ℹ cancelled 0
ℹ skipped 0
ℹ todo 0
ℹ duration_ms 6711.4518

✖ failing tests:

test at tests\cex703-catalog-ui.test.mjs:7:1
✖ CEX703 uncertain selected-request retry preserves exact selection and idempotency key (1525.9999ms)
  AssertionError [ERR_ASSERTION]: Expected values to be strictly deep-equal:
  + actual - expected
  
  + undefined
  - {
  -   operation: 'WAIT',
  -   route: 'CITY_TASK',
  -   target: 'city.task'
  - }
  
      at TestContext.<anonymous> (file:///D:/Utopia-CEX703/tests/cex703-catalog-ui.test.mjs:7:1336)
      at async Test.run (node:internal/test_runner/test:1389:7)
      at async Test.processPendingSubtests (node:internal/test_runner/test:960:7) {
    generatedMessage: true,
    code: 'ERR_ASSERTION',
    actual: undefined,
    expected: { route: 'CITY_TASK', target: 'city.task', operation: 'WAIT' },
    operator: 'deepStrictEqual',
    diff: 'simple'
  }
