✖ CEX703 fresh user opens live catalog without failed Ask and selection never executes (30996.429ms)
✔ renderTerminal returns the terminal controller, not a boolean (1.3213ms)
✔ every terminal page renders, and the page actually follows the shell (2.1147ms)
✔ the Ask / Do page does not duplicate any id owned by the shell (0.8137ms)
✔ no id is duplicated anywhere in the shell document (0.2335ms)
✔ the terminal module never attaches a second submit path to the shell bar (0.7124ms)
✔ the shell bar is a real form so Enter submits it once, natively (0.3092ms)
ℹ tests 7
ℹ suites 0
ℹ pass 6
ℹ fail 1
ℹ cancelled 0
ℹ skipped 0
ℹ todo 0
ℹ duration_ms 32386.7766

✖ failing tests:

test at tests\cex703-catalog-ui.test.mjs:2:1
✖ CEX703 fresh user opens live catalog without failed Ask and selection never executes (30996.429ms)
  locator.click: Timeout 30000ms exceeded.
  Call log:
  [2m  - waiting for locator('[data-page="Ask/Do"]')[22m
  
      at TestContext.<anonymous> (D:\Utopia-CEX703\tests\cex703-catalog-ui.test.mjs:2:649) {
    name: 'TimeoutError'
  }
