✖ REX807 actual campaign storage failure cannot render an idle run (1362.6606ms)
ℹ tests 1
ℹ suites 0
ℹ pass 0
ℹ fail 1
ℹ cancelled 0
ℹ skipped 0
ℹ todo 0
ℹ duration_ms 4039.7587

✖ failing tests:

test at tests\rex807-wiring.test.mjs:92:1
✖ REX807 actual campaign storage failure cannot render an idle run (1362.6606ms)
  AssertionError [ERR_ASSERTION]: The input was expected to not match the regular expression /No run is live/. Input:
  
  'No run is live.'
  
      at file:///D:/Utopia-tree/REX-Series-Alien-final/tests/rex807-wiring.test.mjs:99:9
      at async rig (file:///D:/Utopia-tree/REX-Series-Alien-final/tests/rex807-wiring.test.mjs:26:3)
      at async Test.run (node:internal/test_runner/test:1389:7)
      at async startSubtestAfterBootstrap (node:internal/test_runner/harness:387:3) {
    generatedMessage: true,
    code: 'ERR_ASSERTION',
    actual: 'No run is live.',
    expected: /No run is live/,
    operator: 'doesNotMatch',
    diff: 'simple'
  }
