Starting a Gradle Daemon (subsequent builds will be faster)
WARNING: The following problems were found when resolving the SDK location:
Where: ANDROID_SDK_ROOT environment variable. Problem: Directory does not exist

Warning: SDK processing. This version only understands SDK XML versions up to 3 but an SDK XML file of version 4 was encountered. This can happen if you use versions of Android Studio and the command-line tools that were released at different times.
> Task :app:checkKotlinGradlePluginConfigurationErrors SKIPPED
> Task :app:preBuild UP-TO-DATE
> Task :app:preDebugBuild UP-TO-DATE
> Task :app:generateDebugResValues
> Task :app:checkDebugAarMetadata
> Task :app:mapDebugSourceSetPaths
> Task :app:generateDebugResources
> Task :app:packageDebugResources
> Task :app:createDebugCompatibleScreenManifests
> Task :app:mergeDebugResources
> Task :app:extractDeepLinksDebug
> Task :app:parseDebugLocalResources
> Task :app:processDebugMainManifest
> Task :app:processDebugManifest
> Task :app:preDebugUnitTestBuild UP-TO-DATE
> Task :app:javaPreCompileDebug
> Task :app:javaPreCompileDebugUnitTest
> Task :app:processDebugManifestForPackage
> Task :app:processDebugResources

> Task :app:compileDebugKotlin
w: file:///D:/Utopia-tree/REX-801-890/Utopia-REX-programme-final-20261008/apps/android/app/src/main/java/city/utopia/control/AutoZoomCaptureActivity.kt:24:31 'val isZoomSupported: Boolean' is deprecated. Deprecated in Java.
w: file:///D:/Utopia-tree/REX-801-890/Utopia-REX-programme-final-20261008/apps/android/app/src/main/java/city/utopia/control/AutoZoomCaptureActivity.kt:24:59 'val zoomRatios: (Mutable)List<Int!>!' is deprecated. Deprecated in Java.
w: file:///D:/Utopia-tree/REX-801-890/Utopia-REX-programme-final-20261008/apps/android/app/src/main/java/city/utopia/control/AutoZoomCaptureActivity.kt:25:51 'val maxZoom: Int' is deprecated. Deprecated in Java.
w: file:///D:/Utopia-tree/REX-801-890/Utopia-REX-programme-final-20261008/apps/android/app/src/main/java/city/utopia/control/AutoZoomCaptureActivity.kt:27:48 'var zoom: Int' is deprecated. Deprecated in Java.
w: file:///D:/Utopia-tree/REX-801-890/Utopia-REX-programme-final-20261008/apps/android/app/src/main/java/city/utopia/control/AutoZoomCaptureActivity.kt:28:36 'var zoom: Int' is deprecated. Deprecated in Java.
w: file:///D:/Utopia-tree/REX-801-890/Utopia-REX-programme-final-20261008/apps/android/app/src/main/java/city/utopia/control/AutoZoomCaptureActivity.kt:31:62 'val isZoomSupported: Boolean' is deprecated. Deprecated in Java.
w: file:///D:/Utopia-tree/REX-801-890/Utopia-REX-programme-final-20261008/apps/android/app/src/main/java/city/utopia/control/AutoZoomCaptureActivity.kt:34:36 'var focusMode: String!' is deprecated. Deprecated in Java.
w: file:///D:/Utopia-tree/REX-801-890/Utopia-REX-programme-final-20261008/apps/android/app/src/main/java/city/utopia/control/CityDiscovery.kt:31:94 'fun resolveService(p0: NsdServiceInfo!, p1: NsdManager.ResolveListener!): Unit' is deprecated. Deprecated in Java.
w: file:///D:/Utopia-tree/REX-801-890/Utopia-REX-programme-final-20261008/apps/android/app/src/main/java/city/utopia/control/CityDiscovery.kt:33:382 'var host: InetAddress!' is deprecated. Deprecated in Java.
w: file:///D:/Utopia-tree/REX-801-890/Utopia-REX-programme-final-20261008/apps/android/app/src/main/java/city/utopia/control/Devices.kt:39:66 Java type mismatch: inferred type is 'Nothing?', but 'String' was expected.
w: file:///D:/Utopia-tree/REX-801-890/Utopia-REX-programme-final-20261008/apps/android/app/src/main/java/city/utopia/control/Devices.kt:44:58 Java type mismatch: inferred type is 'Nothing?', but 'String' was expected.
w: file:///D:/Utopia-tree/REX-801-890/Utopia-REX-programme-final-20261008/apps/android/app/src/main/java/city/utopia/control/MainActivity.kt:175:389 Only safe (?.) or non-null asserted (!!.) calls are allowed on a nullable receiver of type 'Any?'.
w: file:///D:/Utopia-tree/REX-801-890/Utopia-REX-programme-final-20261008/apps/android/app/src/main/java/city/utopia/control/MainActivity.kt:175:495 Only safe (?.) or non-null asserted (!!.) calls are allowed on a nullable receiver of type 'Any?'.

> Task :app:compileDebugJavaWithJavac NO-SOURCE
> Task :app:processDebugJavaRes
> Task :app:bundleDebugClassesToRuntimeJar
> Task :app:bundleDebugClassesToCompileJar

> Task :app:compileDebugUnitTestKotlin FAILED
e: file:///D:/Utopia-tree/REX-801-890/Utopia-REX-programme-final-20261008/apps/android/app/src/test/java/city/utopia/control/OwnerControlsTest.kt:8:26 Unresolved reference 'OwnerControlDraft'.
e: file:///D:/Utopia-tree/REX-801-890/Utopia-REX-programme-final-20261008/apps/android/app/src/test/java/city/utopia/control/OwnerControlsTest.kt:11:9 Unresolved reference 'parseOwnerControlDraft'.
e: file:///D:/Utopia-tree/REX-801-890/Utopia-REX-programme-final-20261008/apps/android/app/src/test/java/city/utopia/control/OwnerControlsTest.kt:12:41 Unresolved reference 'getString'.
e: file:///D:/Utopia-tree/REX-801-890/Utopia-REX-programme-final-20261008/apps/android/app/src/test/java/city/utopia/control/OwnerControlsTest.kt:12:66 Unresolved reference 'ownerControlValidation'.
e: file:///D:/Utopia-tree/REX-801-890/Utopia-REX-programme-final-20261008/apps/android/app/src/test/java/city/utopia/control/OwnerControlsTest.kt:15:12 Unresolved reference 'ownerControlAction'.
e: file:///D:/Utopia-tree/REX-801-890/Utopia-REX-programme-final-20261008/apps/android/app/src/test/java/city/utopia/control/OwnerControlsTest.kt:20:14 Unresolved reference 'ownerControlValidation'.
e: file:///D:/Utopia-tree/REX-801-890/Utopia-REX-programme-final-20261008/apps/android/app/src/test/java/city/utopia/control/OwnerControlsTest.kt:21:14 Unresolved reference 'ownerControlValidation'.
e: file:///D:/Utopia-tree/REX-801-890/Utopia-REX-programme-final-20261008/apps/android/app/src/test/java/city/utopia/control/OwnerControlsTest.kt:22:14 Unresolved reference 'ownerControlValidation'.
e: file:///D:/Utopia-tree/REX-801-890/Utopia-REX-programme-final-20261008/apps/android/app/src/test/java/city/utopia/control/OwnerControlsTest.kt:23:14 Unresolved reference 'ownerControlValidation'.
e: file:///D:/Utopia-tree/REX-801-890/Utopia-REX-programme-final-20261008/apps/android/app/src/test/java/city/utopia/control/OwnerControlsTest.kt:26:12 Unresolved reference 'OwnerControlForm'.
e: file:///D:/Utopia-tree/REX-801-890/Utopia-REX-programme-final-20261008/apps/android/app/src/test/java/city/utopia/control/OwnerControlsTest.kt:31:9 Unresolved reference 'OwnerControlDraft'.
e: file:///D:/Utopia-tree/REX-801-890/Utopia-REX-programme-final-20261008/apps/android/app/src/test/java/city/utopia/control/OwnerControlsTest.kt:32:14 Unresolved reference 'ownerControlValidation'.
e: file:///D:/Utopia-tree/REX-801-890/Utopia-REX-programme-final-20261008/apps/android/app/src/test/java/city/utopia/control/OwnerControlsTest.kt:32:59 Unresolved reference 'ownerControlAction'.
e: file:///D:/Utopia-tree/REX-801-890/Utopia-REX-programme-final-20261008/apps/android/app/src/test/java/city/utopia/control/OwnerControlsTest.kt:34:14 Unresolved reference 'ownerControlValidation'.
e: file:///D:/Utopia-tree/REX-801-890/Utopia-REX-programme-final-20261008/apps/android/app/src/test/java/city/utopia/control/OwnerControlsTest.kt:34:91 Unresolved reference 'ownerControlValidation'.
e: file:///D:/Utopia-tree/REX-801-890/Utopia-REX-programme-final-20261008/apps/android/app/src/test/java/city/utopia/control/OwnerControlsTest.kt:37:12 Unresolved reference 'parseOwnerControls'.
e: file:///D:/Utopia-tree/REX-801-890/Utopia-REX-programme-final-20261008/apps/android/app/src/test/java/city/utopia/control/OwnerControlsTest.kt:41:12 Unresolved reference 'parseOwnerControls'.
e: file:///D:/Utopia-tree/REX-801-890/Utopia-REX-programme-final-20261008/apps/android/app/src/test/java/city/utopia/control/OwnerControlsTest.kt:42:47 Unresolved reference 'state'.
e: file:///D:/Utopia-tree/REX-801-890/Utopia-REX-programme-final-20261008/apps/android/app/src/test/java/city/utopia/control/OwnerControlsTest.kt:42:84 Unresolved reference 'canCollect'.
e: file:///D:/Utopia-tree/REX-801-890/Utopia-REX-programme-final-20261008/apps/android/app/src/test/java/city/utopia/control/OwnerControlsTest.kt:43:134 Unresolved reference 'result'.
e: file:///D:/Utopia-tree/REX-801-890/Utopia-REX-programme-final-20261008/apps/android/app/src/test/java/city/utopia/control/OwnerControlsTest.kt:46:12 Unresolved reference 'parseOwnerControls'.
e: file:///D:/Utopia-tree/REX-801-890/Utopia-REX-programme-final-20261008/apps/android/app/src/test/java/city/utopia/control/OwnerControlsTest.kt:47:44 Unresolved reference 'state'.
e: file:///D:/Utopia-tree/REX-801-890/Utopia-REX-programme-final-20261008/apps/android/app/src/test/java/city/utopia/control/OwnerControlsTest.kt:47:81 Unresolved reference 'result'.
e: file:///D:/Utopia-tree/REX-801-890/Utopia-REX-programme-final-20261008/apps/android/app/src/test/java/city/utopia/control/OwnerControlsTest.kt:47:133 Unresolved reference 'result'.
e: file:///D:/Utopia-tree/REX-801-890/Utopia-REX-programme-final-20261008/apps/android/app/src/test/java/city/utopia/control/OwnerControlsTest.kt:47:189 Unresolved reference 'canStop'.

FAILURE: Build failed with an exception.

* What went wrong:
Execution failed for task ':app:compileDebugUnitTestKotlin'.
> A failure occurred while executing org.jetbrains.kotlin.compilerRunner.GradleCompilerRunnerWithWorkers$GradleKotlinCompilerWorkAction
   > Compilation error. See log for more details

* Try:
> Run with --stacktrace option to get the stack trace.
> Run with --info or --debug option to get more log output.
> Run with --scan to get full insights.
> Get more help at https://help.gradle.org.

BUILD FAILED in 47s
20 actionable tasks: 20 executed
