✖ Web argv JSON preserves empty args, whitespace, punctuation and quoted newlines (1.4397ms)
✖ an explicit empty argv is valid and does not require invented arguments (5.1995ms)
ℹ tests 2
ℹ suites 0
ℹ pass 0
ℹ fail 2
ℹ cancelled 0
ℹ skipped 0
ℹ todo 0
ℹ duration_ms 1014.8516

✖ failing tests:

test at tests\owner-control-argv.test.mjs:5:1
✖ Web argv JSON preserves empty args, whitespace, punctuation and quoted newlines (1.4397ms)
  AssertionError [ERR_ASSERTION]: Expected values to be strictly equal:
  + actual - expected
  
  + 'undefined'
  - 'function'
  
      at TestContext.<anonymous> (file:///D:/Utopia-tree/REX-801-890/Utopia-REX-programme-final-20261008/tests/owner-control-argv.test.mjs:6:9)
      at Test.runInAsyncScope (node:async_hooks:227:14)
      at Test.run (node:internal/test_runner/test:1382:25)
      at Test.start (node:internal/test_runner/test:1242:17)
      at startSubtestAfterBootstrap (node:internal/test_runner/harness:387:17) {
    generatedMessage: true,
    code: 'ERR_ASSERTION',
    actual: 'undefined',
    expected: 'function',
    operator: 'strictEqual',
    diff: 'simple'
  }

test at tests\owner-control-argv.test.mjs:11:1
✖ an explicit empty argv is valid and does not require invented arguments (5.1995ms)
  AssertionError [ERR_ASSERTION]: The expression evaluated to a falsy value:
  
    assert.ok(!out.draft.missingFields.includes('valid argv JSON'))
  
      at TestContext.<anonymous> (file:///D:/Utopia-tree/REX-801-890/Utopia-REX-programme-final-20261008/tests/owner-control-argv.test.mjs:13:55)
      at Test.runInAsyncScope (node:async_hooks:227:14)
      at Test.run (node:internal/test_runner/test:1382:25)
      at Test.processPendingSubtests (node:internal/test_runner/test:960:18)
      at Test.postRun (node:internal/test_runner/test:1522:19)
      at Test.run (node:internal/test_runner/test:1447:12)
      at async startSubtestAfterBootstrap (node:internal/test_runner/harness:387:3) {
    generatedMessage: true,
    code: 'ERR_ASSERTION',
    actual: false,
    expected: true,
    operator: '==',
    diff: 'simple'
  }
