✖ credential replacement clears a completed owner draft and ignores old in-flight replies (6.8982ms)
ℹ tests 1
ℹ suites 0
ℹ pass 0
ℹ fail 1
ℹ cancelled 0
ℹ skipped 0
ℹ todo 0
ℹ duration_ms 1007.381

✖ failing tests:

test at tests\owner-draft-credential-fence.test.mjs:5:1
✖ credential replacement clears a completed owner draft and ignores old in-flight replies (6.8982ms)
  AssertionError [ERR_ASSERTION]: old Owner reply must not survive credential replacement
  
  true !== false
  
      at TestContext.<anonymous> (file:///D:/Utopia-tree/REX-801-890/Utopia-REX-programme-final-20261008/tests/owner-draft-credential-fence.test.mjs:15:9)
      at async Test.run (node:internal/test_runner/test:1389:7)
      at async startSubtestAfterBootstrap (node:internal/test_runner/harness:387:3) {
    generatedMessage: false,
    code: 'ERR_ASSERTION',
    actual: true,
    expected: false,
    operator: 'strictEqual',
    diff: 'simple'
  }
