✔ CAJ 1: a job is refused by name when it cannot be acted on, and never silently half-normalised (2.5937ms)
✔ CAJ 2: the report validator checks the SHAPE and the HONESTY of a claim, never its truth (0.4433ms)
✔ CAJ 3: expiry is decided by a deadline the City clamped, and an unfinished job is the only kind that can expire (1.0041ms)
✔ CAJ 4: an owner-dispatched job reaches a capable node and the agent report comes back labelled as a claim (124.7941ms)
✔ CAJ 5: an incapable node is never handed a job, and the owner can see WHAT it lacks (74.7406ms)
✔ CAJ 6: a report bound to a DIFFERENT job is refused before it becomes the stored result (105.6372ms)
✔ CAJ 7: a report may not contradict the state it is written as, and may not decide what the City decides (91.9312ms)
✔ CAJ 8: a job past its deadline is not handed out, and is REPORTED as expired without rewriting the task (142.3331ms)
✔ CAJ 9: a member cannot dispatch a job or read the job surface, and a City that never enabled it refuses by name (96.0025ms)
✔ CAJ 10: the opposite-side CLI drives the whole channel, and a claim with no work is not a failure (89.3683ms)
✔ CAJ 11: a far-side node goes offline unless it heartbeats, and CLAIMING is what keeps it live (2982.1234ms)
✔ CAJ 12: the CLI really runs as a COMMAND - which is the only way the far side ever uses it (6285.3658ms)
✔ CAJ 13: taking delivery of a report is its own recorded act, and it is an acknowledgement - not a verification (286.521ms)
✔ CAJ 14: the receipt is DERIVED, so it can be recomputed instead of trusted (0.4614ms)
✔ CR-OP 1: a real allowlisted program runs on the other machine and its real bytes come back (1361.4405ms)
✔ CR-OP 2: a non-zero exit is FAILED with the real code, not a silent success (1446.7082ms)
✔ CR-OP 3: every refusal is refused BEFORE a task exists, by its own code (169.0468ms)
✔ CR-OP 4: a member session cannot dispatch, and cannot read the operation log (75.782ms)
✔ CR-OP 5: a City that never turned the capability on refuses it by name (81.0847ms)
✔ CR-OP 6: the timeout kills the program and the receipt says it was a timeout (3086.3152ms)
✔ CR-OP 7: output over the declared ceiling is truncated and SAYS SO (1489.8854ms)
✔ CR-OP 9: a node that does not implement the node half is never handed the task, and is told what it lacks (1826.0509ms)
✔ CR-OP 8: the owner can stop a running operation, and the node really kills the program (2241.2955ms)
✔ Web argv JSON preserves empty args, whitespace, punctuation and quoted newlines (1.4457ms)
✔ an explicit empty argv is valid and does not require invented arguments (1.1592ms)
✔ Web Ask drafts open the real forms, preserve edits and invalidate old confirmations (3705.0011ms)
✔ real HTTP Ask advertises owner controls but every draft leaves canonical task count unchanged (217.4061ms)
✔ Chinese remote request produces an editable draft, without guessing purpose or cwd (3.1065ms)
✔ explicit English quoted fields and JSON argv are data, including shell punctuation (1.9232ms)
✔ Agent request carries the actual instruction and still needs a title/purpose (0.828ms)
✔ device name ambiguity remains unselected, even if both are online (0.27ms)
✔ unknown program is carried for review, never silently replaced with an allowed one (0.1838ms)
✔ member cannot prepare owner controls, including a forged selection/confirm (0.4714ms)
✔ switch OFF is unavailable, not successful and not an executable draft (0.1349ms)
✔ legacy commands fall through unchanged and two owner targets are discoverable (0.2028ms)
✔ credential replacement clears a completed owner draft and ignores old in-flight replies (10.1509ms)
✔ unrelated members cannot read or mutate Owner tasks through generic projections (668.331ms)
✔ UXI-390: every supported action is bound to a handler branch AND a client method (0.9876ms)
✔ UXI-390: no handler branch is unreachable dead code that looks like a handler (0.7178ms)
✔ UXI-390: the per-provider Choose control sends THAT row ref, and cannot send a blank one (0.2138ms)
✔ UXI-390: CHOOSE_PROVIDER is NOT an action-row action - that is the trap Mech named (0.1692ms)
ℹ tests 41
ℹ suites 0
ℹ pass 41
ℹ fail 0
ℹ cancelled 0
ℹ skipped 0
ℹ todo 0
ℹ duration_ms 13859.7711
