✖ real HTTP Ask advertises owner controls but every draft leaves canonical task count unchanged (124.0597ms)
✖ Chinese remote request produces an editable draft, without guessing purpose or cwd (1.5445ms)
✖ explicit English quoted fields and JSON argv are data, including shell punctuation (0.2002ms)
✖ Agent request carries the actual instruction and still needs a title/purpose (0.2104ms)
✖ device name ambiguity remains unselected, even if both are online (0.1737ms)
✖ unknown program is carried for review, never silently replaced with an allowed one (0.1863ms)
✖ member cannot prepare owner controls, including a forged selection/confirm (0.6741ms)
✖ switch OFF is unavailable, not successful and not an executable draft (0.2257ms)
✖ legacy commands fall through unchanged and two owner targets are discoverable (0.2714ms)
ℹ tests 9
ℹ suites 0
ℹ pass 0
ℹ fail 9
ℹ cancelled 0
ℹ skipped 0
ℹ todo 0
ℹ duration_ms 1947.8101

✖ failing tests:

test at tests\owner-control-intents-gateway.test.mjs:7:1
✖ real HTTP Ask advertises owner controls but every draft leaves canonical task count unchanged (124.0597ms)
  AssertionError [ERR_ASSERTION]: The expression evaluated to a falsy value:
  
    assert.ok(targets.some(t=>t.operation==='OWNER_REMOTE_OPERATION'))
  
      at TestContext.<anonymous> (file:///D:/Utopia-tree/REX-801-890/Utopia-REX-programme-final-20261008/tests/owner-control-intents-gateway.test.mjs:13:10)
      at process.processTicksAndRejections (node:internal/process/task_queues:104:5)
      at async Test.run (node:internal/test_runner/test:1389:7)
      at async startSubtestAfterBootstrap (node:internal/test_runner/harness:387:3) {
    generatedMessage: true,
    code: 'ERR_ASSERTION',
    actual: false,
    expected: true,
    operator: '==',
    diff: 'simple'
  }

test at tests\owner-control-intents.test.mjs:7:1
✖ Chinese remote request produces an editable draft, without guessing purpose or cwd (1.5445ms)
  AssertionError [ERR_ASSERTION]: owner control draft resolver must exist
  + actual - expected
  
  + 'undefined'
  - 'function'
  
      at prepare (file:///D:/Utopia-tree/REX-801-890/Utopia-REX-programme-final-20261008/tests/owner-control-intents.test.mjs:5:46)
      at TestContext.<anonymous> (file:///D:/Utopia-tree/REX-801-890/Utopia-REX-programme-final-20261008/tests/owner-control-intents.test.mjs:8:12)
      at Test.runInAsyncScope (node:async_hooks:227:14)
      at Test.run (node:internal/test_runner/test:1382:25)
      at Test.start (node:internal/test_runner/test:1242:17)
      at startSubtestAfterBootstrap (node:internal/test_runner/harness:387:17) {
    generatedMessage: false,
    code: 'ERR_ASSERTION',
    actual: 'undefined',
    expected: 'function',
    operator: 'strictEqual',
    diff: 'simple'
  }

test at tests\owner-control-intents.test.mjs:14:1
✖ explicit English quoted fields and JSON argv are data, including shell punctuation (0.2002ms)
  AssertionError [ERR_ASSERTION]: owner control draft resolver must exist
  + actual - expected
  
  + 'undefined'
  - 'function'
  
      at prepare (file:///D:/Utopia-tree/REX-801-890/Utopia-REX-programme-final-20261008/tests/owner-control-intents.test.mjs:5:46)
      at TestContext.<anonymous> (file:///D:/Utopia-tree/REX-801-890/Utopia-REX-programme-final-20261008/tests/owner-control-intents.test.mjs:15:12)
      at Test.runInAsyncScope (node:async_hooks:227:14)
      at Test.run (node:internal/test_runner/test:1382:25)
      at Test.processPendingSubtests (node:internal/test_runner/test:960:18)
      at Test.postRun (node:internal/test_runner/test:1522:19)
      at Test.run (node:internal/test_runner/test:1447:12)
      at async startSubtestAfterBootstrap (node:internal/test_runner/harness:387:3) {
    generatedMessage: false,
    code: 'ERR_ASSERTION',
    actual: 'undefined',
    expected: 'function',
    operator: 'strictEqual',
    diff: 'simple'
  }

test at tests\owner-control-intents.test.mjs:19:1
✖ Agent request carries the actual instruction and still needs a title/purpose (0.2104ms)
  AssertionError [ERR_ASSERTION]: owner control draft resolver must exist
  + actual - expected
  
  + 'undefined'
  - 'function'
  
      at prepare (file:///D:/Utopia-tree/REX-801-890/Utopia-REX-programme-final-20261008/tests/owner-control-intents.test.mjs:5:46)
      at TestContext.<anonymous> (file:///D:/Utopia-tree/REX-801-890/Utopia-REX-programme-final-20261008/tests/owner-control-intents.test.mjs:20:12)
      at Test.runInAsyncScope (node:async_hooks:227:14)
      at Test.run (node:internal/test_runner/test:1382:25)
      at Test.processPendingSubtests (node:internal/test_runner/test:960:18)
      at Test.postRun (node:internal/test_runner/test:1522:19)
      at Test.run (node:internal/test_runner/test:1447:12)
      at async Test.processPendingSubtests (node:internal/test_runner/test:960:7) {
    generatedMessage: false,
    code: 'ERR_ASSERTION',
    actual: 'undefined',
    expected: 'function',
    operator: 'strictEqual',
    diff: 'simple'
  }

test at tests\owner-control-intents.test.mjs:24:1
✖ device name ambiguity remains unselected, even if both are online (0.1737ms)
  AssertionError [ERR_ASSERTION]: owner control draft resolver must exist
  + actual - expected
  
  + 'undefined'
  - 'function'
  
      at prepare (file:///D:/Utopia-tree/REX-801-890/Utopia-REX-programme-final-20261008/tests/owner-control-intents.test.mjs:5:46)
      at TestContext.<anonymous> (file:///D:/Utopia-tree/REX-801-890/Utopia-REX-programme-final-20261008/tests/owner-control-intents.test.mjs:25:12)
      at Test.runInAsyncScope (node:async_hooks:227:14)
      at Test.run (node:internal/test_runner/test:1382:25)
      at Test.processPendingSubtests (node:internal/test_runner/test:960:18)
      at Test.postRun (node:internal/test_runner/test:1522:19)
      at Test.run (node:internal/test_runner/test:1447:12)
      at async Test.processPendingSubtests (node:internal/test_runner/test:960:7) {
    generatedMessage: false,
    code: 'ERR_ASSERTION',
    actual: 'undefined',
    expected: 'function',
    operator: 'strictEqual',
    diff: 'simple'
  }

test at tests\owner-control-intents.test.mjs:28:1
✖ unknown program is carried for review, never silently replaced with an allowed one (0.1863ms)
  AssertionError [ERR_ASSERTION]: owner control draft resolver must exist
  + actual - expected
  
  + 'undefined'
  - 'function'
  
      at prepare (file:///D:/Utopia-tree/REX-801-890/Utopia-REX-programme-final-20261008/tests/owner-control-intents.test.mjs:5:46)
      at TestContext.<anonymous> (file:///D:/Utopia-tree/REX-801-890/Utopia-REX-programme-final-20261008/tests/owner-control-intents.test.mjs:29:12)
      at Test.runInAsyncScope (node:async_hooks:227:14)
      at Test.run (node:internal/test_runner/test:1382:25)
      at Test.processPendingSubtests (node:internal/test_runner/test:960:18)
      at Test.postRun (node:internal/test_runner/test:1522:19)
      at Test.run (node:internal/test_runner/test:1447:12)
      at async Test.processPendingSubtests (node:internal/test_runner/test:960:7) {
    generatedMessage: false,
    code: 'ERR_ASSERTION',
    actual: 'undefined',
    expected: 'function',
    operator: 'strictEqual',
    diff: 'simple'
  }

test at tests\owner-control-intents.test.mjs:31:1
✖ member cannot prepare owner controls, including a forged selection/confirm (0.6741ms)
  AssertionError [ERR_ASSERTION]: The validation function is expected to return "true". Received false
  
  Caught error:
  
  AssertionError [ERR_ASSERTION]: owner control draft resolver must exist
  + actual - expected
  
  + 'undefined'
  - 'function'
  
      at TestContext.<anonymous> (file:///D:/Utopia-tree/REX-801-890/Utopia-REX-programme-final-20261008/tests/owner-control-intents.test.mjs:32:71)
      at Test.runInAsyncScope (node:async_hooks:227:14)
      at Test.run (node:internal/test_runner/test:1382:25)
      at Test.processPendingSubtests (node:internal/test_runner/test:960:18)
      at Test.postRun (node:internal/test_runner/test:1522:19)
      at Test.run (node:internal/test_runner/test:1447:12)
      at async Test.processPendingSubtests (node:internal/test_runner/test:960:7) {
    generatedMessage: true,
    code: 'ERR_ASSERTION',
    actual: AssertionError [ERR_ASSERTION]: owner control draft resolver must exist
    + actual - expected
    
    + 'undefined'
    - 'function'
    
        at prepare (file:///D:/Utopia-tree/REX-801-890/Utopia-REX-programme-final-20261008/tests/owner-control-intents.test.mjs:5:46)
        at file:///D:/Utopia-tree/REX-801-890/Utopia-REX-programme-final-20261008/tests/owner-control-intents.test.mjs:32:82
        at getActual (node:assert:611:5)
        at strict.throws (node:assert:759:24)
        at TestContext.<anonymous> (file:///D:/Utopia-tree/REX-801-890/Utopia-REX-programme-final-20261008/tests/owner-control-intents.test.mjs:32:71)
        at Test.runInAsyncScope (node:async_hooks:227:14)
        at Test.run (node:internal/test_runner/test:1382:25)
        at Test.processPendingSubtests (node:internal/test_runner/test:960:18)
        at Test.postRun (node:internal/test_runner/test:1522:19)
        at Test.run (node:internal/test_runner/test:1447:12),
    operator: 'throws',
    diff: 'simple'
  }

test at tests\owner-control-intents.test.mjs:34:1
✖ switch OFF is unavailable, not successful and not an executable draft (0.2257ms)
  AssertionError [ERR_ASSERTION]: owner control draft resolver must exist
  + actual - expected
  
  + 'undefined'
  - 'function'
  
      at prepare (file:///D:/Utopia-tree/REX-801-890/Utopia-REX-programme-final-20261008/tests/owner-control-intents.test.mjs:5:46)
      at TestContext.<anonymous> (file:///D:/Utopia-tree/REX-801-890/Utopia-REX-programme-final-20261008/tests/owner-control-intents.test.mjs:35:12)
      at Test.runInAsyncScope (node:async_hooks:227:14)
      at Test.run (node:internal/test_runner/test:1382:25)
      at Test.processPendingSubtests (node:internal/test_runner/test:960:18)
      at Test.postRun (node:internal/test_runner/test:1522:19)
      at Test.run (node:internal/test_runner/test:1447:12)
      at async Test.processPendingSubtests (node:internal/test_runner/test:960:7) {
    generatedMessage: false,
    code: 'ERR_ASSERTION',
    actual: 'undefined',
    expected: 'function',
    operator: 'strictEqual',
    diff: 'simple'
  }

test at tests\owner-control-intents.test.mjs:37:1
✖ legacy commands fall through unchanged and two owner targets are discoverable (0.2714ms)
  AssertionError [ERR_ASSERTION]: owner control draft resolver must exist
  + actual - expected
  
  + 'undefined'
  - 'function'
  
      at prepare (file:///D:/Utopia-tree/REX-801-890/Utopia-REX-programme-final-20261008/tests/owner-control-intents.test.mjs:5:46)
      at TestContext.<anonymous> (file:///D:/Utopia-tree/REX-801-890/Utopia-REX-programme-final-20261008/tests/owner-control-intents.test.mjs:38:15)
      at Test.runInAsyncScope (node:async_hooks:227:14)
      at Test.run (node:internal/test_runner/test:1382:25)
      at Test.processPendingSubtests (node:internal/test_runner/test:960:18)
      at Test.postRun (node:internal/test_runner/test:1522:19)
      at Test.run (node:internal/test_runner/test:1447:12)
      at async Test.processPendingSubtests (node:internal/test_runner/test:960:7) {
    generatedMessage: false,
    code: 'ERR_ASSERTION',
    actual: 'undefined',
    expected: 'function',
    operator: 'strictEqual',
    diff: 'simple'
  }
