REX-890 opposite-host reproduction on Alien-GPT-Final
  artifact D:\Utopia-tree\REX-801-890\Utopia-REX890-Alien-final-20261008\evidence\raw\rex890-studies\2026-10-08-B\artifact
  city     http://172.31.12.151:4310

--- 0 read the package and the recipe it states ---
  package files: 13
  artifact artifact-544adda1-3059-4c6f-ae7d-71ddfd0f3b8c-41-campaigns: campaigns=41 runs=205 measured=205
  the package states 5 reproduction steps; this harness executes them

--- verify the package against its own checksums ---
  checksums: VERIFIED over 12 files

--- rebuild the normalized dataset from the City ---
  this reproduction host sees 2 online device(s)
  rebuilt 205 run references from 41 receipts (the package claims 205)

--- recompute the metrics by the definitions the package states ---
  completion_time_ms=6630 (n=205)  failure_rate=0 (n=205)
  duplicate_execution_count=0  convergence_missing_event_count=0

--- compare with the reported metrics ---
  completion_time_ms: 6630 agrees
  failure_rate: 0 agrees
  duplicate_execution_count: 0 agrees
  convergence_missing_event_count: 0 agrees
  every measured metric carries provenance
  the package declares 3 exclusion(s); this host does not claim them either

--- compare trace and provenance with the City ---
  the package carries 243 trace record(s) of its own
  receipts: 41 pointer(s) listed
  canonical task pointers: 214/214 still exist in this City
  run-to-task join: 205/205 pointers still resolve
  trace pointers: 0/243 in the retained window, +243 resolved from the durable store, +0 from the package's own copy = 243/243 (city completeness=PARTIAL dropped=0)
  experiments: 40 pointer(s) listed
  events: 2291 pointer(s) listed
  every rebuilt run reference carries both its receipt pointer and its canonical task reference

--- execute independently on this host ---
  the package's topology lists 3 node(s) but its runs name 2 executing device(s); declaring the executors
  attached control surface rex890-repro-muz806qy
  independent campaign campaign-5e986b87-3e35-4b23-b32e-21b00bf0b845 -> COMPLETED runs=6 devices=dev-1428bce5297146df88720f270af71bc3,dev-544adda130594c6fae7d71ddfd0f3b8c
  software identity observed from the checkout: utopia@0a4091c7592b964561e2327a576ffd4fd03e88e8 (tree clean)

0 inconsistencies found
report: D:\Utopia-tree\REX-801-890\REX-programme-final-evidence-20261008\final-reproduction\opposite-host-reproduction.json
