✔ CAJ 1: a job is refused by name when it cannot be acted on, and never silently half-normalised (2.8179ms)
✔ CAJ 2: the report validator checks the SHAPE and the HONESTY of a claim, never its truth (0.4668ms)
✔ CAJ 3: expiry is decided by a deadline the City clamped, and an unfinished job is the only kind that can expire (1.4267ms)
✔ CAJ 4: an owner-dispatched job reaches a capable node and the agent report comes back labelled as a claim (138.1311ms)
✔ CAJ 5: an incapable node is never handed a job, and the owner can see WHAT it lacks (69.2153ms)
✔ CAJ 6: a report bound to a DIFFERENT job is refused before it becomes the stored result (95.7074ms)
✔ CAJ 7: a report may not contradict the state it is written as, and may not decide what the City decides (79.0965ms)
✔ CAJ 8: a job past its deadline is not handed out, and is REPORTED as expired without rewriting the task (141.9747ms)
✔ CAJ 9: a member cannot dispatch a job or read the job surface, and a City that never enabled it refuses by name (109.2821ms)
✔ CAJ 10: the opposite-side CLI drives the whole channel, and a claim with no work is not a failure (78.8304ms)
✔ CAJ 11: a far-side node goes offline unless it heartbeats, and CLAIMING is what keeps it live (2952.1989ms)
✔ CAJ 12: the CLI really runs as a COMMAND - which is the only way the far side ever uses it (6312.9121ms)
✔ CAJ 13: taking delivery of a report is its own recorded act, and it is an acknowledgement - not a verification (209.1417ms)
✔ CAJ 14: the receipt is DERIVED, so it can be recomputed instead of trusted (0.718ms)
✔ CR-OP 1: a real allowlisted program runs on the other machine and its real bytes come back (1393.6973ms)
✔ CR-OP 2: a non-zero exit is FAILED with the real code, not a silent success (1714.808ms)
✔ CR-OP 3: every refusal is refused BEFORE a task exists, by its own code (155.3416ms)
✔ CR-OP 4: a member session cannot dispatch, and cannot read the operation log (78.7284ms)
✔ CR-OP 5: a City that never turned the capability on refuses it by name (49.2088ms)
✔ CR-OP 6: the timeout kills the program and the receipt says it was a timeout (3093.4034ms)
✔ CR-OP 7: output over the declared ceiling is truncated and SAYS SO (1515.7461ms)
✔ CR-OP 9: a node that does not implement the node half is never handed the task, and is told what it lacks (2187.4805ms)
✔ CR-OP 8: the owner can stop a running operation, and the node really kills the program (2447.5153ms)
✔ Web Ask drafts open the real forms, preserve edits and invalidate old confirmations (3746.7003ms)
✔ Chinese remote request produces an editable draft, without guessing purpose or cwd (6.8123ms)
✔ explicit English quoted fields and JSON argv are data, including shell punctuation (2.1865ms)
✔ Agent request carries the actual instruction and still needs a title/purpose (1.328ms)
✔ device name ambiguity remains unselected, even if both are online (0.432ms)
✔ unknown program is carried for review, never silently replaced with an allowed one (0.3941ms)
✔ member cannot prepare owner controls, including a forged selection/confirm (0.7959ms)
✔ switch OFF is unavailable, not successful and not an executable draft (0.2576ms)
✔ legacy commands fall through unchanged and two owner targets are discoverable (0.2928ms)
✔ credential replacement clears a completed owner draft and ignores old in-flight replies (7.6324ms)
✔ unrelated members cannot read or mutate Owner tasks through generic projections (549.2484ms)
ℹ tests 34
ℹ suites 0
ℹ pass 34
ℹ fail 0
ℹ cancelled 0
ℹ skipped 0
ℹ todo 0
ℹ duration_ms 14766.3409
