✔ bookmark room creates, edits and deletes bookmarks (112.2002ms)
✔ bookmark room accepts only absolute http(s) URLs (61.0286ms)
✔ bookmark title falls back to the URL and search covers url and note (29.3844ms)
✔ bookmark export/import replaces the collection and rejects bad payloads (75.6679ms)
✔ bookmark data is durable across a hub restart (10.0105ms)
✔ calendar room creates, edits and deletes a dated event (107.8396ms)
✔ calendar room validates dates and times (86.2645ms)
✔ calendar groups events into today, upcoming and past in order (0.8559ms)
✔ calendar scope filters today and upcoming over HTTP (45.244ms)
✔ calendar export/import replaces events and data survives a restart (35.6656ms)
✔ checklist room creates lists and items with progress (111.8016ms)
✔ checklist items can be reordered and deleted (115.1026ms)
✔ checklist clear-completed removes only done items (48.6049ms)
✔ checklist data is durable across a hub restart (13.2047ms)
✔ checklist room avoids City Control task vocabulary (1.2265ms)
✔ csv parser handles quotes, escaped quotes and embedded newlines (1.5085ms)
✔ csv summary reports columns, rows and truncation (0.2623ms)
✔ json parse reports a position for invalid input (0.4072ms)
✔ data lab pretty prints and minifies over HTTP (84.0218ms)
✔ data lab returns a structured error for invalid json and parses valid json (10.6862ms)
✔ data lab csv preview endpoint works and rejects broken csv (16.2896ms)
✔ decision room records a question with options and opens as OPEN (73.4935ms)
✔ decision room appends options and keeps selected option ids stable (30.9042ms)
✔ decision room decide and revisit transitions (57.61ms)
✔ decision room searches and filters by status (107.6983ms)
✔ decision export/import replaces data, validates payloads and survives a restart (76.5148ms)
✔ focus room exposes presets and completes a real short session (111.1752ms)
✔ focus room records an interrupted session honestly after a reload (31.5443ms)
✔ focus room validates session input (47.6058ms)
✔ focus room deletes a session and keeps the rest (62.6036ms)
✔ focus summary counts today using local dates and sessions are durable (14.7854ms)
✔ hash room digest matches Node crypto for fixed inputs (81.4064ms)
✔ hash room compares an expected digest and reports match or mismatch (20.0086ms)
✔ hash room rejects unknown algorithms and writes nothing to runtime (8.3868ms)
✔ room store writes schemaVersion/updatedAt/data and survives a reload (10.9425ms)
✔ room store rejects a wrong schemaVersion and a non-object root (4.4488ms)
✔ store mutations are serialized so concurrent writes do not lose items (24.22ms)
✔ shared helpers normalize text, tags and collection CRUD (5.218ms)
✔ hub serves health, the room catalog and the product shell on loopback (222.5865ms)
✔ hub rejects unknown rooms and unknown routes without touching other rooms (27.8021ms)
✔ static serving never escapes the configured root (2.5184ms)
✔ room data files are isolated: clearing one room leaves the others intact (75.7133ms)
✔ hub configuration defaults to port 4320 and loopback only (0.4788ms)
✔ all ten local rooms are LOCAL_PRODUCT and carry null donor metadata (1.3924ms)
✔ every incubating room declares a full donor and promotion contract (0.5827ms)
✔ lifecycle defaults and metadata projection follow the §5.2 contract (0.1803ms)
✔ a promoted room leaves the active catalog but stays known to Git history (0.3577ms)
✔ promotion records are validated and rejected when malformed (9.6108ms)
✔ promotion cross-checks catch an unknown room, an active room and a path mismatch (0.3781ms)
✔ hub exposes lifecycle metadata and the promotion record set (78.2005ms)
✔ knowledge room creates, lists, edits and deletes entries over HTTP (160.4096ms)
✔ knowledge entries survive a hub restart (12.6553ms)
✔ knowledge search covers title, body and tags and is case-insensitive (91.5009ms)
✔ knowledge export bundle carries format, schemaVersion and full entries (9.0601ms)
✔ knowledge import replaces data and rejects malformed bundles whole (116.2582ms)
✔ knowledge entries are ordered newest-updated first (64.917ms)
✔ a relocated promotion keeps its historical target and names its authority (6.7573ms)
✔ every promotion record still names a landing point under city/ (2.7097ms)
✔ prompt library creates a prompt and derives its variables (75.4387ms)
✔ prompt rendering fills known variables and reports the missing ones (24.7668ms)
✔ prompt values persist with the prompt and are reused as defaults (30.6974ms)
✔ prompt search covers title, template and note (62.1377ms)
✔ prompt export/import replaces the library and the room never calls an AI provider (45.919ms)
✔ text stats count characters, words and lines (1.5869ms)
✔ whitespace and blank-line operations are deterministic (0.254ms)
✔ sort and dedupe behave predictably (0.4379ms)
✔ case operations cover upper, lower and title (0.1959ms)
✔ line diff reports added, removed and identical lines (0.2869ms)
✔ text workshop serves transforms over HTTP and persists nothing (101.3987ms)
ℹ tests 69
ℹ suites 0
ℹ pass 69
ℹ fail 0
ℹ cancelled 0
ℹ skipped 0
ℹ todo 0
ℹ duration_ms 14389.378
