✔ provider, model and account identities stay distinct across multiple accounts (15.8605ms)
✔ stale capability metadata is visible as stale and reads as unknown (0.709ms)
✔ WEB and API readiness are answered independently and may differ (0.6333ms)
✔ a missing provider, model or account produces typed absence, not a throw (0.8534ms)
✔ canonical records refuse raw secret material and keep handles only (1.0874ms)
✔ the registry starts empty and works entirely with synthetic providers (0.7481ms)
✔ registry records are strict about their shape (1.2127ms)
✔ undeclared keys inherited from Object.prototype are refused (0.8227ms)
✔ a secret-shaped name is refused in its plural and compound spellings (0.2726ms)
✔ raw credential bytes are refused in a declared text field, not only under a secret-shaped name (0.4929ms)
✔ one reference cannot name two records, and a parent binding cannot be re-pointed (1.2211ms)
✔ a handle reference is content-addressed and epoch-scoped (0.2241ms)
✔ a stale or unavailable channel is not advertised as supported (0.5077ms)
✔ a missing subject reports its own absence code, and a future observation is not fresh (0.2114ms)
✔ RS-201: enablement is REQUIRED, so an omitted field can never read as enabled (0.3652ms)
✔ RS-201: enablement accepts exactly the two declared states and nothing that merely looks like one (1.0369ms)
✔ RS-201: DISABLED is a user choice, not a capability fact, and does not contaminate freshness (0.2185ms)
✔ RS-201: region is required but explicitly nullable, and is never inferred (0.4925ms)
✔ RS-201: the availability reason vocabulary carries all seven required categories (0.1489ms)
✔ RS-201: disable and re-enable are reversible and destroy nothing (0.3068ms)
✔ RS-201: setEnablement refuses a bad state and answers a bad reference with a typed absence (0.5415ms)
✔ RS-201: a provider with dependents is REFUSED removal, and the dependents are named (0.3945ms)
✔ RS-201: removal tombstones the reference, so RETIRED is distinguishable from UNKNOWN (0.2704ms)
✔ RS-201: restore is the explicit act that makes a removed reference registerable again (0.2686ms)
✔ RS-201: unavailability never removes anything - only an explicit user remove() does (0.1646ms)
✔ RS-201: models and accounts are removable once they have no dependents of their own (0.1979ms)
✔ RS-201: a fresh, enabled, unimpeded record is the ONLY thing that reads AVAILABLE (0.2562ms)
✔ RS-201: staleness is NOT live truth - a stale observation is UNKNOWN, never AVAILABLE (0.129ms)
✔ RS-201: region is checked only against a DECLARED region, so a neutral provider never mismatches (0.1299ms)
✔ RS-201: session and credential reasons come from the account status, and stay apart (0.1926ms)
✔ RS-201: a channel that is UNAVAILABLE is a service fault, and neither is selectable (0.0836ms)
✔ RS-201: precedence is ordered and the user instruction outranks every observation (0.1777ms)
✔ RS-201: the candidate list keeps refused entries WITH their reasons rather than hiding them (0.4978ms)
✔ RS-201: an all-refused pool and an empty pool are distinct, named conditions (0.2071ms)
✔ RS-201: a suggestion is structurally incapable of being an execution (0.3856ms)
✔ RS-201: when nothing is selectable the suggestion says so instead of inventing a fallback (0.3263ms)
✔ RS-201: a probe that answers inside the bound is FRESH, and is then served from cache (0.5138ms)
✔ RS-201: the bound HOLDS - a probe that never answers cannot block the caller (55.1181ms)
✔ RS-201: a missed bound degrades to the last known answer, marked as degraded and aged (47.3046ms)
✔ RS-201: when nothing was ever known, the bound yields NO_DATA and never invents availability (31.445ms)
✔ RS-201: a probe that throws degrades instead of propagating into the calling path (0.7235ms)
✔ RS-201: the probe reports its own bounds and refuses an unusable configuration (0.2954ms)
✔ RS-201: the outcome vocabulary keeps a degraded answer distinguishable from a fresh one (0.1238ms)
ℹ tests 43
ℹ suites 0
ℹ pass 43
ℹ fail 0
ℹ cancelled 0
ℹ skipped 0
ℹ todo 0
ℹ duration_ms 1180.0137
