✔ CEX701 owner sees canonical clone findings and explicitly recovers unbound installation without deleting other devices (3268.4835ms)
✔ CEX701 session sees only own installation and actionable owner guidance; rebind and cross-revoke stay forbidden (1665.147ms)
✔ JOIN-503 (1)(2): one join enrolls an installation, and a RESTART reconnects with nothing typed (230.866ms)
✔ JOIN-503 (3): an EXPIRED session is replaced by an internal re-auth, with no user-visible token prompt (144.0415ms)
✔ JOIN-503 (4)(5): REVOKE denies reconnect, and a revoked installation cannot mint new membership (158.0407ms)
✔ JOIN-503 (6): a REINSTALL mints new identities and is unbound until an explicit rebind (170.7859ms)
✔ JOIN-503 (7): the secret-exposure sweep - no durable secret in the snapshot, events, records or a URL (106.9059ms)
✔ JOIN-503: a broken or foreign device file is refused rather than half-used (7.5117ms)
✔ JOIN-503 (8): the engineering manual fallback still exists and is not the default path (115.9541ms)
✔ JOIN-503: an invite of either shape is understood, and junk is refused instead of guessed at (0.5715ms)
✔ JOIN-503: enrollment events are emitted on a CLONE, which is the population-level half of detection (96.1164ms)
✔ REVIEW JOIN-503 D-1/D-2: a session may act on ITSELF and on nothing else (284.6337ms)
✔ D-1: an enrolled session may NOT revoke another installation, and the refusal really refuses (213.0283ms)
✔ D-2: a session sees ONLY itself - not the roster, and not the City-wide clone scan (141.9538ms)
✔ D-1/D-2: the owner keeps FULL authority, so the repair did not break the surface it protects (180.5252ms)
✔ D-1/D-2: the two sibling guards the review compared against are still in place (160.205ms)
ℹ tests 16
ℹ suites 0
ℹ pass 16
ℹ fail 0
ℹ cancelled 0
ℹ skipped 0
ℹ todo 0
ℹ duration_ms 7496.4182
