✔ CEX701 owner sees canonical clone findings and explicitly recovers unbound installation without deleting other devices (3043.241ms)
✔ CEX701 session sees only own installation and actionable owner guidance; rebind and cross-revoke stay forbidden (1674.268ms)
✖ CEX701 recovery selection and owner confirmation do not survive credential changes (1531.6749ms)
ℹ tests 3
ℹ suites 0
ℹ pass 2
ℹ fail 1
ℹ cancelled 0
ℹ skipped 0
ℹ todo 0
ℹ duration_ms 8574.562

✖ failing tests:

test at tests\cex701-recovery-ui.test.mjs:6:1
✖ CEX701 recovery selection and owner confirmation do not survive credential changes (1531.6749ms)
  AssertionError [ERR_ASSERTION]: Expected values to be strictly equal:
  + actual - expected
  
  + 'dev-7fff8009f42eae13c0d85b11034ce54c'
  - ''
  
      at TestContext.<anonymous> (file:///D:/Utopia-CEX701/tests/cex701-recovery-ui.test.mjs:6:1343)
      at async Test.run (node:internal/test_runner/test:1389:7)
      at async Test.processPendingSubtests (node:internal/test_runner/test:960:7) {
    generatedMessage: true,
    code: 'ERR_ASSERTION',
    actual: 'dev-7fff8009f42eae13c0d85b11034ce54c',
    expected: '',
    operator: 'strictEqual',
    diff: 'simple'
  }
