> Task :app:checkKotlinGradlePluginConfigurationErrors SKIPPED
> Task :app:preBuild UP-TO-DATE
> Task :app:preDebugBuild UP-TO-DATE
> Task :app:checkDebugAarMetadata UP-TO-DATE
> Task :app:generateDebugResValues UP-TO-DATE
> Task :app:mapDebugSourceSetPaths UP-TO-DATE
> Task :app:generateDebugResources UP-TO-DATE
> Task :app:mergeDebugResources UP-TO-DATE
> Task :app:packageDebugResources UP-TO-DATE
> Task :app:parseDebugLocalResources UP-TO-DATE
> Task :app:createDebugCompatibleScreenManifests UP-TO-DATE
> Task :app:extractDeepLinksDebug UP-TO-DATE
> Task :app:processDebugMainManifest UP-TO-DATE
> Task :app:processDebugManifest UP-TO-DATE
> Task :app:processDebugManifestForPackage UP-TO-DATE
> Task :app:processDebugResources UP-TO-DATE
> Task :app:compileDebugKotlin UP-TO-DATE
> Task :app:javaPreCompileDebug UP-TO-DATE
> Task :app:compileDebugJavaWithJavac NO-SOURCE
> Task :app:bundleDebugClassesToRuntimeJar UP-TO-DATE
> Task :app:bundleDebugClassesToCompileJar UP-TO-DATE
> Task :app:preDebugUnitTestBuild UP-TO-DATE
> Task :app:javaPreCompileDebugUnitTest UP-TO-DATE
> Task :app:processDebugJavaRes UP-TO-DATE

> Task :app:compileDebugUnitTestKotlin FAILED
e: file:///D:/Utopia-CEX701/apps/android/app/src/test/java/city/utopia/control/DeviceRecoveryTest.kt:7:13 Unresolved reference 'parseRecoveryState'.
e: file:///D:/Utopia-CEX701/apps/android/app/src/test/java/city/utopia/control/DeviceRecoveryTest.kt:9:14 Unresolved reference 'recoveryMessage'.
e: file:///D:/Utopia-CEX701/apps/android/app/src/test/java/city/utopia/control/DeviceRecoveryTest.kt:12:13 Unresolved reference 'parseRecoveryState'.
e: file:///D:/Utopia-CEX701/apps/android/app/src/test/java/city/utopia/control/DeviceRecoveryTest.kt:14:14 Unresolved reference 'recoveryMessage'.
e: file:///D:/Utopia-CEX701/apps/android/app/src/test/java/city/utopia/control/DeviceRecoveryTest.kt:17:13 Unresolved reference 'parseRecoveryState'.
e: file:///D:/Utopia-CEX701/apps/android/app/src/test/java/city/utopia/control/DeviceRecoveryTest.kt:19:15 Unresolved reference 'recoveryMessage'.
e: file:///D:/Utopia-CEX701/apps/android/app/src/test/java/city/utopia/control/DeviceRecoveryTest.kt:20:15 Unresolved reference 'parseRecoveryState'.
e: file:///D:/Utopia-CEX701/apps/android/app/src/test/java/city/utopia/control/DeviceRecoveryTest.kt:21:49 Unresolved reference 'recoveryMessage'.
e: file:///D:/Utopia-CEX701/apps/android/app/src/test/java/city/utopia/control/DeviceRecoveryTest.kt:24:58 Unresolved reference 'ownerSettingsUrl'.
e: file:///D:/Utopia-CEX701/apps/android/app/src/test/java/city/utopia/control/DeviceRecoveryTest.kt:25:57 Unresolved reference 'ownerSettingsUrl'.
e: file:///D:/Utopia-CEX701/apps/android/app/src/test/java/city/utopia/control/DeviceRecoveryTest.kt:26:183 Unresolved reference 'ownerSettingsUrl'.

FAILURE: Build failed with an exception.

* What went wrong:
Execution failed for task ':app:compileDebugUnitTestKotlin'.
> A failure occurred while executing org.jetbrains.kotlin.compilerRunner.GradleCompilerRunnerWithWorkers$GradleKotlinCompilerWorkAction
   > Compilation error. See log for more details

* Try:
> Run with --stacktrace option to get the stack trace.
> Run with --info or --debug option to get more log output.
> Run with --scan to get full insights.
> Get more help at https://help.gradle.org.

BUILD FAILED in 2s
20 actionable tasks: 1 executed, 19 up-to-date
