✔ Alien independently constructs all workbook negative cases and restart seed consistency (207.5802ms)
✖ a manifest with only a movable branch must not pass exact software provenance validation (71.0487ms)
✖ two equal host references are one physical host, not a TWO_HOST_MESH (73.8869ms)
ℹ tests 3
ℹ suites 0
ℹ pass 1
ℹ fail 2
ℹ cancelled 0
ℹ skipped 0
ℹ todo 0
ℹ duration_ms 1432.9144

✖ failing tests:

test at tests\rex801-alien-independent-review.test.mjs:15:1
✖ a manifest with only a movable branch must not pass exact software provenance validation (71.0487ms)
  AssertionError [ERR_ASSERTION]: Movable branch is not exact software/config provenance
  
  true !== false
  
      at TestContext.<anonymous> (file:///D:/Utopia-REX801-Review/tests/rex801-alien-independent-review.test.mjs:17:329)
      at process.processTicksAndRejections (node:internal/process/task_queues:104:5)
      at async Test.run (node:internal/test_runner/test:1389:7)
      at async Test.processPendingSubtests (node:internal/test_runner/test:960:7) {
    generatedMessage: false,
    code: 'ERR_ASSERTION',
    actual: true,
    expected: false,
    operator: 'strictEqual',
    diff: 'simple'
  }

test at tests\rex801-alien-independent-review.test.mjs:19:1
✖ two equal host references are one physical host, not a TWO_HOST_MESH (73.8869ms)
  AssertionError [ERR_ASSERTION]: Duplicate refs cannot satisfy physical topology cardinality
  
  true !== false
  
      at TestContext.<anonymous> (file:///D:/Utopia-REX801-Review/tests/rex801-alien-independent-review.test.mjs:21:354)
      at process.processTicksAndRejections (node:internal/process/task_queues:104:5)
      at async Test.run (node:internal/test_runner/test:1389:7)
      at async Test.processPendingSubtests (node:internal/test_runner/test:960:7) {
    generatedMessage: false,
    code: 'ERR_ASSERTION',
    actual: true,
    expected: false,
    operator: 'strictEqual',
    diff: 'simple'
  }
