✔ a well-formed manifest validates, and carries no invented defaults (3.1011ms)
✔ a missing field is reported, never defaulted (1.3908ms)
✔ an impossible topology is refused, in each of the ways it can be impossible (1.1685ms)
✔ an unknown capability is refused against the supplied vocabulary, and nothing is assumed (0.3484ms)
✔ conflicting and duplicated variables are refused (0.2666ms)
✔ software identity must be exact: a short SHA or a branch name is refused by name (0.6589ms)
✔ stop conditions and artifact policy are explicit, and an unknown kind is refused (0.3697ms)
✔ the seed sequence is deterministic, total and independent of the host (0.8893ms)
✔ a manifest may not carry task-domain keys: this is not a second task database (0.4194ms)
✖ Alien independently constructs all workbook negative cases and restart seed consistency (184.8872ms)
✔ a manifest with only a movable branch must not pass exact software provenance validation (75.0195ms)
✔ an experiment can be listed, validated, registered, inspected, seeded — without ever being run (236.5156ms)
✔ the research routes require the control credential: a worker cannot certify the experiment it runs (78.9472ms)
✔ an invalid manifest is refused with every issue at once, and the rejection is stored as evidence (95.7983ms)
✔ manifests survive a gateway restart, and a broken file is reported instead of silently dropped (132.6379ms)
✔ the registry itself refuses task-domain keys and never offers an update (3.1122ms)
ℹ tests 16
ℹ suites 0
ℹ pass 15
ℹ fail 1
ℹ cancelled 0
ℹ skipped 0
ℹ todo 0
ℹ duration_ms 3417.7028

✖ failing tests:

test at tests\rex801-alien-independent-review.test.mjs:8:1
✖ Alien independently constructs all workbook negative cases and restart seed consistency (184.8872ms)
  AssertionError [ERR_ASSERTION]: Expected values to be strictly equal:
  
  422 !== 200
  
      at TestContext.<anonymous> (file:///D:/Utopia-REX801-Review/tests/rex801-alien-independent-review.test.mjs:12:9)
      at process.processTicksAndRejections (node:internal/process/task_queues:104:5)
      at async Test.run (node:internal/test_runner/test:1389:7)
      at async startSubtestAfterBootstrap (node:internal/test_runner/harness:387:3) {
    generatedMessage: true,
    code: 'ERR_ASSERTION',
    actual: 422,
    expected: 200,
    operator: 'strictEqual',
    diff: 'simple'
  }
