✔ bookmark room creates, edits and deletes bookmarks (93.8779ms)
✔ bookmark room accepts only absolute http(s) URLs (43.4972ms)
✔ bookmark title falls back to the URL and search covers url and note (26.6364ms)
✔ bookmark export/import replaces the collection and rejects bad payloads (59.6504ms)
✔ bookmark data is durable across a hub restart (9.6302ms)
✔ calendar room creates, edits and deletes a dated event (99.7489ms)
✔ calendar room validates dates and times (74.5201ms)
✔ calendar groups events into today, upcoming and past in order (0.8039ms)
✔ calendar scope filters today and upcoming over HTTP (54.5702ms)
✔ calendar export/import replaces events and data survives a restart (33.1001ms)
✔ checklist room creates lists and items with progress (94.6551ms)
✔ checklist items can be reordered and deleted (106.9263ms)
✔ checklist clear-completed removes only done items (47.1011ms)
✔ checklist data is durable across a hub restart (13.4071ms)
✔ checklist room avoids City Control task vocabulary (1.2305ms)
✔ csv parser handles quotes, escaped quotes and embedded newlines (1.5796ms)
✔ csv summary reports columns, rows and truncation (0.2583ms)
✔ json parse reports a position for invalid input (0.4173ms)
✔ data lab pretty prints and minifies over HTTP (70.7558ms)
✔ data lab returns a structured error for invalid json and parses valid json (10.7332ms)
✔ data lab csv preview endpoint works and rejects broken csv (20.4299ms)
✔ decision room records a question with options and opens as OPEN (69.784ms)
✔ decision room appends options and keeps selected option ids stable (23.6167ms)
✔ decision room decide and revisit transitions (44.5865ms)
✔ decision room searches and filters by status (76.7931ms)
✔ decision export/import replaces data, validates payloads and survives a restart (67.629ms)
✔ focus room exposes presets and completes a real short session (92.5556ms)
✔ focus room records an interrupted session honestly after a reload (26.1729ms)
✔ focus room validates session input (34.1037ms)
✔ focus room deletes a session and keeps the rest (67.2989ms)
✔ focus summary counts today using local dates and sessions are durable (15.247ms)
✔ hash room digest matches Node crypto for fixed inputs (88.4678ms)
✔ hash room compares an expected digest and reports match or mismatch (24.0307ms)
✔ hash room rejects unknown algorithms and writes nothing to runtime (9.068ms)
✔ room store writes schemaVersion/updatedAt/data and survives a reload (10.7859ms)
✔ room store rejects a wrong schemaVersion and a non-object root (4.5186ms)
✔ store mutations are serialized so concurrent writes do not lose items (24.0789ms)
✔ shared helpers normalize text, tags and collection CRUD (5.3656ms)
✔ hub serves health, the room catalog and the product shell on loopback (180.4959ms)
✔ hub rejects unknown rooms and unknown routes without touching other rooms (26.7288ms)
✔ static serving never escapes the configured root (2.4335ms)
✔ room data files are isolated: clearing one room leaves the others intact (71.2396ms)
✔ hub configuration defaults to port 4320 and loopback only (0.4971ms)
✔ all ten local rooms are LOCAL_PRODUCT and carry null donor metadata (1.4092ms)
✔ every incubating room declares a full donor and promotion contract (0.5902ms)
✔ lifecycle defaults and metadata projection follow the §5.2 contract (0.1911ms)
✔ a promoted room leaves the active catalog but stays known to Git history (0.3875ms)
✔ promotion records are validated and rejected when malformed (11.2589ms)
✔ promotion cross-checks catch an unknown room, an active room and a path mismatch (0.4158ms)
✔ hub exposes lifecycle metadata and the promotion record set (68.1971ms)
✔ knowledge room creates, lists, edits and deletes entries over HTTP (140.0579ms)
✔ knowledge entries survive a hub restart (17.8577ms)
✔ knowledge search covers title, body and tags and is case-insensitive (56.6256ms)
✔ knowledge export bundle carries format, schemaVersion and full entries (10.2894ms)
✔ knowledge import replaces data and rejects malformed bundles whole (103.9949ms)
✔ knowledge entries are ordered newest-updated first (51.6196ms)
✔ a relocated promotion keeps its historical target and names its authority (7.2424ms)
✔ every promotion record still names a landing point under city/ (2.8766ms)
✔ prompt library creates a prompt and derives its variables (80.2125ms)
✔ prompt rendering fills known variables and reports the missing ones (17.2205ms)
✔ prompt values persist with the prompt and are reused as defaults (28.0463ms)
✔ prompt search covers title, template and note (49.4543ms)
✔ prompt export/import replaces the library and the room never calls an AI provider (43.9019ms)
✔ text stats count characters, words and lines (1.5676ms)
✔ whitespace and blank-line operations are deterministic (0.2596ms)
✔ sort and dedupe behave predictably (0.3922ms)
✔ case operations cover upper, lower and title (0.2632ms)
✔ line diff reports added, removed and identical lines (0.3048ms)
✔ text workshop serves transforms over HTTP and persists nothing (94.5814ms)
ℹ tests 69
ℹ suites 0
ℹ pass 69
ℹ fail 0
ℹ cancelled 0
ℹ skipped 0
ℹ todo 0
ℹ duration_ms 14179.5884
