✔ REX803 campaigns: every repetition is a real canonical task, and the receipt accounts for all of them (395.1976ms)
✔ REX803 campaigns: the surface is owner-only, and every refusal is typed (229.6764ms)
✔ REX803 campaigns: the topology gate is measured against live refs, and its refusal states what was missing (109.7052ms)
✔ REX803 campaigns: stopping cancels the canonical task the run had already created (196.9441ms)
✔ REX805 real canonical original/replay/ablation preserve selected seed and change target policy only (770.8022ms)
✔ REX805 replay API is Owner-only and lists truthful bounded mechanism support (90.4659ms)
✔ REX805 an unbounded HTTP campaign remains comparable after runner normalizes absent limits (343.355ms)
✔ REX806 S1: the owner can read the artifact export and its preview (157.9487ms)
✔ REX806 S2: a member session cannot read the artifact export (158.6133ms)
✔ REX806 S3: the CSV surface matches the module and stays table-ready (79.6867ms)
✔ REX806 S4: the preview is bounded and says so (77.1531ms)
✔ REX806 S5: an export with nothing behind it is refused by name (66.9873ms)
✔ REX806 S6: the owner download retains the enrolled member identities (105.9371ms)
✔ REX806 S7: corrupt receipt loss remains visible in full, preview and CSV responses (92.3921ms)
✔ REX806 S8: a 51-receipt City labels its bounded download as partial (138.884ms)
✔ REX806 verifier accepts justified unavailable completion after canonical task loss (1021.2156ms)
✔ REX806 verifier accepts the published six-decimal failure rate precision (998.749ms)
✔ REX806 verifier accepts justified unavailable rates for an all-refused study (1186.8611ms)
✔ REX806 V1: the verifier passes an untampered artifact (987.3277ms)
✔ REX806 V2: a tampered metric value is caught (1007.6404ms)
✔ REX806 V3: an emptied NOT_MEASURED reason is caught (994.6688ms)
✔ REX806 V4: a missing section is caught (1025.8725ms)
✔ REX806 V5: a changed dataset timestamp is caught (976.3901ms)
✔ REX806 V6: a fabricated intervention count is caught (976.3652ms)
✔ REX806 missing canonical tasks remain counted rather than being filtered from convergence (2.143ms)
✔ REX806 A1: the artifact carries every section the workbook names (2.9344ms)
✔ REX806 A2: every named metric appears, with a value and provenance or NOT_MEASURED and a reason (0.5135ms)
✔ REX806 A3: an unobserved intervention window is NOT_MEASURED, never 0 (0.3849ms)
✔ REX806 A4: an export with no real campaign is refused (0.4205ms)
✔ REX806 A5: the evaluator refuses a value with no provenance and NOT_MEASURED with no reason (0.5125ms)
✔ REX806 A6: every dataset row carries a raw pointer and a seed-placement verdict (0.246ms)
✔ REX806 A7: checksums cover the exact bytes and change when a byte changes (1.0438ms)
✔ REX806 A8: the paper-ready table leads with G3/G4 and keeps their NOT_MEASURED reasons visible (0.4081ms)
✔ REX806 A9: the artifact separates statistics from narrative and refuses the autonomy inference (0.4657ms)
✔ REX806 A10: richer campaign data does not conjure Owner-side metrics (0.7187ms)
✔ REX806 A11: warmup runs are classified separately from failures (0.4865ms)
✔ REX806 A12: a refused campaign stays visible as undelivered planned runs (0.5658ms)
✔ REX806 A13: an ablation placement is judged against its policy, and the seed comparison is kept separately (0.3288ms)
✔ REX806 CLI retains canonical deviceId members in the downloaded topology (1321.9037ms)
✔ REX806 CLI partial download itself names an unreadable receipt without requiring terminal output (1071.425ms)
✔ REX806 CLI partial download itself names the latest missing receipt (1085.8904ms)
✔ REX806 CLI exposes a known truncated receipt window as partial (1104.4346ms)
✔ REX806 CLI survives an unreadable detail after a readable listing (1077.036ms)
ℹ tests 43
ℹ suites 0
ℹ pass 43
ℹ fail 0
ℹ cancelled 0
ℹ skipped 0
ℹ todo 0
ℹ duration_ms 13019.906
