✔ REX803 campaigns: every repetition is a real canonical task, and the receipt accounts for all of them (353.393ms)
✔ REX803 campaigns: the surface is owner-only, and every refusal is typed (184.7319ms)
✔ REX803 campaigns: the topology gate is measured against live refs, and its refusal states what was missing (94.6389ms)
✔ REX803 campaigns: stopping cancels the canonical task the run had already created (235.0313ms)
✔ REX805 real canonical original/replay/ablation preserve selected seed and change target policy only (602.967ms)
✔ REX805 replay API is Owner-only and lists truthful bounded mechanism support (87.3585ms)
✔ REX805 an unbounded HTTP campaign remains comparable after runner normalizes absent limits (303.5851ms)
✔ REX806 S1: the owner can read the artifact export and its preview (153.6032ms)
✔ REX806 S2: a member session cannot read the artifact export (135.3386ms)
✔ REX806 S3: the CSV surface matches the module and stays table-ready (81.8716ms)
✔ REX806 S4: the preview is bounded and says so (82.6403ms)
✔ REX806 S5: an export with nothing behind it is refused by name (65.605ms)
✔ REX806 S6: the owner download retains the enrolled member identities (100.5574ms)
✔ REX806 S7: corrupt receipt loss remains visible in full, preview and CSV responses (85.1941ms)
✔ REX806 S8: a 51-receipt City labels its bounded download as partial (124.9397ms)
✔ REX806 S9: corruption between the receipt listing and detail keeps the readable study (77.8813ms)
✔ REX806 verifier accepts justified unavailable completion after canonical task loss (1018.4597ms)
✔ REX806 verifier accepts the published six-decimal failure rate precision (989.2242ms)
✔ REX806 verifier accepts justified unavailable rates for an all-refused study (985.0304ms)
✔ REX806 V1: the verifier passes an untampered artifact (999.0557ms)
✔ REX806 V2: a tampered metric value is caught (998.7988ms)
✔ REX806 V3: an emptied NOT_MEASURED reason is caught (992.6063ms)
✔ REX806 V4: a missing section is caught (990.343ms)
✔ REX806 V5: a changed dataset timestamp is caught (992.1676ms)
✔ REX806 V6: a fabricated intervention count is caught (987.4596ms)
✔ REX806 missing canonical tasks remain counted rather than being filtered from convergence (2.0658ms)
✔ REX806 A1: the artifact carries every section the workbook names (2.1216ms)
✔ REX806 A2: every named metric appears, with a value and provenance or NOT_MEASURED and a reason (0.4998ms)
✔ REX806 A3: an unobserved intervention window is NOT_MEASURED, never 0 (0.3417ms)
✔ REX806 A4: an export with no real campaign is refused (0.4032ms)
✔ REX806 A5: the evaluator refuses a value with no provenance and NOT_MEASURED with no reason (0.4815ms)
✔ REX806 A6: every dataset row carries a raw pointer and a seed-placement verdict (0.2412ms)
✔ REX806 A7: checksums cover the exact bytes and change when a byte changes (0.9975ms)
✔ REX806 A8: the paper-ready table leads with G3/G4 and keeps their NOT_MEASURED reasons visible (0.3714ms)
✔ REX806 A9: the artifact separates statistics from narrative and refuses the autonomy inference (0.3903ms)
✔ REX806 A10: richer campaign data does not conjure Owner-side metrics (0.3709ms)
✔ REX806 A11: warmup runs are classified separately from failures (0.2323ms)
✔ REX806 A12: a refused campaign stays visible as undelivered planned runs (0.3079ms)
✔ REX806 A13: an ablation placement is judged against its policy, and the seed comparison is kept separately (0.2433ms)
✔ REX806 CLI retains canonical deviceId members in the downloaded topology (1094.0403ms)
✔ REX806 CLI partial download itself names an unreadable receipt without requiring terminal output (1069.5305ms)
✔ REX806 CLI partial download itself names the latest missing receipt (1089.1003ms)
✔ REX806 CLI exposes a known truncated receipt window as partial (1071.3492ms)
✔ REX806 CLI survives an unreadable detail after a readable listing (1061.3054ms)
ℹ tests 44
ℹ suites 0
ℹ pass 44
ℹ fail 0
ℹ cancelled 0
ℹ skipped 0
ℹ todo 0
ℹ duration_ms 12765.8106
