✔ 705: side-effect unknown/strict target/still-live worker cannot silently retry (0.9327ms)
✔ 712: reconciliation is bounded and proposes, never invents task/stop proof or repeats live start (0.7962ms)
✔ 713: stale SLO observations and unknown preference cannot trigger irreversible/paid/offload change (0.2393ms)
✔ 714: origin projection requires current session ownership and bounded gap-aware deduplicated cursor (0.6247ms)
✔ 728: bridge uses canonical methods; result delivery is distinct from explicit session consumption (0.5383ms)
✔ 727: actual ConnectorPort methods required; missing runtime stays unavailable, no CPU substitution (0.3691ms)
✔ 709: opaque digest-checked artifacts reject traversal, revoked access and bounded quota overflow (20.0736ms)
✔ 710: actual local CPU process produces JSON digest and identifies host/process; bounded/cancelled input refused (1006.3585ms)
✔ 711: explicit compatible checkpoint restore completes identical CPU sum; incompatible input/attempt refused (1049.7448ms)
✔ 703: declared DAG executes concurrent independent stages, dependency before consumer and cancellation propagates (37.1823ms)
✔ 703: byte/item credit cannot overflow, double acknowledge, or continue after cancel (0.6129ms)
✔ 709: caller metadata cannot overwrite storage identity, digest, size or schema version (1.9428ms)
✔ 703: final-stage failure is never returned as an empty successful plan (0.4845ms)
✔ 706: remote work requires independent authorization, sharing, data scope, expiry and budget (1.729ms)
✔ 706: default policy remains origin-only; requests cannot broaden authority (0.2711ms)
✔ 725: provider capabilities are typed; cooperative process cannot claim hard isolation (0.4195ms)
✔ 708: canonical identity preserved; numeric/resource/QoS/version/depth inputs fail closed (0.6556ms)
✔ 726: capsule binds immutable task/session/attempt/host/boot/epoch/digest; receipt is untrusted (1.1051ms)
✔ full local candidate: two real CPU applications execute through canonical admission/artifacts/capsule/receipt/origin/consumption (2122.2633ms)
✔ review: canonical task ownership cannot be substituted by a caller workload (68.2436ms)
✔ review: terminal attempt retention remains bounded without stopping job 257 (3003.715ms)
✔ review: separate artifact stores cannot acknowledge over-quota concurrent publications (9.3182ms)
✔ 702: feasibility precedes ranking; stale/unknown/untrusted/strict/capability constraints cannot win (1.9474ms)
✔ 704/712: canonical CAS admission, idempotence, epoch fencing, commit and restart preserve one task truth (142.1626ms)
✔ 704: changed policy/version or observation cannot be admitted (95.4108ms)
✔ 704: bounded fair queue alternates app ownership and aging protects starvation (1.9528ms)
✔ 715: projection labels absent execution/consumption separately and cannot mutate canonical state (0.4438ms)
✔ 716: deployment plan is explicit opt-in, schema gated and never installs itself (0.1854ms)
✔ 707: existing canonical trace vocabulary reused; disabled/throwing sidecar never alters caller outcome (1.3339ms)
✔ 721/723: freeze actual/simulated evidence separately; adaptation cannot bypass approved feasible proposals (0.4849ms)
✔ 720: actual driver units parsed; unsupported power/thermal remain unknown; bad memory never becomes zero (0.3682ms)
✔ optional: model/Linux/Android worker/HA readiness cannot be inferred from installed software or control client (0.1607ms)
✔ review: NOT_RUN/UNKNOWN and string false are never observed prerequisites (0.1471ms)
✔ 715: existing gateway exposes owner-only, read-only PCF projection without enabling execution (130.5746ms)
✔ canonical Task uses COMPLETED while capsule outcome remains SUCCEEDED (74.1293ms)
✔ uncertain side effects keep running canonical truth, reservation and visible attention (63.5615ms)
✔ default gateway retains readonly fabric and does not admit PCF jobs (128.7646ms)
✔ explicit approved local owner executes CPU and acknowledges digest (1215.0367ms)
✔ enabled without approved device refuses startup (1.1744ms)
✔ legacy cancellation cannot change PCF state and member session has no owner authority (1116.0241ms)
✔ legacy backend cannot claim or report a capsule-owned PCF task; ordinary WAIT remains claimable (161.549ms)
✔ owned CPU work waits for durable start callback before receiving input (1023.1906ms)
✔ storage refusal before input stops the owned CPU child and cannot publish success (923.5188ms)
✔ recovery refuses timeout, PID-only, stale epoch, revoked authority and unknown effects (74.9434ms)
✔ bound owned-stop proof requeues the same Task/Action once and fences old output (64.1964ms)
✔ authority revoked during asynchronous stop proof cannot release or requeue (60.7476ms)
✔ opt-in canonical port uses two actual CPU processes through headless agents and WBC pool (2246.6907ms)
✔ durable claim nonce, exact principal and current grant block replay or revoked worker (102.227ms)
✔ report refuses stale epoch, forged capsule, wrong bytes and missing trusted close proof (1168.1934ms)
✔ stop control requests stop without committing terminal state (78.199ms)
✔ registration bridge rechecks current worker grant instead of granting an invented membership (57.5698ms)
✔ claim nonce survives reconstructed port and dormant port grants no endpoints (78.6271ms)
✔ enabled remote port requires a synchronous current authority boundary (74.2448ms)
✔ claim refuses owner revocation during awaited worker recheck before durable nonce (81.6575ms)
✔ dispatch refuses worker revocation during final awaited owner policy read (83.994ms)
✔ report refuses grant revocation during final awaited owner read without canonical completion (1148.434ms)
✔ input delivery refuses owner revocation during awaited artifact read (78.8258ms)
✔ approved service creates one existing canonical task/action, starts independently of UI and returns once to bound caller (1211.3776ms)
✔ service bounds queue, rejects unapproved/cross-device work, drains and preserves cancel terminal truth (75.5443ms)
✔ live policy revocation before dispatch prevents a process launch and does not invent side effects (100.7768ms)
✔ a second supervisor cannot take ownership merely because time elapsed (93.9222ms)
✔ drain fences an admission awaiting current authority and creates no late Task or Action (59.9259ms)
✔ PCF-700 C1: a City with no fabric or workbench configuration starts and serves with the default backend (150.0316ms)
✔ PCF-700 C2: a legacy untargeted task is still claimable by any able node (117.3128ms)
✔ PCF-700 C3: a task whose strict target is absent is withheld from other nodes, never silently re-routed (114.2781ms)
✔ PCF-700 C4: a result returns to the canonical origin surface, not only to the executor (92.9272ms)
✔ PCF-700 C5: a legacy descriptor is tolerated by the contract, and the live route states what it requires (69.5551ms)
✔ PCF-700 C6: the HYBRID helper is exported but NOT wired into the gateway (frozen as NOT_WIRED) (1.3262ms)
✔ PCF-700 C7: the pooled backend is registered but not active, and the strict-target guard is wired into claim (59.8536ms)
✔ PCF-700 D1: no backend module imports a front-end module, so the UI -> backend direction stays acyclic (415.8788ms)
✔ PCF-700 D2: every endpoint a user surface names is one the gateway actually serves (378.6369ms)
✔ PCF-700 D3: every engineering and general-ai contract carries at least one test (415.6782ms)
✔ PCF-700 D4: the fabric stays inside its declared paths, and no other domain imports it (391.667ms)
✔ Alien CPU: Windows warmup must not publish the loadavg placeholder zero (1.2384ms)
✔ Alien CPU: Windows samples a real counter interval instead of loadavg zeros (0.2671ms)
✔ Alien CPU: counter reset is unknown and reestablishes the next interval (0.959ms)
✔ Alien CPU: absent or unchanged counters never claim an observed zero (0.3549ms)
✔ PCF-701 T1: missing, NaN, negative and wrong-unit values never become 0 (1.8658ms)
✔ PCF-701 T2: an out-of-order sample does not overwrite a newer value (0.3355ms)
✔ PCF-701 T3: a sample from another boot epoch is not mixed into this boot (0.1678ms)
✔ PCF-701 T4: a backwards clock cannot keep stale data fresh (0.3719ms)
✔ PCF-701 T5: freshness at a later time expires, and a rewound caller clock cannot resurrect it (0.9697ms)
✔ PCF-701 T6: an absent optional adapter is UNSUPPORTED, not zero (0.177ms)
✔ PCF-701 T7: a probe that never returns does not freeze the executor (35.2003ms)
✔ PCF-701 T8: a failed sampler is reported, and still no value is invented (0.5097ms)
✔ PCF-701 T9: the buffer is bounded and its drops are visible (0.4092ms)
✔ PCF-701 T10: collection is rate limited and a throttled call does not probe (0.4699ms)
✔ PCF-701 T11: measurement overhead is measured, not guessed (0.3648ms)
✔ PCF-701 T12: only authorised surfaces are ever looked at (0.787ms)
✔ PCF-701 T14: total, free, reserved and in-use are separate facts, and one bad facet fails alone (0.3096ms)
✔ PCF-701 T15: a free figure larger than its total is refused as two unusable numbers (0.192ms)
✔ PCF-701 T16: the system adapter reports what it can read and names what it cannot (3.9514ms)
✔ PCF-701 T17: an unavailable adapter keeps its dimensions named instead of dropping them (0.2778ms)
✔ PCF-701 T18: latency belongs to a PATH, and an unmeasured path is never 0 ms (0.7774ms)
✔ PCF-701 T19: a probe that hangs or lies becomes a bounded failure with growing backoff (87.0994ms)
✔ PCF-701 T20: throughput is measured by moving bytes, never inferred from latency (30.5889ms)
✔ PCF-701 T21: a queue with no declared source is UNSUPPORTED, never zero (0.9261ms)
✔ PCF-701 T22: occupancy is the runtime’s own responsiveness, measured or declared unsupported (2.4653ms)
✔ PCF-701 T13: the same sample and context always produce the same observation (replayable) (0.7847ms)
✔ pins and leases survive restart and revoked bytes are visibly deleted (25.6324ms)
✔ corruption and authorization revoked before publication keep bytes unavailable (12.6104ms)
✔ authorization revoked during direct publication removes partial and restores quota (2.7208ms)
✔ expired and revoked partials can be authorized cancelled with visible cleanup failure and retry (13.7293ms)
✔ transfer publish recovers index fault and descriptor cleanup fault idempotently without double quota (20.3951ms)
✔ cancelled journal-owned blob after chained index and cleanup faults remains counted unavailable storage (24.4712ms)
✔ repository input manifest includes explicit dirty content and refuses secrets and traversal (0.8169ms)
✔ transfer descriptors cannot overwrite owner authorization or schema (1.9325ms)
✔ partial transfer resumes across instances only with matching version and digest (14.3735ms)
✔ approved fenced new attempt restores real chunked CPU state and retains old binding (25.1388ms)
✔ new attempt recovery rejects absent compatibility and legacy same-attempt remains readable (7.5682ms)
✔ 713 explicit measured miss only reduces own approved queue parallelism and user disable restores it (2.8386ms)
✔ 713 unknown, stale and unapproved readings cannot actuate or claim hard realtime (0.7657ms)
✔ 713 bounded sampling and generation fencing prevent late actuation after disable or revoke (252.4636ms)
✔ 715 controls require configured running service; results returned and caller ack do not become Agent consumption (1.4285ms)
✔ 715 malformed number input and stored task markup cannot cross the control form boundary (1.6421ms)
✔ 715 actual browser preserves open/focused drafts and results through snapshots with approved local controls (17366.4913ms)
✔ 716 preflight rejects unsafe configuration and host conditions (2.8812ms)
✔ 716 lifecycle defaults opt out and dry run; install duplicate and undrained upgrade refuse (0.6743ms)
✔ 716 update requires completed drain, uses ordered canary and rolls back failed verification (1.043ms)
✔ 716 failed canary never switches; rollback failure remains attention (0.6623ms)
✔ 716 bounded logs omit credentials and health probe rejects credentials (1.0843ms)
✔ 716 independent owned child survives absent control surface and stops through its adapter (1016.1057ms)
✔ 716 PowerShell opt-out never reads missing config or creates candidate (598.9812ms)
✔ 716 review duplicate START preserves one owned runtime (0.2942ms)
✔ 716 review restored running manifest cannot uninstall unknown runtime (0.2544ms)
✔ 716 review restored owned runtime reconciles before stopping and uninstalling (0.3655ms)
✔ 716 review invalid rollback never calls adapter or corrupts manifest (0.2196ms)
✔ 716 review real ancestor junction cannot redirect candidate metadata writes (808.0551ms)
﹣ 718 portable fixed worker uses real POSIX process lifecycle on Linux CI (0.6752ms) # No Linux runtime on this host; Linux CI component evidence is separate from physical acceptance
✔ PCF-719 service stays non-exported and has no launch-intent grant (0.8923ms)
✔ PCF-719 visibility comes from observed application lifecycle and fresh execution checks (0.2116ms)
✔ PCF-719 allowlist, identity separation and fail-closed resource gates remain bounded (0.2446ms)
✔ 720 stable driver/device identity, explicit units and safe integer bounds reject overflow and ambiguous source (1.707ms)
✔ 720 current canonical reservations and explicit safety constraints refuse stale/driver-change/hot/unknown measurements (0.5964ms)
✔ 720 optional adapter reuses 701 observations and does not silently aggregate heterogeneous GPUs (1.2163ms)
✔ 720 absent driver remains UNSUPPORTED rather than invented zero (104.3314ms)
✔ 720 malformed OBSERVED shape cannot invent available VRAM or survive invalid freshness (0.2566ms)
✔ 720 real registry retains failed driver reads as UNKNOWN while absent driver remains UNSUPPORTED (0.7164ms)
✔ configuration is detached, deeply frozen and refuses simulated actual labels (1.7089ms)
✔ two actual local CPU workloads retain repetitions, canonical task/action, trace replay and digests (6381.4603ms)
✔ authority refusals retained and never presented as completed CPU execution (1433.1698ms)
✔ counterfactual strategies reuse safety shield and never dispatch (0.3821ms)
✔ stopping rule preserves every remaining planned trial as NOT_RUN (1467.1495ms)
✔ trace replay rejects changed persisted normalization rather than asserting successful execution replay (3645.3914ms)
✔ source mismatch and dirty checkout cannot become frozen provenance (8130.8123ms)
✔ events infrastructure failure retains completed trial and every remaining planned sample in persisted report (3184.0946ms)
✔ report persistence failure exposes recoverable planned ledger and cannot report success (748.8154ms)
warning: in the working copy of 'source.mjs', LF will be replaced by CRLF the next time Git touches it
warning: in the working copy of 'source.mjs', LF will be replaced by CRLF the next time Git touches it
warning: in the working copy of 'source.mjs', LF will be replaced by CRLF the next time Git touches it
warning: in the working copy of 'source.mjs', LF will be replaced by CRLF the next time Git touches it
✔ staged-only source contents and index changes alter bounded snapshot identity in an isolated repository (3457.1176ms)
✔ fixed invocation never accepts arbitrary argv or latest session (1.8761ms)
✔ unapproved provider remains NOT_RUN and unknown attachment refused (0.9269ms)
✔ real subprocess fixture captures JSONL exit and refuses duplicate attempt (1054.1909ms)
✔ bounded malformed stream fails and cancellation waits for process close (1996.4855ms)
✔ adapter binds real ConnectorPort inventory without claiming readiness (0.4732ms)
✔ nonzero exit and invalid JSONL do not become success (2060.8058ms)
✔ caller mutation across workspace validation cannot change verified execution (1062.9057ms)
✔ production cannot inject a workspace validator or provider fixture argv (0.3523ms)
✔ owned start is persisted before stdin and durable exit precedes collection (1073.1287ms)
✔ receipt disk failure is ATTENTION and cannot be collected (1057.9689ms)
✔ owner start refusal closes the owned process without delivering stdin (977.1275ms)
✔ never-settling owner start has a bounded ATTENTION receipt and abort fence (1029.3776ms)
✔ late receipt persistence cannot turn callback timeout into success (1095.2741ms)
✔ component fixture: real Store admission capsule subprocess durable receipt and same-caller consume (1259.567ms)
✔ facade forwards canonical receipts and keeps delivered distinct from consumed (1.4925ms)
✔ each invocation rechecks current authority including retrieval (0.2051ms)
ℹ tests 164
ℹ suites 0
ℹ pass 163
ℹ fail 0
ℹ cancelled 0
ℹ skipped 1
ℹ todo 0
ℹ duration_ms 63917.3065
