✔ bounded canonical projection exposes active task, binding and exact event evidence without raw secrets (126.6473ms)
✔ overflow and missing history remain visible; fresh snapshot reflects canonical state, not cached truth (94.6736ms)
✔ slow/disconnected observation never gates real canonical task persistence (75.0502ms)
✔ real API claim/report projection follows persisted lifecycle and cannot execute commands (106.5376ms)
✔ stalled HTTP monitor request and broken reader leave independent create/cancel requests working (80.5768ms)
✔ invalid limits cannot create unbounded queries, single flight and unknown populations stay honest (67.4246ms)
✔ deleted historical prefix and tail cannot be reported as complete history (80.6493ms)
✔ Gateway shares outstanding observation and retains stale last view on later source failure (71.7445ms)
✔ Alien: completed work does not imply an offline host is holding executable work or current retry/wait (11.6497ms)
✔ Alien: missing coverage metadata cannot yield a calm graph (0.3591ms)
✔ Alien: collapsed normal work stays collapsed in actual rendered overview, with stable visible order (2.3807ms)
✔ Alien: a path preserves observed event provenance and explicitly unknown timing (0.4474ms)
✔ Alien browser: offline invalidates a delayed monitor response (1460.4652ms)
✔ Alien browser: an old credential response cannot replace the new scope or another page (885.4297ms)
✔ Alien browser: a newer canonical snapshot arriving during a fetch receives a follow-up projection (929.4747ms)
✔ Alien browser: assignment path reaches real canonical event in three interactions (1300.933ms)
✔ Alien browser: cluster expands, edge filter is reachable and evidence opens exact canonical reference (1852.6102ms)
✔ MON-902 graph: every risk level is one of the declared vocabulary and never a boolean (18.1819ms)
✔ MON-902 graph: a failed task and an offline device holding work are ACTIVE risks that reach the summary (1.395ms)
✔ MON-902 graph: an offline device with no work assigned is a WATCH, not an incident (0.3264ms)
✔ MON-902 graph: absence of retries is NOT claimed from a truncated event window (0.7202ms)
✔ MON-902 graph: repeated hand-off refusals for one task become one ACTIVE risk with its count (0.6303ms)
✔ MON-902 graph: a task waiting on a device is a WATCH until that device reports ready (0.3454ms)
✔ MON-902 graph: a monitor that cannot see must not look calm (0.5309ms)
✔ MON-902 graph: a path pointing at an absent device is reported as a causality gap (0.4047ms)
✔ MON-902 graph: the edge filter removes types from the picture and never invents others (0.3805ms)
✔ MON-902 graph: a large city collapses unremarkable work but never collapses an active risk (2.922ms)
✔ MON-902 graph: the layout does not reshuffle because an event arrived (0.608ms)
✔ MON-902 graph: the interaction budget from overview to a risk is stated and small (0.3612ms)
✔ MON-902 graph: owner-required state is reported as observable or explicitly not observable, never as none (0.3054ms)
✔ MON-902 graph: an invalid view is refused rather than projected into a comfortable empty city (0.729ms)
✔ MON-902 panel: an active risk is visible on the overview without opening anything (2.3508ms)
✔ MON-902 panel: raw projection vocabulary does not render outside the disclosure (11.218ms)
✔ MON-902 panel: a calm banner is never printed over a city the projection cannot see (0.6363ms)
✔ MON-902 panel: a collapsed cluster still reports the risk it contains (1.3056ms)
✔ MON-902 panel: the node inspector answers what, why, who and what-next, and keeps the exact reference (1.4242ms)
✔ MON-902 panel: a path with no stated cause is shown as unexplained, not as fine (0.4705ms)
✔ MON-902 panel: a stale selection says so instead of rendering an empty panel (0.212ms)
✔ MON-902 panel: ids and labels from the city are escaped in text and attribute positions (0.341ms)
✔ MON-902 panel: every word the surface uses exists in both locale packs, including every risk code (1.6684ms)
✔ MON-902 panel: the shell exposes the page and fetches the real route (1.0687ms)
✔ MON-902 panel: the page is wired to the real gateway projection route end to end (196.1842ms)
ℹ tests 42
ℹ suites 0
ℹ pass 42
ℹ fail 0
ℹ cancelled 0
ℹ skipped 0
ℹ todo 0
ℹ duration_ms 10003.6663
