✔ bounded canonical projection exposes active task, binding and exact event evidence without raw secrets (137.3674ms)
✔ overflow and missing history remain visible; fresh snapshot reflects canonical state, not cached truth (94.4322ms)
✔ slow/disconnected observation never gates real canonical task persistence (74.8484ms)
✔ real API claim/report projection follows persisted lifecycle and cannot execute commands (112.3929ms)
✔ stalled HTTP monitor request and broken reader leave independent create/cancel requests working (86.5024ms)
✔ invalid limits cannot create unbounded queries, single flight and unknown populations stay honest (68.6338ms)
✔ deleted historical prefix and tail cannot be reported as complete history (75.3818ms)
✔ Gateway shares outstanding observation and retains stale last view on later source failure (69.0842ms)
✔ Alien: completed work does not imply an offline host is holding executable work or current retry/wait (11.8384ms)
✔ Alien: missing coverage metadata cannot yield a calm graph (0.3437ms)
✔ Alien: collapsed normal work stays collapsed in actual rendered overview, with stable visible order (2.4324ms)
✔ Alien: a path preserves observed event provenance and explicitly unknown timing (0.4641ms)
✔ Alien: a failure points to its matching transition, not an unrelated later event (0.2022ms)
✔ Alien browser: offline invalidates a delayed monitor response (1518.7274ms)
✔ Alien browser: an old credential response cannot replace the new scope or another page (1048.8912ms)
✔ Alien browser: a newer canonical snapshot arriving during a fetch receives a follow-up projection (861.0182ms)
✔ Alien browser: assignment path reaches real canonical event in three interactions (1457.0604ms)
✔ Alien browser: cluster expands, edge filter is reachable and evidence opens exact canonical reference (1912.318ms)
✔ MON-902 graph: every risk level is one of the declared vocabulary and never a boolean (14.3561ms)
✔ MON-902 graph: a failed task and an offline device holding work are ACTIVE risks that reach the summary (1.2015ms)
✔ MON-902 graph: an offline device with no work assigned is a WATCH, not an incident (0.3378ms)
✔ MON-902 graph: absence of retries is NOT claimed from a truncated event window (0.769ms)
✔ MON-902 graph: repeated hand-off refusals for one task become one ACTIVE risk with its count (0.5858ms)
✔ MON-902 graph: a task waiting on a device is a WATCH until that device reports ready (0.3149ms)
✔ MON-902 graph: a monitor that cannot see must not look calm (0.4894ms)
✔ MON-902 graph: a path pointing at an absent device is reported as a causality gap (0.4018ms)
✔ MON-902 graph: the edge filter removes types from the picture and never invents others (0.3581ms)
✔ MON-902 graph: a large city collapses unremarkable work but never collapses an active risk (3.3856ms)
✔ MON-902 graph: the layout does not reshuffle because an event arrived (0.478ms)
✔ MON-902 graph: the interaction budget from overview to a risk is stated and small (0.316ms)
✔ MON-902 graph: owner-required state is reported as observable or explicitly not observable, never as none (0.2746ms)
✔ MON-902 graph: an invalid view is refused rather than projected into a comfortable empty city (0.7067ms)
✔ MON-902 panel: an active risk is visible on the overview without opening anything (2.9805ms)
✔ MON-902 panel: raw projection vocabulary does not render outside the disclosure (16.7178ms)
✔ MON-902 panel: a calm banner is never printed over a city the projection cannot see (0.7608ms)
✔ MON-902 panel: a collapsed cluster still reports the risk it contains (1.5366ms)
✔ MON-902 panel: the node inspector answers what, why, who and what-next, and keeps the exact reference (1.6871ms)
✔ MON-902 panel: a path with no stated cause is shown as unexplained, not as fine (0.5956ms)
✔ MON-902 panel: a stale selection says so instead of rendering an empty panel (0.2128ms)
✔ MON-902 panel: ids and labels from the city are escaped in text and attribute positions (0.3087ms)
✔ MON-902 panel: every word the surface uses exists in both locale packs, including every risk code (1.6819ms)
✔ MON-902 panel: the shell exposes the page and fetches the real route (1.2648ms)
✔ MON-902 panel: the page is wired to the real gateway projection route end to end (224.2367ms)
ℹ tests 43
ℹ suites 0
ℹ pass 43
ℹ fail 0
ℹ cancelled 0
ℹ skipped 0
ℹ todo 0
ℹ duration_ms 10334.4391
