✔ 705: side-effect unknown/strict target/still-live worker cannot silently retry (0.997ms)
✔ 712: reconciliation is bounded and proposes, never invents task/stop proof or repeats live start (0.7639ms)
✔ 713: stale SLO observations and unknown preference cannot trigger irreversible/paid/offload change (0.2672ms)
✔ 714: origin projection requires current session ownership and bounded gap-aware deduplicated cursor (0.6203ms)
✔ 728: bridge uses canonical methods; result delivery is distinct from explicit session consumption (0.5419ms)
✔ 727: actual ConnectorPort methods required; missing runtime stays unavailable, no CPU substitution (0.3895ms)
✔ 709: opaque digest-checked artifacts reject traversal, revoked access and bounded quota overflow (314.557ms)
✔ 710: actual local CPU process produces JSON digest and identifies host/process; bounded/cancelled input refused (1043.9324ms)
✔ 711: explicit compatible checkpoint restore completes identical CPU sum; incompatible input/attempt refused (1028.7444ms)
✔ 703: declared DAG executes concurrent independent stages, dependency before consumer and cancellation propagates (29.5916ms)
✔ 703: byte/item credit cannot overflow, double acknowledge, or continue after cancel (0.3742ms)
✔ 709: caller metadata cannot overwrite storage identity, digest, size or schema version (1.9782ms)
✔ 703: final-stage failure is never returned as an empty successful plan (0.4388ms)
✔ 706: remote work requires independent authorization, sharing, data scope, expiry and budget (1.7251ms)
✔ 706: default policy remains origin-only; requests cannot broaden authority (0.2434ms)
✔ 725: provider capabilities are typed; cooperative process cannot claim hard isolation (0.4048ms)
✔ 708: canonical identity preserved; numeric/resource/QoS/version/depth inputs fail closed (0.625ms)
✔ 726: capsule binds immutable task/session/attempt/host/boot/epoch/digest; receipt is untrusted (1.509ms)
✔ full local candidate: two real CPU applications execute through canonical admission/artifacts/capsule/receipt/origin/consumption (2163.2644ms)
✔ review: canonical task ownership cannot be substituted by a caller workload (71.3732ms)
✔ review: terminal attempt retention remains bounded without stopping job 257 (2118.9697ms)
✔ review: separate artifact stores cannot acknowledge over-quota concurrent publications (8.0072ms)
✔ 702: feasibility precedes ranking; stale/unknown/untrusted/strict/capability constraints cannot win (3.1355ms)
✔ 704/712: canonical CAS admission, idempotence, epoch fencing, commit and restart preserve one task truth (133.9744ms)
✔ 704: changed policy/version or observation cannot be admitted (93.1808ms)
✔ 704: bounded fair queue alternates app ownership and aging protects starvation (1.6399ms)
✔ 715: projection labels absent execution/consumption separately and cannot mutate canonical state (0.3737ms)
✔ 716: deployment plan is explicit opt-in, schema gated and never installs itself (0.181ms)
✔ 707: existing canonical trace vocabulary reused; disabled/throwing sidecar never alters caller outcome (1.1806ms)
✔ 721/723: freeze actual/simulated evidence separately; adaptation cannot bypass approved feasible proposals (0.4481ms)
✔ 720: actual driver units parsed; unsupported power/thermal remain unknown; bad memory never becomes zero (0.3331ms)
✔ optional: model/Linux/Android worker/HA readiness cannot be inferred from installed software or control client (0.1565ms)
✔ review: NOT_RUN/UNKNOWN and string false are never observed prerequisites (0.2092ms)
✔ 715: existing gateway exposes owner-only, read-only PCF projection without enabling execution (86.6859ms)
✔ PCF-700 C1: a City with no fabric or workbench configuration starts and serves with the default backend (86.7039ms)
✔ PCF-700 C2: a legacy untargeted task is still claimable by any able node (58.7099ms)
✔ PCF-700 C3: a task whose strict target is absent is withheld from other nodes, never silently re-routed (47.1674ms)
✔ PCF-700 C4: a result returns to the canonical origin surface, not only to the executor (54.8241ms)
✔ PCF-700 C5: a legacy descriptor is tolerated by the contract, and the live route states what it requires (46.2118ms)
✔ PCF-700 C6: the HYBRID helper is exported but NOT wired into the gateway (frozen as NOT_WIRED) (1.3527ms)
✔ PCF-700 C7: the pooled backend is registered but not active, and the strict-target guard is wired into claim (29.8875ms)
✔ PCF-700 D1: no backend module imports a front-end module, so the UI -> backend direction stays acyclic (428.2117ms)
✔ PCF-700 D2: every endpoint a user surface names is one the gateway actually serves (366.5394ms)
✔ PCF-700 D3: every engineering and general-ai contract carries at least one test (426.5865ms)
✔ PCF-700 D4: the fabric stays inside its declared paths, and no other domain imports it (397.6478ms)
✔ Alien CPU: Windows warmup must not publish the loadavg placeholder zero (1.277ms)
✔ Alien CPU: Windows samples a real counter interval instead of loadavg zeros (0.2846ms)
✔ Alien CPU: counter reset is unknown and reestablishes the next interval (0.889ms)
✔ Alien CPU: absent or unchanged counters never claim an observed zero (0.289ms)
✔ PCF-701 T1: missing, NaN, negative and wrong-unit values never become 0 (1.8835ms)
✔ PCF-701 T2: an out-of-order sample does not overwrite a newer value (0.3646ms)
✔ PCF-701 T3: a sample from another boot epoch is not mixed into this boot (0.1685ms)
✔ PCF-701 T4: a backwards clock cannot keep stale data fresh (0.9951ms)
✔ PCF-701 T5: freshness at a later time expires, and a rewound caller clock cannot resurrect it (0.4746ms)
✔ PCF-701 T6: an absent optional adapter is UNSUPPORTED, not zero (0.196ms)
✔ PCF-701 T7: a probe that never returns does not freeze the executor (33.8347ms)
✔ PCF-701 T8: a failed sampler is reported, and still no value is invented (0.4267ms)
✔ PCF-701 T9: the buffer is bounded and its drops are visible (0.3972ms)
✔ PCF-701 T10: collection is rate limited and a throttled call does not probe (0.4558ms)
✔ PCF-701 T11: measurement overhead is measured, not guessed (0.3084ms)
✔ PCF-701 T12: only authorised surfaces are ever looked at (0.7782ms)
✔ PCF-701 T14: total, free, reserved and in-use are separate facts, and one bad facet fails alone (0.3241ms)
✔ PCF-701 T15: a free figure larger than its total is refused as two unusable numbers (0.2084ms)
✔ PCF-701 T16: the system adapter reports what it can read and names what it cannot (4.6437ms)
✔ PCF-701 T17: an unavailable adapter keeps its dimensions named instead of dropping them (0.2985ms)
✔ PCF-701 T18: latency belongs to a PATH, and an unmeasured path is never 0 ms (0.7911ms)
✔ PCF-701 T19: a probe that hangs or lies becomes a bounded failure with growing backoff (93.5905ms)
✔ PCF-701 T20: throughput is measured by moving bytes, never inferred from latency (28.7734ms)
✔ PCF-701 T21: a queue with no declared source is UNSUPPORTED, never zero (0.5709ms)
✔ PCF-701 T22: occupancy is the runtime’s own responsiveness, measured or declared unsupported (1.5604ms)
✔ PCF-701 T13: the same sample and context always produce the same observation (replayable) (0.5812ms)
ℹ tests 71
ℹ suites 0
ℹ pass 71
ℹ fail 0
ℹ cancelled 0
ℹ skipped 0
ℹ todo 0
ℹ duration_ms 11606.4709
