✖ review: canonical task ownership cannot be substituted by a caller workload (74.2759ms)
✖ review: terminal attempt retention remains bounded without stopping job 257 (3871.5404ms)
✖ review: separate artifact stores cannot acknowledge over-quota concurrent publications (8.2693ms)
ℹ tests 3
ℹ suites 0
ℹ pass 0
ℹ fail 3
ℹ cancelled 0
ℹ skipped 0
ℹ todo 0
ℹ duration_ms 5008.7012

✖ failing tests:

test at tests\pcf-full-review-findings.test.mjs:7:1
✖ review: canonical task ownership cannot be substituted by a caller workload (74.2759ms)
  AssertionError [ERR_ASSERTION]: Missing expected exception.
      at TestContext.<anonymous> (file:///D:/Utopia-tree/PCF-700-790/Utopia-PCF-FullFlow-Alien-20261007/tests/pcf-full-review-findings.test.mjs:7:331)
      at async Test.run (node:internal/test_runner/test:1389:7)
      at async startSubtestAfterBootstrap (node:internal/test_runner/harness:387:3) {
    generatedMessage: false,
    code: 'ERR_ASSERTION',
    actual: undefined,
    expected: undefined,
    operator: 'throws',
    diff: 'simple'
  }

test at tests\pcf-full-review-findings.test.mjs:8:1
✖ review: terminal attempt retention remains bounded without stopping job 257 (3871.5404ms)
  Error: ATTEMPT_LIMIT
      at requireThat (file:///D:/Utopia-tree/PCF-700-790/Utopia-PCF-FullFlow-Alien-20261007/services/personal-compute-fabric/validation.mjs:2:79)
      at file:///D:/Utopia-tree/PCF-700-790/Utopia-PCF-FullFlow-Alien-20261007/services/personal-compute-fabric/admission.mjs:21:281
      at file:///D:/Utopia-tree/PCF-700-790/Utopia-PCF-FullFlow-Alien-20261007/services/personal-compute-fabric/canonical-state-adapter.mjs:9:189
      at Store.atomic (file:///D:/Utopia-tree/PCF-700-790/Utopia-PCF-FullFlow-Alien-20261007/services/dev-gateway/store.mjs:106:62)
      at Object.transaction (file:///D:/Utopia-tree/PCF-700-790/Utopia-PCF-FullFlow-Alien-20261007/services/personal-compute-fabric/canonical-state-adapter.mjs:9:52)
      at claimAttempt (file:///D:/Utopia-tree/PCF-700-790/Utopia-PCF-FullFlow-Alien-20261007/services/personal-compute-fabric/admission.mjs:21:90)
      at TestContext.<anonymous> (file:///D:/Utopia-tree/PCF-700-790/Utopia-PCF-FullFlow-Alien-20261007/tests/pcf-full-review-findings.test.mjs:8:468)
      at async Test.run (node:internal/test_runner/test:1389:7)
      at async Test.processPendingSubtests (node:internal/test_runner/test:960:7) {
    code: 'ATTEMPT_LIMIT'
  }

test at tests\pcf-full-review-findings.test.mjs:9:1
✖ review: separate artifact stores cannot acknowledge over-quota concurrent publications (8.2693ms)
  AssertionError [ERR_ASSERTION]: Expected values to be strictly equal:
  
  2 !== 1
  
      at TestContext.<anonymous> (file:///D:/Utopia-tree/PCF-700-790/Utopia-PCF-FullFlow-Alien-20261007/tests/pcf-full-review-findings.test.mjs:9:494)
      at async Test.run (node:internal/test_runner/test:1389:7)
      at async Test.processPendingSubtests (node:internal/test_runner/test:960:7) {
    generatedMessage: true,
    code: 'ERR_ASSERTION',
    actual: 2,
    expected: 1,
    operator: 'strictEqual',
    diff: 'simple'
  }
