✔ 705: side-effect unknown/strict target/still-live worker cannot silently retry (0.8902ms)
✔ 712: reconciliation is bounded and proposes, never invents task/stop proof or repeats live start (0.7143ms)
✔ 713: stale SLO observations and unknown preference cannot trigger irreversible/paid/offload change (0.2344ms)
✔ 714: origin projection requires current session ownership and bounded gap-aware deduplicated cursor (0.625ms)
✔ 728: bridge uses canonical methods; result delivery is distinct from explicit session consumption (0.5176ms)
✔ 727: actual ConnectorPort methods required; missing runtime stays unavailable, no CPU substitution (0.3493ms)
✔ 709: opaque digest-checked artifacts reject traversal, revoked access and bounded quota overflow (17.9126ms)
✔ 710: actual local CPU process produces JSON digest and identifies host/process; bounded/cancelled input refused (995.5342ms)
✔ 711: explicit compatible checkpoint restore completes identical CPU sum; incompatible input/attempt refused (994.8675ms)
✔ 703: declared DAG executes concurrent independent stages, dependency before consumer and cancellation propagates (34.0692ms)
✔ 703: byte/item credit cannot overflow, double acknowledge, or continue after cancel (0.6086ms)
✔ 709: caller metadata cannot overwrite storage identity, digest, size or schema version (1.0846ms)
✔ 703: final-stage failure is never returned as an empty successful plan (0.3867ms)
✔ 706: remote work requires independent authorization, sharing, data scope, expiry and budget (1.6967ms)
✔ 706: default policy remains origin-only; requests cannot broaden authority (0.24ms)
✔ 725: provider capabilities are typed; cooperative process cannot claim hard isolation (0.3952ms)
✔ 708: canonical identity preserved; numeric/resource/QoS/version/depth inputs fail closed (0.6322ms)
✔ 726: capsule binds immutable task/session/attempt/host/boot/epoch/digest; receipt is untrusted (1.0802ms)
✔ full local candidate: two real CPU applications execute through canonical admission/artifacts/capsule/receipt/origin/consumption (2035.98ms)
✔ 702: feasibility precedes ranking; stale/unknown/untrusted/strict/capability constraints cannot win (1.9512ms)
✔ 704/712: canonical CAS admission, idempotence, epoch fencing, commit and restart preserve one task truth (98.9344ms)
✔ 704: changed policy/version or observation cannot be admitted (66.0813ms)
✔ PCF-700 C1: a City with no fabric or workbench configuration starts and serves with the default backend (125.8521ms)
✔ PCF-700 C2: a legacy untargeted task is still claimable by any able node (94.9536ms)
✔ PCF-700 C3: a task whose strict target is absent is withheld from other nodes, never silently re-routed (82.872ms)
✔ PCF-700 C4: a result returns to the canonical origin surface, not only to the executor (96.1362ms)
✔ PCF-700 C5: a legacy descriptor is tolerated by the contract, and the live route states what it requires (80.4772ms)
✔ PCF-700 C6: the HYBRID helper is exported but NOT wired into the gateway (frozen as NOT_WIRED) (1.2741ms)
✔ PCF-700 C7: the pooled backend is registered but not active, and the strict-target guard is wired into claim (72.168ms)
✔ PCF-700 D1: no backend module imports a front-end module, so the UI -> backend direction stays acyclic (381.2996ms)
✔ PCF-700 D2: every endpoint a user surface names is one the gateway actually serves (333.9753ms)
✔ PCF-700 D3: every engineering and general-ai contract carries at least one test (403.1373ms)
✔ PCF-700 D4: the fabric stays inside its declared paths, and no other domain imports it (346.5395ms)
✔ Alien CPU: Windows warmup must not publish the loadavg placeholder zero (1.2603ms)
✔ Alien CPU: Windows samples a real counter interval instead of loadavg zeros (0.2672ms)
✔ Alien CPU: counter reset is unknown and reestablishes the next interval (0.8041ms)
✔ Alien CPU: absent or unchanged counters never claim an observed zero (0.281ms)
✔ PCF-701 T1: missing, NaN, negative and wrong-unit values never become 0 (1.8604ms)
✔ PCF-701 T2: an out-of-order sample does not overwrite a newer value (0.3455ms)
✔ PCF-701 T3: a sample from another boot epoch is not mixed into this boot (0.1718ms)
✔ PCF-701 T4: a backwards clock cannot keep stale data fresh (0.3836ms)
✔ PCF-701 T5: freshness at a later time expires, and a rewound caller clock cannot resurrect it (0.9824ms)
✔ PCF-701 T6: an absent optional adapter is UNSUPPORTED, not zero (0.1789ms)
✔ PCF-701 T7: a probe that never returns does not freeze the executor (30.3325ms)
✔ PCF-701 T8: a failed sampler is reported, and still no value is invented (0.4175ms)
✔ PCF-701 T9: the buffer is bounded and its drops are visible (0.3802ms)
✔ PCF-701 T10: collection is rate limited and a throttled call does not probe (0.4385ms)
✔ PCF-701 T11: measurement overhead is measured, not guessed (0.3045ms)
✔ PCF-701 T12: only authorised surfaces are ever looked at (0.7595ms)
✔ PCF-701 T14: total, free, reserved and in-use are separate facts, and one bad facet fails alone (0.3049ms)
✔ PCF-701 T15: a free figure larger than its total is refused as two unusable numbers (0.2072ms)
✔ PCF-701 T16: the system adapter reports what it can read and names what it cannot (4.3853ms)
✔ PCF-701 T17: an unavailable adapter keeps its dimensions named instead of dropping them (0.2981ms)
✔ PCF-701 T18: latency belongs to a PATH, and an unmeasured path is never 0 ms (0.7926ms)
✔ PCF-701 T19: a probe that hangs or lies becomes a bounded failure with growing backoff (68.5284ms)
✔ PCF-701 T20: throughput is measured by moving bytes, never inferred from latency (20.6533ms)
✔ PCF-701 T21: a queue with no declared source is UNSUPPORTED, never zero (0.5784ms)
✔ PCF-701 T22: occupancy is the runtime’s own responsiveness, measured or declared unsupported (1.5621ms)
✔ PCF-701 T13: the same sample and context always produce the same observation (replayable) (0.6022ms)
ℹ tests 59
ℹ suites 0
ℹ pass 59
ℹ fail 0
ℹ cancelled 0
ℹ skipped 0
ℹ todo 0
ℹ duration_ms 8391.4902
