✔ 705: side-effect unknown/strict target/still-live worker cannot silently retry (0.9635ms)
✔ 712: reconciliation is bounded and proposes, never invents task/stop proof or repeats live start (0.77ms)
✔ 713: stale SLO observations and unknown preference cannot trigger irreversible/paid/offload change (0.2551ms)
✔ 714: origin projection requires current session ownership and bounded gap-aware deduplicated cursor (0.6593ms)
✔ 728: bridge uses canonical methods; result delivery is distinct from explicit session consumption (0.5601ms)
✔ 727: actual ConnectorPort methods required; missing runtime stays unavailable, no CPU substitution (0.4657ms)
✔ 709: opaque digest-checked artifacts reject traversal, revoked access and bounded quota overflow (13.1243ms)
✔ 710: actual local CPU process produces JSON digest and identifies host/process; bounded/cancelled input refused (1012.2534ms)
✔ 711: explicit compatible checkpoint restore completes identical CPU sum; incompatible input/attempt refused (1025.1171ms)
✔ 703: declared DAG executes concurrent independent stages, dependency before consumer and cancellation propagates (33.1118ms)
✔ 703: byte/item credit cannot overflow, double acknowledge, or continue after cancel (0.3718ms)
✔ 709: caller metadata cannot overwrite storage identity, digest, size or schema version (1.6817ms)
✔ 703: final-stage failure is never returned as an empty successful plan (0.3883ms)
✔ 706: remote work requires independent authorization, sharing, data scope, expiry and budget (1.7095ms)
✔ 706: default policy remains origin-only; requests cannot broaden authority (0.2592ms)
✔ 725: provider capabilities are typed; cooperative process cannot claim hard isolation (0.4ms)
✔ 708: canonical identity preserved; numeric/resource/QoS/version/depth inputs fail closed (0.6395ms)
✔ 726: capsule binds immutable task/session/attempt/host/boot/epoch/digest; receipt is untrusted (1.1064ms)
✔ full local candidate: two real CPU applications execute through canonical admission/artifacts/capsule/receipt/origin/consumption (2166.7374ms)
✔ review: canonical task ownership cannot be substituted by a caller workload (27.3733ms)
✔ review: terminal attempt retention remains bounded without stopping job 257 (1233.789ms)
✔ review: separate artifact stores cannot acknowledge over-quota concurrent publications (7.4778ms)
✔ 702: feasibility precedes ranking; stale/unknown/untrusted/strict/capability constraints cannot win (1.9544ms)
✔ 704/712: canonical CAS admission, idempotence, epoch fencing, commit and restart preserve one task truth (306.5529ms)
✔ 704: changed policy/version or observation cannot be admitted (21.9928ms)
✔ 704: bounded fair queue alternates app ownership and aging protects starvation (1.5439ms)
✔ 715: projection labels absent execution/consumption separately and cannot mutate canonical state (0.3683ms)
✔ 716: deployment plan is explicit opt-in, schema gated and never installs itself (0.1968ms)
✔ 707: existing canonical trace vocabulary reused; disabled/throwing sidecar never alters caller outcome (1.2316ms)
✔ 721/723: freeze actual/simulated evidence separately; adaptation cannot bypass approved feasible proposals (0.4546ms)
✔ 720: actual driver units parsed; unsupported power/thermal remain unknown; bad memory never becomes zero (0.3179ms)
✔ optional: model/Linux/Android worker/HA readiness cannot be inferred from installed software or control client (0.1622ms)
✔ 715: existing gateway exposes owner-only, read-only PCF projection without enabling execution (89.7493ms)
✔ PCF-700 C1: a City with no fabric or workbench configuration starts and serves with the default backend (90.4563ms)
✔ PCF-700 C2: a legacy untargeted task is still claimable by any able node (47.9035ms)
✔ PCF-700 C3: a task whose strict target is absent is withheld from other nodes, never silently re-routed (38.7726ms)
✔ PCF-700 C4: a result returns to the canonical origin surface, not only to the executor (49.218ms)
✔ PCF-700 C5: a legacy descriptor is tolerated by the contract, and the live route states what it requires (35.0496ms)
✔ PCF-700 C6: the HYBRID helper is exported but NOT wired into the gateway (frozen as NOT_WIRED) (1.3058ms)
✔ PCF-700 C7: the pooled backend is registered but not active, and the strict-target guard is wired into claim (29.6665ms)
✔ PCF-700 D1: no backend module imports a front-end module, so the UI -> backend direction stays acyclic (435.2467ms)
✔ PCF-700 D2: every endpoint a user surface names is one the gateway actually serves (346.4543ms)
✔ PCF-700 D3: every engineering and general-ai contract carries at least one test (402.6506ms)
✔ PCF-700 D4: the fabric stays inside its declared paths, and no other domain imports it (366.3366ms)
✔ Alien CPU: Windows warmup must not publish the loadavg placeholder zero (1.3437ms)
✔ Alien CPU: Windows samples a real counter interval instead of loadavg zeros (0.282ms)
✔ Alien CPU: counter reset is unknown and reestablishes the next interval (0.8418ms)
✔ Alien CPU: absent or unchanged counters never claim an observed zero (0.2851ms)
✔ PCF-701 T1: missing, NaN, negative and wrong-unit values never become 0 (1.8416ms)
✔ PCF-701 T2: an out-of-order sample does not overwrite a newer value (0.3392ms)
✔ PCF-701 T3: a sample from another boot epoch is not mixed into this boot (0.1671ms)
✔ PCF-701 T4: a backwards clock cannot keep stale data fresh (0.3847ms)
✔ PCF-701 T5: freshness at a later time expires, and a rewound caller clock cannot resurrect it (1.046ms)
✔ PCF-701 T6: an absent optional adapter is UNSUPPORTED, not zero (0.1848ms)
✔ PCF-701 T7: a probe that never returns does not freeze the executor (27.5198ms)
✔ PCF-701 T8: a failed sampler is reported, and still no value is invented (0.4174ms)
✔ PCF-701 T9: the buffer is bounded and its drops are visible (0.3825ms)
✔ PCF-701 T10: collection is rate limited and a throttled call does not probe (0.4311ms)
✔ PCF-701 T11: measurement overhead is measured, not guessed (0.295ms)
✔ PCF-701 T12: only authorised surfaces are ever looked at (0.752ms)
✔ PCF-701 T14: total, free, reserved and in-use are separate facts, and one bad facet fails alone (0.2995ms)
✔ PCF-701 T15: a free figure larger than its total is refused as two unusable numbers (0.2024ms)
✔ PCF-701 T16: the system adapter reports what it can read and names what it cannot (4.1999ms)
✔ PCF-701 T17: an unavailable adapter keeps its dimensions named instead of dropping them (0.2878ms)
✔ PCF-701 T18: latency belongs to a PATH, and an unmeasured path is never 0 ms (0.7693ms)
✔ PCF-701 T19: a probe that hangs or lies becomes a bounded failure with growing backoff (76.814ms)
✔ PCF-701 T20: throughput is measured by moving bytes, never inferred from latency (32.5289ms)
✔ PCF-701 T21: a queue with no declared source is UNSUPPORTED, never zero (0.601ms)
✔ PCF-701 T22: occupancy is the runtime’s own responsiveness, measured or declared unsupported (1.5928ms)
✔ PCF-701 T13: the same sample and context always produce the same observation (replayable) (0.5877ms)
ℹ tests 70
ℹ suites 0
ℹ pass 70
ℹ fail 0
ℹ cancelled 0
ℹ skipped 0
ℹ todo 0
ℹ duration_ms 11322.5724
