✖ 715: existing gateway exposes owner-only, read-only PCF projection without enabling execution (119.9329ms)
ℹ tests 1
ℹ suites 0
ℹ pass 0
ℹ fail 1
ℹ cancelled 0
ℹ skipped 0
ℹ todo 0
ℹ duration_ms 1249.7767

✖ failing tests:

test at tests\pcf-full-surface.test.mjs:2:1
✖ 715: existing gateway exposes owner-only, read-only PCF projection without enabling execution (119.9329ms)
  AssertionError [ERR_ASSERTION]: Expected values to be strictly equal:
  
  404 !== 200
  
      at TestContext.<anonymous> (file:///D:/Utopia-tree/PCF-700-790/Utopia-PCF-FullFlow-Alien-20261007/tests/pcf-full-surface.test.mjs:2:518)
      at process.processTicksAndRejections (node:internal/process/task_queues:104:5)
      at async Test.run (node:internal/test_runner/test:1389:7)
      at async startSubtestAfterBootstrap (node:internal/test_runner/harness:387:3) {
    generatedMessage: true,
    code: 'ERR_ASSERTION',
    actual: 404,
    expected: 200,
    operator: 'strictEqual',
    diff: 'simple'
  }
