✔ Alien independently constructs all workbook negative cases and restart seed consistency (196.3449ms)
✔ a manifest with only a movable branch must not pass exact software provenance validation (326.2621ms)
✔ two equal host references are one physical host, not a TWO_HOST_MESH (72.6549ms)
✔ an experiment can be listed, validated, registered, inspected, seeded — without ever being run (204.8457ms)
✔ the research routes require the control credential: a worker cannot certify the experiment it runs (76.1408ms)
✔ an invalid manifest is refused with every issue at once, and the rejection is stored as evidence (89.1301ms)
✔ manifests survive a gateway restart, and a broken file is reported instead of silently dropped (129.3802ms)
✔ the registry itself refuses task-domain keys and never offers an update (3.108ms)
✔ CEX790 Web reports validated but unfiled registration and degraded store (1868.5769ms)
✔ Web Research discovers imports validates registers and inspects canonical experiments without running (2070.046ms)
✔ a failed list refresh cannot hide a successful canonical registration (1946.1045ms)
✔ REX801 store guard: a file where research (the registry parent) belongs cannot stop the City (141.7437ms)
✔ REX801 store guard: a file where research/experiments (the registry itself) belongs cannot stop the City (84.2288ms)
✔ REX802 a delayed response cannot remove offline guidance or replace another page (931.159ms)
Error: CONTROLLED_COMMIT_FAILURE
    at file:///D:/Utopia-tree/REX-801-890/Utopia-REX807-Alien-GPT-Review-20261007/tests/rex802-gateway.test.mjs:4:360
    at Store.atomic (file:///D:/Utopia-tree/REX-801-890/Utopia-REX807-Alien-GPT-Review-20261007/services/dev-gateway/store.mjs:106:62)
    at app.store.atomic (file:///D:/Utopia-tree/REX-801-890/Utopia-REX807-Alien-GPT-Review-20261007/tests/rex802-gateway.test.mjs:4:337)
    at atomicWithTrace (file:///D:/Utopia-tree/REX-801-890/Utopia-REX807-Alien-GPT-Review-20261007/services/dev-gateway/server.mjs:194:93)
    at createCityTask (file:///D:/Utopia-tree/REX-801-890/Utopia-REX807-Alien-GPT-Review-20261007/services/dev-gateway/server.mjs:469:12)
    at Server.<anonymous> (file:///D:/Utopia-tree/REX-801-890/Utopia-REX807-Alien-GPT-Review-20261007/services/dev-gateway/server.mjs:1025:13)
    at process.processTicksAndRejections (node:internal/process/task_queues:104:5)
✔ REX802 rolled-back canonical events never enter the trace (92.6442ms)
✔ REX802 member Web surface exposes explicit owner-required guidance (1286.9607ms)
✔ REX802 records only supplied resource samples, preserves zero and declared source time (96.2825ms)
✔ REX802 real Gateway records task references and Web Advanced exposes recording/provenance without secrets (1755.2195ms)
✔ REX802 failing collector cannot break real Gateway task/health and reports partial failure (84.9786ms)
✔ REX802 external resource clocks cannot change canonical sequence time ordering (4.5242ms)
✔ REX802 broken observation clock remains a contained failure (0.5364ms)
✔ REX802 rejects an oversized existing file before rotating or modifying it (7.8387ms)
✔ REX802 rotation remains explicit after restart and restores bounded previous records (14.4916ms)
✔ REX802 pure normalization binds clocks/provenance and retains unknown metrics (0.9598ms)
✔ REX802 canonical tap drops arbitrary payload and credentials; explicit measured zero remains zero (0.2609ms)
✔ REX802 recognizes missing, duplicate, reordered and stale timestamp observations (0.2817ms)
✔ REX802 storage raw-to-normalized replay is reproducible and restart starts new epoch (4.9005ms)
✔ REX802 collector failures and queue bounds are explicit without throwing into callers (1.6784ms)
✔ REX802 hung storage is bounded; queue drop and close do not block indefinitely (53.3567ms)
✔ REX802 early capture waits for restored watermark before normalization (4.443ms)
✔ REX802 supports rule lifecycle, supervision quality and semantic integration without invented defaults (0.6311ms)
✔ REX803 adversarial R-1: a blocked receipt store degrades the campaign surface instead of failing it (218.0199ms)
✔ REX803 adversarial R-2: a canonical task cancelled from outside the campaign is CANCELLED, not FAILED (167.7752ms)
✔ REX803 Alien: malformed interrupted state degrades instead of preventing construction (6.8594ms)
✔ REX803 Alien: resume cannot rename the scenario while executing the old campaign (2.7451ms)
✔ REX803 Alien: a timed-out run keeps its own cleanup scope after the next run begins (92.3286ms)
✔ REX803 Alien: contradictory run measurement cannot manufacture an early successful stop (2.8572ms)
✔ REX803 campaigns: every repetition is a real canonical task, and the receipt accounts for all of them (407.3139ms)
✔ REX803 campaigns: the surface is owner-only, and every refusal is typed (187.0183ms)
✔ REX803 campaigns: the topology gate is measured against live refs, and its refusal states what was missing (98.2989ms)
✔ REX803 campaigns: stopping cancels the canonical task the run had already created (233.9679ms)
✔ REX803 web: the owner runs a real campaign and every repetition without a measurement shows its reason (3750.4181ms)
✔ REX803 web: a member is told the campaign surface is the owner's, and is offered no controls (1257.1549ms)
✔ critic: unavailable topology on resume preserves original unfinished campaign (6.8894ms)
✔ critic: resume readiness checks persisted execution context (2.6029ms)
✔ critic: malformed persisted bounds cannot bypass resumed repetition and timeout limits (2.5714ms)
✔ critic: bounded close uses elapsed wall time with frozen research clock (33.2261ms)
✔ REX803 seeds: a run seed is a pure function of the campaign seed and the index (0.9855ms)
✔ REX803 campaign: N repetitions yield exactly N measured outcomes, and warmup is run but never measured (36.4005ms)
✔ REX803 campaign: a timeout and a failure are absences WITH reasons, never silent gaps (75.2913ms)
✔ REX803 campaign: stopping cancels the runs that never happened, each with the operator reason (55.4181ms)
✔ REX803 campaign: an unfinished campaign is refused unless resuming is asked for explicitly (82.9014ms)
✔ REX803 campaign: unknown scenarios, bad repetitions, a busy runner and an unready topology are typed refusals (20.6838ms)
✔ REX803 stop: the cleanups a run registered are fired, so a stop reaches the work and not only the bookkeeping (48.8698ms)
✔ REX803 timeout: a run that never answers is torn down, and its cleanup failure is stated rather than hidden (89.9475ms)
✔ REX803 restart: a campaign left RUNNING by a dead process is recovered as INTERRUPTED, named, and optionally resumed (22.207ms)
✔ REX803 resume: abandoning an unfinished campaign is an explicit act, and it is recorded on the replacement (39.7419ms)
✔ REX803 limits: declared stop conditions end the campaign early, and every unrun repetition is SKIPPED with that reason (126.3605ms)
✔ REX803 receipts: a finished campaign is filed once and the next campaign cannot overwrite it (41.4631ms)
✔ REX803 L6: the receipt list is ordered by AGE, not by a random identifier in the filename (9.5584ms)
✔ REX803 L1b: the receipt list says how many campaigns exist beyond the bound (7.5524ms)
✔ REX803 L7: a runner that has been closed refuses new work instead of starting a campaign (1.7977ms)
✔ REX803 positive control: a normal campaign still plans, measures and files exactly once (41.6629ms)
✔ REX803 rehearsal: with TWO workers every repetition is TARGETED by its derived seed, not left to claim order (408.9554ms)
✔ REX803 rehearsal: the observed assignment equals the declared rule, and both workers are used (385.0065ms)
✔ fault confirmation, live canonical target and bounded duration required (2.5846ms)
✔ heartbeat loss refuses only targeted heartbeats, stop and expiry restore requests (27.6562ms)
✔ provider unavailable refuses targeted claim and records measured recovery after stop (4.844ms)
✔ delayed report releases immediately on emergency stop without blocking unrelated requests (11.3417ms)
✔ duplicate event affects observation only and is absent after emergency stop (3.8063ms)
✔ restart disables persisted activation and never resumes fault silently (3.9089ms)
✔ unexercised or stopped fault cannot receive unrelated future detection or recovery measurements (2.7992ms)
✔ expired fault persistence failure cannot turn normal canonical observation into an error (2.9654ms)
✔ four fault classes change real Gateway boundaries and emergency stop restores canonical requests (3602.5682ms)
✔ REX804 repair guard: an unreadable fault receipt is reported and never prevents the City from starting (159.3587ms)
✔ REX804 repair guard: a receipt with no fault identity is reported as broken, not adopted without identity (72.6675ms)
✔ REX804 unavailable receipt directory is disclosed and refuses injection without affecting observation (6.1668ms)
✔ REX804 Web discloses unavailable fault store and prevents injection while normal task creation works (1451.3158ms)
✔ Research Danger Zone requires explicit confirmation and offers real emergency stop (1596.2121ms)
✔ REX805 real canonical original/replay/ablation preserve selected seed and change target policy only (584.4509ms)
✔ REX805 replay API is Owner-only and lists truthful bounded mechanism support (91.2372ms)
✔ REX805 an unbounded HTTP campaign remains comparable after runner normalizes absent limits (334.7756ms)
✔ REX805 replay preserves selected seed and input with fresh identities and untouched source (2.659ms)
✔ REX805 alternate-device ablation changes actual target selection and records exact mechanism (0.9431ms)
✔ REX805 unsupported, ambiguous and ineffective ablations are refused before creating experiments (1.0131ms)
✔ REX805 corrupt source identity, seed, measured outcome and index cannot be laundered into replay (0.8181ms)
✔ REX805 comparisons expose policy difference and reject changed source material (1.1909ms)
✔ REX805 registry persistence failure refuses execution while retaining original (0.2826ms)
✔ REX805 unavailable fault conditions and undeclared request switches are refused explicitly (0.3573ms)
✔ REX805 reviewer R1: replay of ablation preserves effective policy and re-ablation refuses (0.876ms)
✔ REX805 reviewer R2: comparison cannot certify controlled-input or recorded-placement drift (2.6702ms)
✔ REX805 reviewer R3: inconsistent measured source placement refuses before registration (0.3153ms)
✔ REX805 single selected run adjusts the declared success stop without losing failure bounds (0.5994ms)
✔ REX805 comparisons reject fabricated lineage and jointly changed registered references (2.4057ms)
✔ REX805 selected index1 preserves original derived seed under new run index0 (13.2176ms)
✔ REX805 offset is bounded, typed and checked before creating work (1.9813ms)
✔ REX805 interrupted recovery and resume retain offset and refuse offset drift (17.3112ms)
✔ REX805 Web owner selects recorded run and executes real replay/ablation from Research (3099.0381ms)
✔ REX805 Web switching source discards a delayed comparison from the previous selection (1752.5267ms)
✔ REX806 S1: the owner can read the artifact export and its preview (139.0427ms)
✔ REX806 S2: a member session cannot read the artifact export (138.685ms)
✔ REX806 S3: the CSV surface matches the module and stays table-ready (79.5667ms)
✔ REX806 S4: the preview is bounded and says so (77.6414ms)
✔ REX806 S5: an export with nothing behind it is refused by name (67.8489ms)
✔ REX806 S6: the owner download retains the enrolled member identities (106.6235ms)
✔ REX806 S7: corrupt receipt loss remains visible in full, preview and CSV responses (80.7288ms)
✔ REX806 S8: a 51-receipt City labels its bounded download as partial (130.953ms)
✔ REX806 S9: corruption between the receipt listing and detail keeps the readable study (83.3353ms)
✔ REX806 verifier accepts justified unavailable completion after canonical task loss (978.0041ms)
✔ REX806 verifier accepts the published six-decimal failure rate precision (966.2939ms)
✔ REX806 verifier accepts justified unavailable rates for an all-refused study (961.5072ms)
✔ REX806 V1: the verifier passes an untampered artifact (957.5379ms)
✔ REX806 verifier accepts real duplicate canonical execution outside the selected run task (957.6517ms)
✔ REX806 verifier rejects a fabricated duplicate count with valid integrity hashes (967.6004ms)
✔ REX806 verifier rejects task associations outside the canonical source pointers (981.1032ms)
✔ REX806 verifier rejects counting one canonical task twice even when metrics agree (979.1611ms)
✔ REX806 V2: a tampered metric value is caught (965.915ms)
✔ REX806 V3: an emptied NOT_MEASURED reason is caught (969.9555ms)
✔ REX806 V4: a missing section is caught (969.3045ms)
✔ REX806 V5: a changed dataset timestamp is caught (1688.7871ms)
✔ REX806 V6: a fabricated intervention count is caught (966.0475ms)
✔ REX806 missing canonical tasks remain counted rather than being filtered from convergence (2.1328ms)
✔ REX806 A1: the artifact carries every section the workbook names (2.0187ms)
✔ REX806 A2: every named metric appears, with a value and provenance or NOT_MEASURED and a reason (0.4748ms)
✔ REX806 A3: an unobserved intervention window is NOT_MEASURED, never 0 (0.3456ms)
✔ REX806 A4: an export with no real campaign is refused (0.4049ms)
✔ REX806 A5: the evaluator refuses a value with no provenance and NOT_MEASURED with no reason (0.4805ms)
✔ REX806 A6: every dataset row carries a raw pointer and a seed-placement verdict (0.2424ms)
✔ REX806 A7: checksums cover the exact bytes and change when a byte changes (1.0019ms)
✔ REX806 A8: the paper-ready table leads with G3/G4 and keeps their NOT_MEASURED reasons visible (0.3937ms)
✔ REX806 A9: the artifact separates statistics from narrative and refuses the autonomy inference (0.4073ms)
✔ REX806 A10: richer campaign data does not conjure Owner-side metrics (0.4126ms)
✔ REX806 A11: warmup runs are classified separately from failures (0.2627ms)
✔ REX806 A12: a refused campaign stays visible as undelivered planned runs (0.3164ms)
✔ REX806 A13: an ablation placement is judged against its policy, and the seed comparison is kept separately (0.2466ms)
✔ REX806 CLI retains canonical deviceId members in the downloaded topology (1067.3539ms)
✔ REX806 CLI partial download itself names an unreadable receipt without requiring terminal output (1054.3223ms)
✔ REX806 CLI partial download itself names the latest missing receipt (1047.3593ms)
✔ REX806 CLI exposes a known truncated receipt window as partial (1034.0402ms)
✔ REX806 CLI survives an unreadable detail after a readable listing (1035.666ms)
✔ REX807 S9: the surface refuses to exist if any advanced control could be triggered without confirmation (3.0008ms)
✔ REX807 S10: the client confirmation rule refuses anything except the exact token the gateway enforces (151.7504ms)
✔ REX807 S11: in a real browser a wrong confirmation injects nothing, and the exact token then injects (1562.5747ms)
✔ REX807 S12: the Owner downloads the research artifact from the page, with no API call and no console (1670.3091ms)
✔ REX807 S1: the primary labels are human summaries, and raw identifiers are folded into Diagnostics (2.1621ms)
✔ REX807 S2: fault injection is a Danger Zone control that requires confirmation and is not open by default (0.4213ms)
✔ REX807 S3: errors, exclusions and incomplete metrics stay visible with their reasons (0.3292ms)
✔ REX807 S4: a payload field this view does not place is reported, never silently dropped (0.7738ms)
✔ REX807 S5: the research entry is secondary and the primary surfaces stay clean (0.6829ms)
✔ REX807 S6: nothing INTERNAL_ONLY is rendered as a user control (0.2766ms)
✔ REX807 S7: the same payload renders in zh-CN with real translation, not English fallback (0.2843ms)
✔ REX807 S8: the rendered page folds identifiers, keeps the technical layer collapsed, and surfaces alerts (25.1003ms)
ℹ tests 152
ℹ suites 0
ℹ pass 152
ℹ fail 0
ℹ cancelled 0
ℹ skipped 0
ℹ todo 0
ℹ duration_ms 94126.286
