reciprocal-contract	Set up job	﻿2026-10-07T03:15:28.9055510Z Current runner version: '2.337.0'
reciprocal-contract	Set up job	2026-10-07T03:15:28.9081811Z ##[group]Runner Image Provisioner
reciprocal-contract	Set up job	2026-10-07T03:15:28.9082748Z Hosted Compute Agent
reciprocal-contract	Set up job	2026-10-07T03:15:28.9083396Z Version: 20260901.588
reciprocal-contract	Set up job	2026-10-07T03:15:28.9084070Z Commit: f88ec8081b781fac6c440065ac7ff9e710ce3d0b
reciprocal-contract	Set up job	2026-10-07T03:15:28.9084864Z Build Date: 2026-09-01T19:56:44Z
reciprocal-contract	Set up job	2026-10-07T03:15:28.9085627Z Worker ID: {bd332702-99d6-4878-8683-c59bb9a1f920}
reciprocal-contract	Set up job	2026-10-07T03:15:28.9086428Z Azure Region: westus2
reciprocal-contract	Set up job	2026-10-07T03:15:28.9087065Z ##[endgroup]
reciprocal-contract	Set up job	2026-10-07T03:15:28.9088491Z ##[group]Operating System
reciprocal-contract	Set up job	2026-10-07T03:15:28.9089223Z Ubuntu
reciprocal-contract	Set up job	2026-10-07T03:15:28.9089972Z 24.04.5
reciprocal-contract	Set up job	2026-10-07T03:15:28.9090471Z LTS
reciprocal-contract	Set up job	2026-10-07T03:15:28.9091059Z ##[endgroup]
reciprocal-contract	Set up job	2026-10-07T03:15:28.9091648Z ##[group]Runner Image
reciprocal-contract	Set up job	2026-10-07T03:15:28.9092280Z Image: ubuntu-24.04
reciprocal-contract	Set up job	2026-10-07T03:15:28.9092865Z Version: 20260927.320.1
reciprocal-contract	Set up job	2026-10-07T03:15:28.9093985Z Included Software: https://github.com/actions/runner-images/blob/ubuntu24/20260927.320/images/ubuntu/Ubuntu2404-Readme.md
reciprocal-contract	Set up job	2026-10-07T03:15:28.9095903Z Image Release: https://github.com/actions/runner-images/releases/tag/ubuntu24%2F20260927.320
reciprocal-contract	Set up job	2026-10-07T03:15:28.9096913Z ##[endgroup]
reciprocal-contract	Set up job	2026-10-07T03:15:28.9098029Z ##[group]GITHUB_TOKEN Permissions
reciprocal-contract	Set up job	2026-10-07T03:15:28.9100188Z Contents: read
reciprocal-contract	Set up job	2026-10-07T03:15:28.9100853Z Metadata: read
reciprocal-contract	Set up job	2026-10-07T03:15:28.9101399Z ##[endgroup]
reciprocal-contract	Set up job	2026-10-07T03:15:28.9103501Z Secret source: Actions
reciprocal-contract	Set up job	2026-10-07T03:15:28.9104444Z Cache mode: write
reciprocal-contract	Set up job	2026-10-07T03:15:28.9105290Z Prepare workflow directory
reciprocal-contract	Set up job	2026-10-07T03:15:28.9443426Z Prepare all required actions
reciprocal-contract	Set up job	2026-10-07T03:15:28.9492089Z Getting action download info
reciprocal-contract	Set up job	2026-10-07T03:15:29.3093005Z Download action repository 'actions/checkout@v4' (SHA:11d5960a326750d5838078e36cf38b85af677262)
reciprocal-contract	Set up job	2026-10-07T03:15:29.4021853Z Download action repository 'actions/setup-python@v5' (SHA:a26af69be951a213d495a4c3e4e4022e16d87065)
reciprocal-contract	Set up job	2026-10-07T03:15:29.5788917Z Complete job name: reciprocal-contract
reciprocal-contract	Run actions/checkout@v4	﻿2026-10-07T03:15:29.6567259Z ##[group]Run actions/checkout@v4
reciprocal-contract	Run actions/checkout@v4	2026-10-07T03:15:29.6568243Z with:
reciprocal-contract	Run actions/checkout@v4	2026-10-07T03:15:29.6568742Z   repository: zhiheng-zhang-Mera/utopia
reciprocal-contract	Run actions/checkout@v4	2026-10-07T03:15:29.6572788Z   token: ***
reciprocal-contract	Run actions/checkout@v4	2026-10-07T03:15:29.6573240Z   ssh-strict: true
reciprocal-contract	Run actions/checkout@v4	2026-10-07T03:15:29.6573702Z   ssh-user: git
reciprocal-contract	Run actions/checkout@v4	2026-10-07T03:15:29.6574156Z   persist-credentials: true
reciprocal-contract	Run actions/checkout@v4	2026-10-07T03:15:29.6574652Z   clean: true
reciprocal-contract	Run actions/checkout@v4	2026-10-07T03:15:29.6575104Z   sparse-checkout-cone-mode: true
reciprocal-contract	Run actions/checkout@v4	2026-10-07T03:15:29.6575631Z   fetch-depth: 1
reciprocal-contract	Run actions/checkout@v4	2026-10-07T03:15:29.6576082Z   fetch-tags: false
reciprocal-contract	Run actions/checkout@v4	2026-10-07T03:15:29.6576529Z   show-progress: true
reciprocal-contract	Run actions/checkout@v4	2026-10-07T03:15:29.6576983Z   lfs: false
reciprocal-contract	Run actions/checkout@v4	2026-10-07T03:15:29.6577401Z   submodules: false
reciprocal-contract	Run actions/checkout@v4	2026-10-07T03:15:29.6577854Z   set-safe-directory: true
reciprocal-contract	Run actions/checkout@v4	2026-10-07T03:15:29.6578370Z   allow-unsafe-pr-checkout: false
reciprocal-contract	Run actions/checkout@v4	2026-10-07T03:15:29.6579178Z ##[endgroup]
reciprocal-contract	Run actions/checkout@v4	2026-10-07T03:15:29.7648640Z Syncing repository: zhiheng-zhang-Mera/utopia
reciprocal-contract	Run actions/checkout@v4	2026-10-07T03:15:29.7651861Z ##[group]Getting Git version info
reciprocal-contract	Run actions/checkout@v4	2026-10-07T03:15:29.7652989Z Working directory is '/home/runner/work/utopia/utopia'
reciprocal-contract	Run actions/checkout@v4	2026-10-07T03:15:29.7654667Z [command]/usr/bin/git version
reciprocal-contract	Run actions/checkout@v4	2026-10-07T03:15:29.7706738Z git version 2.55.0
reciprocal-contract	Run actions/checkout@v4	2026-10-07T03:15:29.7731540Z ##[endgroup]
reciprocal-contract	Run actions/checkout@v4	2026-10-07T03:15:29.7747388Z Temporarily overriding HOME='/home/runner/work/_temp/704010e0-30dd-4c2a-a260-c67c4697a962' before making global git config changes
reciprocal-contract	Run actions/checkout@v4	2026-10-07T03:15:29.7750003Z Adding repository directory to the temporary git global config as a safe directory
reciprocal-contract	Run actions/checkout@v4	2026-10-07T03:15:29.7755066Z [command]/usr/bin/git config --global --add safe.directory /home/runner/work/utopia/utopia
reciprocal-contract	Run actions/checkout@v4	2026-10-07T03:15:29.7815068Z Deleting the contents of '/home/runner/work/utopia/utopia'
reciprocal-contract	Run actions/checkout@v4	2026-10-07T03:15:29.7819102Z ##[group]Initializing the repository
reciprocal-contract	Run actions/checkout@v4	2026-10-07T03:15:29.7826044Z [command]/usr/bin/git init /home/runner/work/utopia/utopia
reciprocal-contract	Run actions/checkout@v4	2026-10-07T03:15:29.7946675Z hint: Using 'master' as the name for the initial branch. This default branch name
reciprocal-contract	Run actions/checkout@v4	2026-10-07T03:15:29.7948517Z hint: will change to "main" in Git 3.0. To configure the initial branch name
reciprocal-contract	Run actions/checkout@v4	2026-10-07T03:15:29.7950623Z hint: to use in all of your new repositories, which will suppress this warning,
reciprocal-contract	Run actions/checkout@v4	2026-10-07T03:15:29.7952328Z hint: call:
reciprocal-contract	Run actions/checkout@v4	2026-10-07T03:15:29.7952822Z hint:
reciprocal-contract	Run actions/checkout@v4	2026-10-07T03:15:29.7953370Z hint: 	git config --global init.defaultBranch <name>
reciprocal-contract	Run actions/checkout@v4	2026-10-07T03:15:29.7954000Z hint:
reciprocal-contract	Run actions/checkout@v4	2026-10-07T03:15:29.7954590Z hint: Names commonly chosen instead of 'master' are 'main', 'trunk' and
reciprocal-contract	Run actions/checkout@v4	2026-10-07T03:15:29.7955531Z hint: 'development'. The just-created branch can be renamed via this command:
reciprocal-contract	Run actions/checkout@v4	2026-10-07T03:15:29.7956278Z hint:
reciprocal-contract	Run actions/checkout@v4	2026-10-07T03:15:29.7956838Z hint: 	git branch -m <name>
reciprocal-contract	Run actions/checkout@v4	2026-10-07T03:15:29.7957398Z hint:
reciprocal-contract	Run actions/checkout@v4	2026-10-07T03:15:29.7958469Z hint: Disable this message with "git config set advice.defaultBranchName false"
reciprocal-contract	Run actions/checkout@v4	2026-10-07T03:15:29.7960059Z Initialized empty Git repository in /home/runner/work/utopia/utopia/.git/
reciprocal-contract	Run actions/checkout@v4	2026-10-07T03:15:29.7961876Z [command]/usr/bin/git remote add origin https://github.com/zhiheng-zhang-Mera/utopia
reciprocal-contract	Run actions/checkout@v4	2026-10-07T03:15:29.8012702Z ##[endgroup]
reciprocal-contract	Run actions/checkout@v4	2026-10-07T03:15:29.8013578Z ##[group]Disabling automatic garbage collection
reciprocal-contract	Run actions/checkout@v4	2026-10-07T03:15:29.8017586Z [command]/usr/bin/git config --local gc.auto 0
reciprocal-contract	Run actions/checkout@v4	2026-10-07T03:15:29.8060552Z ##[endgroup]
reciprocal-contract	Run actions/checkout@v4	2026-10-07T03:15:29.8061472Z ##[group]Setting up auth
reciprocal-contract	Run actions/checkout@v4	2026-10-07T03:15:29.8062234Z [command]/usr/bin/git config --local --name-only --get-regexp core\.sshCommand
reciprocal-contract	Run actions/checkout@v4	2026-10-07T03:15:29.8099802Z [command]/usr/bin/git submodule foreach --recursive sh -c "git config --local --name-only --get-regexp 'core\.sshCommand' && git config --local --unset-all 'core.sshCommand' || :"
reciprocal-contract	Run actions/checkout@v4	2026-10-07T03:15:29.8476090Z [command]/usr/bin/git config --local --name-only --get-regexp http\.https\:\/\/github\.com\/\.extraheader
reciprocal-contract	Run actions/checkout@v4	2026-10-07T03:15:29.8517730Z [command]/usr/bin/git submodule foreach --recursive sh -c "git config --local --name-only --get-regexp 'http\.https\:\/\/github\.com\/\.extraheader' && git config --local --unset-all 'http.https://github.com/.extraheader' || :"
reciprocal-contract	Run actions/checkout@v4	2026-10-07T03:15:29.8765853Z [command]/usr/bin/git config --local --name-only --get-regexp ^includeIf\.gitdir:
reciprocal-contract	Run actions/checkout@v4	2026-10-07T03:15:29.8807421Z [command]/usr/bin/git submodule foreach --recursive git config --local --show-origin --name-only --get-regexp remote.origin.url
reciprocal-contract	Run actions/checkout@v4	2026-10-07T03:15:29.9038364Z [command]/usr/bin/git config --local http.https://github.com/.extraheader AUTHORIZATION: basic ***
reciprocal-contract	Run actions/checkout@v4	2026-10-07T03:15:29.9081444Z ##[endgroup]
reciprocal-contract	Run actions/checkout@v4	2026-10-07T03:15:29.9082921Z ##[group]Fetching the repository
reciprocal-contract	Run actions/checkout@v4	2026-10-07T03:15:29.9092030Z [command]/usr/bin/git -c protocol.version=2 fetch --no-tags --prune --no-recurse-submodules --depth=1 origin +1e22b0c1922b78add2d70a9a63b1b390bbf610d6:refs/remotes/pull/43/merge
reciprocal-contract	Run actions/checkout@v4	2026-10-07T03:15:30.8105366Z From https://github.com/zhiheng-zhang-Mera/utopia
reciprocal-contract	Run actions/checkout@v4	2026-10-07T03:15:30.8108722Z  * [new ref]         1e22b0c1922b78add2d70a9a63b1b390bbf610d6 -> pull/43/merge
reciprocal-contract	Run actions/checkout@v4	2026-10-07T03:15:30.8115711Z ##[endgroup]
reciprocal-contract	Run actions/checkout@v4	2026-10-07T03:15:30.8117992Z ##[group]Determining the checkout info
reciprocal-contract	Run actions/checkout@v4	2026-10-07T03:15:30.8120213Z ##[endgroup]
reciprocal-contract	Run actions/checkout@v4	2026-10-07T03:15:30.8121203Z [command]/usr/bin/git sparse-checkout disable
reciprocal-contract	Run actions/checkout@v4	2026-10-07T03:15:30.8175141Z [command]/usr/bin/git config --local --unset-all extensions.worktreeConfig
reciprocal-contract	Run actions/checkout@v4	2026-10-07T03:15:30.8218792Z ##[group]Checking out the ref
reciprocal-contract	Run actions/checkout@v4	2026-10-07T03:15:30.8224596Z [command]/usr/bin/git checkout --progress --force refs/remotes/pull/43/merge
reciprocal-contract	Run actions/checkout@v4	2026-10-07T03:15:30.9878501Z Note: switching to 'refs/remotes/pull/43/merge'.
reciprocal-contract	Run actions/checkout@v4	2026-10-07T03:15:30.9880831Z 
reciprocal-contract	Run actions/checkout@v4	2026-10-07T03:15:30.9882096Z You are in 'detached HEAD' state. You can look around, make experimental
reciprocal-contract	Run actions/checkout@v4	2026-10-07T03:15:30.9884965Z changes and commit them, and you can discard any commits you make in this
reciprocal-contract	Run actions/checkout@v4	2026-10-07T03:15:30.9887741Z state without impacting any branches by switching back to a branch.
reciprocal-contract	Run actions/checkout@v4	2026-10-07T03:15:30.9889705Z 
reciprocal-contract	Run actions/checkout@v4	2026-10-07T03:15:30.9890879Z If you want to create a new branch to retain commits you create, you may
reciprocal-contract	Run actions/checkout@v4	2026-10-07T03:15:30.9892750Z do so (now or later) by using -c with the switch command. Example:
reciprocal-contract	Run actions/checkout@v4	2026-10-07T03:15:30.9893703Z 
reciprocal-contract	Run actions/checkout@v4	2026-10-07T03:15:30.9894249Z   git switch -c <new-branch-name>
reciprocal-contract	Run actions/checkout@v4	2026-10-07T03:15:30.9895374Z 
reciprocal-contract	Run actions/checkout@v4	2026-10-07T03:15:30.9896525Z Or undo this operation with:
reciprocal-contract	Run actions/checkout@v4	2026-10-07T03:15:30.9897663Z 
reciprocal-contract	Run actions/checkout@v4	2026-10-07T03:15:30.9898470Z   git switch -
reciprocal-contract	Run actions/checkout@v4	2026-10-07T03:15:30.9899618Z 
reciprocal-contract	Run actions/checkout@v4	2026-10-07T03:15:30.9900909Z Turn off this advice by setting config variable advice.detachedHead to false
reciprocal-contract	Run actions/checkout@v4	2026-10-07T03:15:30.9902344Z 
reciprocal-contract	Run actions/checkout@v4	2026-10-07T03:15:30.9904028Z HEAD is now at 1e22b0c Merge 2decc71b2b9a3d0e66293498f4f1676e461da8da into cc799234e7daa3d8ccfde5673b9d07ccb2376742
reciprocal-contract	Run actions/checkout@v4	2026-10-07T03:15:30.9909398Z ##[endgroup]
reciprocal-contract	Run actions/checkout@v4	2026-10-07T03:15:30.9944746Z [command]/usr/bin/git log -1 --format=%H
reciprocal-contract	Run actions/checkout@v4	2026-10-07T03:15:30.9973651Z 1e22b0c1922b78add2d70a9a63b1b390bbf610d6
reciprocal-contract	Run actions/setup-python@v5	﻿2026-10-07T03:15:31.0365527Z ##[group]Run actions/setup-python@v5
reciprocal-contract	Run actions/setup-python@v5	2026-10-07T03:15:31.0366812Z with:
reciprocal-contract	Run actions/setup-python@v5	2026-10-07T03:15:31.0367699Z   python-version: 3.x
reciprocal-contract	Run actions/setup-python@v5	2026-10-07T03:15:31.0368707Z   check-latest: false
reciprocal-contract	Run actions/setup-python@v5	2026-10-07T03:15:31.0378761Z   token: ***
reciprocal-contract	Run actions/setup-python@v5	2026-10-07T03:15:31.0379867Z   update-environment: true
reciprocal-contract	Run actions/setup-python@v5	2026-10-07T03:15:31.0380991Z   allow-prereleases: false
reciprocal-contract	Run actions/setup-python@v5	2026-10-07T03:15:31.0382096Z   freethreaded: false
reciprocal-contract	Run actions/setup-python@v5	2026-10-07T03:15:31.0383102Z ##[endgroup]
reciprocal-contract	Run actions/setup-python@v5	2026-10-07T03:15:31.1711710Z ##[group]Installed versions
reciprocal-contract	Run actions/setup-python@v5	2026-10-07T03:15:31.1795477Z (node:2334) [DEP0040] DeprecationWarning: The `punycode` module is deprecated. Please use a userland alternative instead.
reciprocal-contract	Run actions/setup-python@v5	2026-10-07T03:15:31.1888404Z (Use `node --trace-deprecation ...` to show where the warning was created)
reciprocal-contract	Run actions/setup-python@v5	2026-10-07T03:15:31.1891942Z Successfully set up CPython (3.14.7)
reciprocal-contract	Run actions/setup-python@v5	2026-10-07T03:15:31.1895228Z ##[endgroup]
reciprocal-contract	Verify Digital-City reciprocal linkage contract	﻿2026-10-07T03:15:31.2086222Z ##[group]Run python - <<'PY'
reciprocal-contract	Verify Digital-City reciprocal linkage contract	2026-10-07T03:15:31.2088201Z ^[[36;1mpython - <<'PY'^[[0m
reciprocal-contract	Verify Digital-City reciprocal linkage contract	2026-10-07T03:15:31.2090131Z ^[[36;1mimport json^[[0m
reciprocal-contract	Verify Digital-City reciprocal linkage contract	2026-10-07T03:15:31.2091748Z ^[[36;1mimport pathlib^[[0m
reciprocal-contract	Verify Digital-City reciprocal linkage contract	2026-10-07T03:15:31.2093388Z ^[[36;1mimport time^[[0m
reciprocal-contract	Verify Digital-City reciprocal linkage contract	2026-10-07T03:15:31.2095112Z ^[[36;1mimport urllib.request^[[0m
reciprocal-contract	Verify Digital-City reciprocal linkage contract	2026-10-07T03:15:31.2096859Z ^[[36;1m^[[0m
reciprocal-contract	Verify Digital-City reciprocal linkage contract	2026-10-07T03:15:31.2099606Z ^[[36;1mlocal = json.loads(pathlib.Path("PROJECT_LINKAGE.json").read_text(encoding="utf-8"))^[[0m
reciprocal-contract	Verify Digital-City reciprocal linkage contract	2026-10-07T03:15:31.2104478Z ^[[36;1murl = "https://raw.githubusercontent.com/zhiheng-zhang-Mera/Digital-City/main/PROJECT_LINKAGE.json"^[[0m
reciprocal-contract	Verify Digital-City reciprocal linkage contract	2026-10-07T03:15:31.2108086Z ^[[36;1m^[[0m
reciprocal-contract	Verify Digital-City reciprocal linkage contract	2026-10-07T03:15:31.2109626Z ^[[36;1mlast = None^[[0m
reciprocal-contract	Verify Digital-City reciprocal linkage contract	2026-10-07T03:15:31.2111257Z ^[[36;1mfor attempt in range(3):^[[0m
reciprocal-contract	Verify Digital-City reciprocal linkage contract	2026-10-07T03:15:31.2113060Z ^[[36;1m    try:^[[0m
reciprocal-contract	Verify Digital-City reciprocal linkage contract	2026-10-07T03:15:31.2115706Z ^[[36;1m        req = urllib.request.Request(url, headers={"User-Agent": "Utopia-City-Linkage/1"})^[[0m
reciprocal-contract	Verify Digital-City reciprocal linkage contract	2026-10-07T03:15:31.2119724Z ^[[36;1m        with urllib.request.urlopen(req, timeout=20) as response:^[[0m
reciprocal-contract	Verify Digital-City reciprocal linkage contract	2026-10-07T03:15:31.2122557Z ^[[36;1m            remote = json.load(response)^[[0m
reciprocal-contract	Verify Digital-City reciprocal linkage contract	2026-10-07T03:15:31.2124815Z ^[[36;1m        break^[[0m
reciprocal-contract	Verify Digital-City reciprocal linkage contract	2026-10-07T03:15:31.2126546Z ^[[36;1m    except Exception as exc:^[[0m
reciprocal-contract	Verify Digital-City reciprocal linkage contract	2026-10-07T03:15:31.2128488Z ^[[36;1m        last = exc^[[0m
reciprocal-contract	Verify Digital-City reciprocal linkage contract	2026-10-07T03:15:31.2130414Z ^[[36;1m        if attempt == 2:^[[0m
reciprocal-contract	Verify Digital-City reciprocal linkage contract	2026-10-07T03:15:31.2132301Z ^[[36;1m            raise^[[0m
reciprocal-contract	Verify Digital-City reciprocal linkage contract	2026-10-07T03:15:31.2134100Z ^[[36;1m        time.sleep(2 ** attempt)^[[0m
reciprocal-contract	Verify Digital-City reciprocal linkage contract	2026-10-07T03:15:31.2136075Z ^[[36;1melse:^[[0m
reciprocal-contract	Verify Digital-City reciprocal linkage contract	2026-10-07T03:15:31.2137584Z ^[[36;1m    raise last^[[0m
reciprocal-contract	Verify Digital-City reciprocal linkage contract	2026-10-07T03:15:31.2139200Z ^[[36;1m^[[0m
reciprocal-contract	Verify Digital-City reciprocal linkage contract	2026-10-07T03:15:31.2140768Z ^[[36;1mkeys = (^[[0m
reciprocal-contract	Verify Digital-City reciprocal linkage contract	2026-10-07T03:15:31.2142333Z ^[[36;1m    "schema_version",^[[0m
reciprocal-contract	Verify Digital-City reciprocal linkage contract	2026-10-07T03:15:31.2144171Z ^[[36;1m    "relationship",^[[0m
reciprocal-contract	Verify Digital-City reciprocal linkage contract	2026-10-07T03:15:31.2145918Z ^[[36;1m    "control_repo",^[[0m
reciprocal-contract	Verify Digital-City reciprocal linkage contract	2026-10-07T03:15:31.2147767Z ^[[36;1m    "control_branch",^[[0m
reciprocal-contract	Verify Digital-City reciprocal linkage contract	2026-10-07T03:15:31.2149841Z ^[[36;1m    "implementation_repo",^[[0m
reciprocal-contract	Verify Digital-City reciprocal linkage contract	2026-10-07T03:15:31.2151292Z ^[[36;1m    "implementation_branch",^[[0m
reciprocal-contract	Verify Digital-City reciprocal linkage contract	2026-10-07T03:15:31.2152476Z ^[[36;1m)^[[0m
reciprocal-contract	Verify Digital-City reciprocal linkage contract	2026-10-07T03:15:31.2153354Z ^[[36;1mmismatches = {^[[0m
reciprocal-contract	Verify Digital-City reciprocal linkage contract	2026-10-07T03:15:31.2154701Z ^[[36;1m    key: {"local": local.get(key), "remote": remote.get(key)}^[[0m
reciprocal-contract	Verify Digital-City reciprocal linkage contract	2026-10-07T03:15:31.2156247Z ^[[36;1m    for key in keys^[[0m
reciprocal-contract	Verify Digital-City reciprocal linkage contract	2026-10-07T03:15:31.2157448Z ^[[36;1m    if local.get(key) != remote.get(key)^[[0m
reciprocal-contract	Verify Digital-City reciprocal linkage contract	2026-10-07T03:15:31.2158928Z ^[[36;1m}^[[0m
reciprocal-contract	Verify Digital-City reciprocal linkage contract	2026-10-07T03:15:31.2160322Z ^[[36;1mif mismatches:^[[0m
reciprocal-contract	Verify Digital-City reciprocal linkage contract	2026-10-07T03:15:31.2162321Z ^[[36;1m    raise SystemExit("Digital-City linkage mismatch: " + json.dumps(mismatches, ensure_ascii=False))^[[0m
reciprocal-contract	Verify Digital-City reciprocal linkage contract	2026-10-07T03:15:31.2164922Z ^[[36;1m^[[0m
reciprocal-contract	Verify Digital-City reciprocal linkage contract	2026-10-07T03:15:31.2167079Z ^[[36;1mprint("RECIPROCAL_LINK_OK")^[[0m
reciprocal-contract	Verify Digital-City reciprocal linkage contract	2026-10-07T03:15:31.2169353Z ^[[36;1mprint("control_repo =", local["control_repo"])^[[0m
reciprocal-contract	Verify Digital-City reciprocal linkage contract	2026-10-07T03:15:31.2172355Z ^[[36;1mprint("implementation_repo =", local["implementation_repo"])^[[0m
reciprocal-contract	Verify Digital-City reciprocal linkage contract	2026-10-07T03:15:31.2174328Z ^[[36;1mPY^[[0m
reciprocal-contract	Verify Digital-City reciprocal linkage contract	2026-10-07T03:15:31.2507324Z shell: /usr/bin/bash --noprofile --norc -e -o pipefail {0}
reciprocal-contract	Verify Digital-City reciprocal linkage contract	2026-10-07T03:15:31.2509114Z env:
reciprocal-contract	Verify Digital-City reciprocal linkage contract	2026-10-07T03:15:31.2510580Z   pythonLocation: /opt/hostedtoolcache/Python/3.14.7/x64
reciprocal-contract	Verify Digital-City reciprocal linkage contract	2026-10-07T03:15:31.2512628Z   PKG_CONFIG_PATH: /opt/hostedtoolcache/Python/3.14.7/x64/lib/pkgconfig
reciprocal-contract	Verify Digital-City reciprocal linkage contract	2026-10-07T03:15:31.2514656Z   Python_ROOT_DIR: /opt/hostedtoolcache/Python/3.14.7/x64
reciprocal-contract	Verify Digital-City reciprocal linkage contract	2026-10-07T03:15:31.2516463Z   Python2_ROOT_DIR: /opt/hostedtoolcache/Python/3.14.7/x64
reciprocal-contract	Verify Digital-City reciprocal linkage contract	2026-10-07T03:15:31.2518256Z   Python3_ROOT_DIR: /opt/hostedtoolcache/Python/3.14.7/x64
reciprocal-contract	Verify Digital-City reciprocal linkage contract	2026-10-07T03:15:31.2520063Z   LD_LIBRARY_PATH: /opt/hostedtoolcache/Python/3.14.7/x64/lib
reciprocal-contract	Verify Digital-City reciprocal linkage contract	2026-10-07T03:15:31.2521505Z ##[endgroup]
reciprocal-contract	Verify Digital-City reciprocal linkage contract	2026-10-07T03:15:31.5645720Z RECIPROCAL_LINK_OK
reciprocal-contract	Verify Digital-City reciprocal linkage contract	2026-10-07T03:15:31.5646508Z control_repo = zhiheng-zhang-Mera/Digital-City
reciprocal-contract	Verify Digital-City reciprocal linkage contract	2026-10-07T03:15:31.5647075Z implementation_repo = zhiheng-zhang-Mera/utopia
reciprocal-contract	Post Run actions/setup-python@v5	﻿2026-10-07T03:15:31.5852273Z Post job cleanup.
reciprocal-contract	Post Run actions/setup-python@v5	2026-10-07T03:15:31.7035118Z (node:2344) [DEP0040] DeprecationWarning: The `punycode` module is deprecated. Please use a userland alternative instead.
reciprocal-contract	Post Run actions/setup-python@v5	2026-10-07T03:15:31.7036292Z (Use `node --trace-deprecation ...` to show where the warning was created)
reciprocal-contract	Post Run actions/checkout@v4	﻿2026-10-07T03:15:31.7227193Z Post job cleanup.
reciprocal-contract	Post Run actions/checkout@v4	2026-10-07T03:15:31.8110635Z [command]/usr/bin/git version
reciprocal-contract	Post Run actions/checkout@v4	2026-10-07T03:15:31.8151900Z git version 2.55.0
reciprocal-contract	Post Run actions/checkout@v4	2026-10-07T03:15:31.8198973Z Temporarily overriding HOME='/home/runner/work/_temp/c9ded1e6-7d6c-43b1-9122-8577231ea150' before making global git config changes
reciprocal-contract	Post Run actions/checkout@v4	2026-10-07T03:15:31.8200971Z Adding repository directory to the temporary git global config as a safe directory
reciprocal-contract	Post Run actions/checkout@v4	2026-10-07T03:15:31.8205509Z [command]/usr/bin/git config --global --add safe.directory /home/runner/work/utopia/utopia
reciprocal-contract	Post Run actions/checkout@v4	2026-10-07T03:15:31.8249786Z [command]/usr/bin/git config --local --name-only --get-regexp core\.sshCommand
reciprocal-contract	Post Run actions/checkout@v4	2026-10-07T03:15:31.8288029Z [command]/usr/bin/git submodule foreach --recursive sh -c "git config --local --name-only --get-regexp 'core\.sshCommand' && git config --local --unset-all 'core.sshCommand' || :"
reciprocal-contract	Post Run actions/checkout@v4	2026-10-07T03:15:31.8544760Z [command]/usr/bin/git config --local --name-only --get-regexp http\.https\:\/\/github\.com\/\.extraheader
reciprocal-contract	Post Run actions/checkout@v4	2026-10-07T03:15:31.8575700Z http.https://github.com/.extraheader
reciprocal-contract	Post Run actions/checkout@v4	2026-10-07T03:15:31.8592525Z [command]/usr/bin/git config --local --unset-all http.https://github.com/.extraheader
reciprocal-contract	Post Run actions/checkout@v4	2026-10-07T03:15:31.8648607Z [command]/usr/bin/git submodule foreach --recursive sh -c "git config --local --name-only --get-regexp 'http\.https\:\/\/github\.com\/\.extraheader' && git config --local --unset-all 'http.https://github.com/.extraheader' || :"
reciprocal-contract	Post Run actions/checkout@v4	2026-10-07T03:15:31.8987504Z [command]/usr/bin/git config --local --name-only --get-regexp ^includeIf\.gitdir:
reciprocal-contract	Post Run actions/checkout@v4	2026-10-07T03:15:31.9013932Z [command]/usr/bin/git submodule foreach --recursive git config --local --show-origin --name-only --get-regexp remote.origin.url
reciprocal-contract	Complete job	﻿2026-10-07T03:15:31.9414186Z Cleaning up orphan processes
reciprocal-contract	Complete job	2026-10-07T03:15:31.9713449Z ##[warning]Node.js 20 is deprecated. The following actions target Node.js 20 but are being forced to run on Node.js 24: actions/checkout@v4, actions/setup-python@v5. For more information see: https://github.blog/changelog/2025-09-19-deprecation-of-node-20-on-github-actions-runners/
