✖ REX806 verifier accepts justified unavailable completion after canonical task loss (976.4285ms)
✖ REX806 verifier accepts the published six-decimal failure rate precision (983.5933ms)
✖ REX806 verifier accepts justified unavailable rates for an all-refused study (958.6221ms)
✔ REX806 V1: the verifier passes an untampered artifact (968.9337ms)
✖ REX806 verifier accepts real duplicate canonical execution outside the selected run task (954.3248ms)
✖ REX806 verifier rejects a fabricated duplicate count with valid integrity hashes (950.6142ms)
✖ REX806 verifier rejects task associations outside the canonical source pointers (7.78ms)
✖ REX806 verifier rejects counting one canonical task twice even when metrics agree (8.5508ms)
✔ REX806 V2: a tampered metric value is caught (962.9687ms)
✔ REX806 V3: an emptied NOT_MEASURED reason is caught (974.0084ms)
✔ REX806 V4: a missing section is caught (974.8705ms)
✔ REX806 V5: a changed dataset timestamp is caught (948.924ms)
✔ REX806 V6: a fabricated intervention count is caught (969.4799ms)
ℹ tests 13
ℹ suites 0
ℹ pass 6
ℹ fail 7
ℹ cancelled 0
ℹ skipped 0
ℹ todo 0
ℹ duration_ms 11621.2226

✖ failing tests:

test at .runtime\rex806-accepted-verifier-regression.test.mjs:49:1
✖ REX806 verifier accepts justified unavailable completion after canonical task loss (976.4285ms)
  AssertionError [ERR_ASSERTION]: Expected values to be strictly equal:
  
  1 !== 0
  
      at fixture.tasks (file:///D:/Utopia-tree/REX-801-890/Utopia-REX807-Alien-GPT-Review-20261007/.runtime/rex806-accepted-verifier-regression.test.mjs:50:35)
      at fixture (file:///D:/Utopia-tree/REX-801-890/Utopia-REX807-Alien-GPT-Review-20261007/.runtime/rex806-accepted-verifier-regression.test.mjs:43:18)
      at async TestContext.<anonymous> (file:///D:/Utopia-tree/REX-801-890/Utopia-REX807-Alien-GPT-Review-20261007/.runtime/rex806-accepted-verifier-regression.test.mjs:50:3)
      at async Test.run (node:internal/test_runner/test:1389:7)
      at async startSubtestAfterBootstrap (node:internal/test_runner/harness:387:3) {
    generatedMessage: true,
    code: 'ERR_ASSERTION',
    actual: 1,
    expected: 0,
    operator: 'strictEqual',
    diff: 'simple'
  }

test at .runtime\rex806-accepted-verifier-regression.test.mjs:52:1
✖ REX806 verifier accepts the published six-decimal failure rate precision (983.5933ms)
  AssertionError [ERR_ASSERTION]: Expected values to be strictly equal:
  
  1 !== 0
  
      at fixture.receipts (file:///D:/Utopia-tree/REX-801-890/Utopia-REX807-Alien-GPT-Review-20261007/.runtime/rex806-accepted-verifier-regression.test.mjs:54:35)
      at fixture (file:///D:/Utopia-tree/REX-801-890/Utopia-REX807-Alien-GPT-Review-20261007/.runtime/rex806-accepted-verifier-regression.test.mjs:43:18)
      at async TestContext.<anonymous> (file:///D:/Utopia-tree/REX-801-890/Utopia-REX807-Alien-GPT-Review-20261007/.runtime/rex806-accepted-verifier-regression.test.mjs:54:3)
      at async Test.run (node:internal/test_runner/test:1389:7)
      at async Test.processPendingSubtests (node:internal/test_runner/test:960:7) {
    generatedMessage: true,
    code: 'ERR_ASSERTION',
    actual: 1,
    expected: 0,
    operator: 'strictEqual',
    diff: 'simple'
  }

test at .runtime\rex806-accepted-verifier-regression.test.mjs:56:1
✖ REX806 verifier accepts justified unavailable rates for an all-refused study (958.6221ms)
  AssertionError [ERR_ASSERTION]: Expected values to be strictly equal:
  
  1 !== 0
  
      at fixture.receipts (file:///D:/Utopia-tree/REX-801-890/Utopia-REX807-Alien-GPT-Review-20261007/.runtime/rex806-accepted-verifier-regression.test.mjs:58:35)
      at fixture (file:///D:/Utopia-tree/REX-801-890/Utopia-REX807-Alien-GPT-Review-20261007/.runtime/rex806-accepted-verifier-regression.test.mjs:43:18)
      at async TestContext.<anonymous> (file:///D:/Utopia-tree/REX-801-890/Utopia-REX807-Alien-GPT-Review-20261007/.runtime/rex806-accepted-verifier-regression.test.mjs:58:3)
      at async Test.run (node:internal/test_runner/test:1389:7)
      at async Test.processPendingSubtests (node:internal/test_runner/test:960:7) {
    generatedMessage: true,
    code: 'ERR_ASSERTION',
    actual: 1,
    expected: 0,
    operator: 'strictEqual',
    diff: 'simple'
  }

test at .runtime\rex806-accepted-verifier-regression.test.mjs:67:1
✖ REX806 verifier accepts real duplicate canonical execution outside the selected run task (954.3248ms)
  AssertionError [ERR_ASSERTION]: Expected values to be strictly equal:
  
  1 !== 0
  
      at file:///D:/Utopia-tree/REX-801-890/Utopia-REX807-Alien-GPT-Review-20261007/.runtime/rex806-accepted-verifier-regression.test.mjs:68:35
      at fixture (file:///D:/Utopia-tree/REX-801-890/Utopia-REX807-Alien-GPT-Review-20261007/.runtime/rex806-accepted-verifier-regression.test.mjs:43:18)
      at async TestContext.<anonymous> (file:///D:/Utopia-tree/REX-801-890/Utopia-REX807-Alien-GPT-Review-20261007/.runtime/rex806-accepted-verifier-regression.test.mjs:68:3)
      at async Test.run (node:internal/test_runner/test:1389:7)
      at async Test.processPendingSubtests (node:internal/test_runner/test:960:7) {
    generatedMessage: true,
    code: 'ERR_ASSERTION',
    actual: 1,
    expected: 0,
    operator: 'strictEqual',
    diff: 'simple'
  }

test at .runtime\rex806-accepted-verifier-regression.test.mjs:71:1
✖ REX806 verifier rejects a fabricated duplicate count with valid integrity hashes (950.6142ms)
  AssertionError [ERR_ASSERTION]: Expected values to be strictly equal:
  
  0 !== 1
  
      at file:///D:/Utopia-tree/REX-801-890/Utopia-REX807-Alien-GPT-Review-20261007/.runtime/rex806-accepted-verifier-regression.test.mjs:76:12
      at async fixture (file:///D:/Utopia-tree/REX-801-890/Utopia-REX807-Alien-GPT-Review-20261007/.runtime/rex806-accepted-verifier-regression.test.mjs:43:12)
      at async TestContext.<anonymous> (file:///D:/Utopia-tree/REX-801-890/Utopia-REX807-Alien-GPT-Review-20261007/.runtime/rex806-accepted-verifier-regression.test.mjs:72:3)
      at async Test.run (node:internal/test_runner/test:1389:7)
      at async Test.processPendingSubtests (node:internal/test_runner/test:960:7) {
    generatedMessage: true,
    code: 'ERR_ASSERTION',
    actual: 0,
    expected: 1,
    operator: 'strictEqual',
    diff: 'simple'
  }

test at .runtime\rex806-accepted-verifier-regression.test.mjs:80:1
✖ REX806 verifier rejects task associations outside the canonical source pointers (7.78ms)
  TypeError: Cannot read properties of undefined (reading '0')
      at file:///D:/Utopia-tree/REX-801-890/Utopia-REX807-Alien-GPT-Review-20261007/.runtime/rex806-accepted-verifier-regression.test.mjs:83:26
      at async fixture (file:///D:/Utopia-tree/REX-801-890/Utopia-REX807-Alien-GPT-Review-20261007/.runtime/rex806-accepted-verifier-regression.test.mjs:43:12)
      at async TestContext.<anonymous> (file:///D:/Utopia-tree/REX-801-890/Utopia-REX807-Alien-GPT-Review-20261007/.runtime/rex806-accepted-verifier-regression.test.mjs:81:3)
      at async Test.run (node:internal/test_runner/test:1389:7)
      at async Test.processPendingSubtests (node:internal/test_runner/test:960:7)

test at .runtime\rex806-accepted-verifier-regression.test.mjs:89:1
✖ REX806 verifier rejects counting one canonical task twice even when metrics agree (8.5508ms)
  TypeError: Cannot read properties of undefined (reading 'push')
      at file:///D:/Utopia-tree/REX-801-890/Utopia-REX807-Alien-GPT-Review-20261007/.runtime/rex806-accepted-verifier-regression.test.mjs:92:27
      at async fixture (file:///D:/Utopia-tree/REX-801-890/Utopia-REX807-Alien-GPT-Review-20261007/.runtime/rex806-accepted-verifier-regression.test.mjs:43:12)
      at async TestContext.<anonymous> (file:///D:/Utopia-tree/REX-801-890/Utopia-REX807-Alien-GPT-Review-20261007/.runtime/rex806-accepted-verifier-regression.test.mjs:90:3)
      at async Test.run (node:internal/test_runner/test:1389:7)
      at async Test.processPendingSubtests (node:internal/test_runner/test:960:7)
