✔ UXI-301 android: the Kotlin term table equals the contract EXACTLY, in both directions (1.5537ms)
✔ UXI-301 android: the Kotlin state and action tables equal the contract (0.2811ms)
✔ UXI-301 android: Kotlin severity agrees with the contract class wherever the class carries meaning (0.2348ms)
✔ UXI-301 android: the parity guard would actually fail on drift (0.2311ms)
✔ UXI-390: Android action wiring equals the web surface wiring map (0.6699ms)
✔ CEX702 ordinary Web choice records a single decline, hands off and returns actual result to same surface (2254.325ms)
✔ CEX702 strict target and no alternate have explicit canonical refusal without conflicting mutation (272.1415ms)
✔ CEX702 backend rejects stale decisions and withdrawn/offline alternates using current City truth (204.6032ms)
✔ CEX702 legacy decline does not authorize a stale explicit alternate replay (157.2918ms)
✔ UXI-301 feed: real telemetry becomes a load vector, and unmeasured dimensions stay missing (1.8096ms)
✔ UXI-301 feed: disk CAPACITY is not reported as io LOAD (0.2088ms)
✔ UXI-301 feed: the node mapping mirrors the gateway liveness truth (0.216ms)
✔ UXI-391: the candidate carries an EXPLICIT enablement, and an explicit disable is honoured (1.0471ms)
✔ UXI-301 feed: eligibility terms come from RS-202 and are all declared in the contract (0.7747ms)
✔ UXI-301 feed: an ONLINE, healthy node must NOT present as unusable (1.3201ms)
✔ UXI-301 feed: COMPLETED is reachable ONLY from a terminal City state (0.4043ms)
✔ UXI-301 feed: a healthy node plus a cold one offers waiting, never a forced choice (0.2575ms)
✔ UXI-301 feed: a structurally refused fleet DOES demand a choice and withholds waiting (0.3974ms)
✔ UXI-301 feed: the producer rejects malformed input rather than guessing (0.896ms)
✔ UXI-301 feed: the feed is versioned, lists its candidates, and hides finished work by default (0.7429ms)
✔ UXI-301 feed: termsInUse reports only declared terms, so a UI can preload copy (0.3771ms)
✔ UXI-301 feed: an empty City produces an empty feed rather than a fabricated status (0.123ms)
✔ UXI-301 feed: a node already running OTHER work reports real capacity pressure (0.2803ms)
✔ UXI-301 feed: capacity pressure clears once the other work finishes (0.3429ms)
✔ UXI-301 feed: two busy nodes and one free node is reported truthfully per node (0.54ms)
✔ UXI-390: every supported action is bound to a handler branch AND a client method (1.5681ms)
✔ UXI-390: no handler branch is unreachable dead code that looks like a handler (0.7341ms)
✔ UXI-390: the per-provider Choose control sends THAT row ref, and cannot send a blank one (0.2364ms)
✔ UXI-390: CHOOSE_PROVIDER is NOT an action-row action - that is the trap Mech named (0.1674ms)
✔ UXI-391: the City really has FIVE requestable task types - the premise the old record denied (1.7894ms)
✔ UXI-391: a MISSING load dimension is not zero, and one observed dimension is enough (0.4263ms)
✔ UXI-391: the BINDING dimension is the maximum OBSERVED one, not an average over five (0.1672ms)
✔ UXI-391: telemetry produces the vector honestly - measured dimensions only, null when nothing is measured (0.2123ms)
✔ UXI-391: the bridge transfers ONLY on ALTERNATE_DEVICE, and moves ownership once (0.61ms)
✔ UXI-391: a stale holder cannot hand on work it no longer owns, and a disabled path refuses (0.193ms)
✔ UXI-391: only the reserved device - and never a stale holder - may claim a moved task (0.7529ms)
✔ UXI-391: a pending handoff is REMOTE_HANDOFF on the surface, from the task record (1.0318ms)
✔ UXI-391: the planner decision is exposed WITH the chosen device, and routeStageFor stays a thin read (0.7451ms)
✔ UXI-391: the term and the route agree about the SAME candidate - the defect this task is about (0.4231ms)
✔ UXI-301 panel: a state renders in user language, not as a token (2.8419ms)
✔ UXI-301 panel: NO raw scheduler vocabulary appears in the default HTML (1.169ms)
✔ UXI-301 panel: an unavailable provider is visible with its reason and is NOT a control (0.4807ms)
✔ UXI-301 panel: a submitting action carries its token for wiring and its LABEL in user language (0.4676ms)
✔ UXI-301 panel: the provider choice lives on the ROW and names a candidate the feed offered (0.4946ms)
✔ UXI-301 panel: with nothing available to switch to, the instruction says so (0.2846ms)
✔ UXI-301 panel: a decision is asked for only when the feed requires one (0.2936ms)
✔ UXI-301 panel: technical detail appears ONLY behind the explicit Advanced disclosure (0.3025ms)
✔ UXI-301 panel: an unreported feed never looks like a healthy or idle one (0.3403ms)
✔ UXI-301 panel: all text is escaped, including ids from the feed (0.2225ms)
✔ UXI-301 panel: the panel renders in zh-CN as well as en (0.2942ms)
✔ UXI-301 panel: every copy key the panel uses exists in both locale packs (1.3847ms)
ℹ tests 51
ℹ suites 0
ℹ pass 51
ℹ fail 0
ℹ cancelled 0
ℹ skipped 0
ℹ todo 0
ℹ duration_ms 5652.2496
