✖ CEX702 ordinary Web choice records a single decline, hands off and returns actual result to same surface (1324.3926ms)
✔ CEX702 strict target and no alternate have explicit canonical refusal without conflicting mutation (289.8429ms)
✔ CEX702 backend rejects stale decisions and withdrawn/offline alternates using current City truth (222.2441ms)
ℹ tests 3
ℹ suites 0
ℹ pass 2
ℹ fail 1
ℹ cancelled 0
ℹ skipped 0
ℹ todo 0
ℹ duration_ms 3970.8297

✖ failing tests:

test at tests\cex702-choice-ui.test.mjs:9:1
✖ CEX702 ordinary Web choice records a single decline, hands off and returns actual result to same surface (1324.3926ms)
  AssertionError [ERR_ASSERTION]: The input did not match the regular expression /Keep this service/. Input:
  
  'scheduler.choice.alternateDevice'
  
      at TestContext.<anonymous> (file:///D:/Utopia-CEX702/tests/cex702-choice-ui.test.mjs:9:661)
      at async Test.run (node:internal/test_runner/test:1389:7)
      at async startSubtestAfterBootstrap (node:internal/test_runner/harness:387:3) {
    generatedMessage: true,
    code: 'ERR_ASSERTION',
    actual: 'scheduler.choice.alternateDevice',
    expected: /Keep this service/,
    operator: 'match',
    diff: 'simple'
  }
