✔ UXI-301 android: the Kotlin term table equals the contract EXACTLY, in both directions (1.5563ms)
✔ UXI-301 android: the Kotlin state and action tables equal the contract (0.2753ms)
✔ UXI-301 android: Kotlin severity agrees with the contract class wherever the class carries meaning (0.2373ms)
✔ UXI-301 android: the parity guard would actually fail on drift (0.2053ms)
✔ UXI-390: Android action wiring equals the web surface wiring map (0.68ms)
✔ CEX702 ordinary Web choice records a single decline, hands off and returns actual result to same surface (2306.4097ms)
✔ CEX702 strict target and no alternate have explicit canonical refusal without conflicting mutation (288.9707ms)
✔ CEX702 backend rejects stale decisions and withdrawn/offline alternates using current City truth (189.0894ms)
✔ CEX702 legacy decline does not authorize a stale explicit alternate replay (157.14ms)
✔ UXI-301 feed: real telemetry becomes a load vector, and unmeasured dimensions stay missing (2.397ms)
✔ UXI-301 feed: disk CAPACITY is not reported as io LOAD (0.3169ms)
✔ UXI-301 feed: the node mapping mirrors the gateway liveness truth (0.344ms)
✔ UXI-391: the candidate carries an EXPLICIT enablement, and an explicit disable is honoured (1.6501ms)
✔ UXI-301 feed: eligibility terms come from RS-202 and are all declared in the contract (1.2852ms)
✔ UXI-301 feed: an ONLINE, healthy node must NOT present as unusable (1.5404ms)
✔ UXI-301 feed: COMPLETED is reachable ONLY from a terminal City state (0.448ms)
✔ UXI-301 feed: a healthy node plus a cold one offers waiting, never a forced choice (0.2073ms)
✔ UXI-301 feed: a structurally refused fleet DOES demand a choice and withholds waiting (0.3115ms)
✔ UXI-301 feed: the producer rejects malformed input rather than guessing (0.605ms)
✔ UXI-301 feed: the feed is versioned, lists its candidates, and hides finished work by default (0.7442ms)
✔ UXI-301 feed: termsInUse reports only declared terms, so a UI can preload copy (0.3025ms)
✔ UXI-301 feed: an empty City produces an empty feed rather than a fabricated status (0.1423ms)
✔ UXI-301 feed: a node already running OTHER work reports real capacity pressure (0.3518ms)
✔ UXI-301 feed: capacity pressure clears once the other work finishes (0.3514ms)
✔ UXI-301 feed: two busy nodes and one free node is reported truthfully per node (0.582ms)
✔ UXI-390: every supported action is bound to a handler branch AND a client method (1.5892ms)
✔ UXI-390: no handler branch is unreachable dead code that looks like a handler (0.7085ms)
✔ UXI-390: the per-provider Choose control sends THAT row ref, and cannot send a blank one (0.2283ms)
✔ UXI-390: CHOOSE_PROVIDER is NOT an action-row action - that is the trap Mech named (0.1526ms)
✔ UXI-390 C-1: the Advanced disclosure is named with the Web pack's own words on Android (0.8642ms)
✔ UXI-390 C-2: a disabled control states its reason in the Web pack's own words (1.0179ms)
✔ UXI-391: the City really has FIVE requestable task types - the premise the old record denied (1.7641ms)
✔ UXI-391: a MISSING load dimension is not zero, and one observed dimension is enough (0.433ms)
✔ UXI-391: the BINDING dimension is the maximum OBSERVED one, not an average over five (0.1762ms)
✔ UXI-391: telemetry produces the vector honestly - measured dimensions only, null when nothing is measured (0.2102ms)
✔ UXI-391: the bridge transfers ONLY on ALTERNATE_DEVICE, and moves ownership once (0.58ms)
✔ UXI-391: a stale holder cannot hand on work it no longer owns, and a disabled path refuses (0.1827ms)
✔ UXI-391: only the reserved device - and never a stale holder - may claim a moved task (0.743ms)
✔ UXI-391: a pending handoff is REMOTE_HANDOFF on the surface, from the task record (1.0091ms)
✔ UXI-391: the planner decision is exposed WITH the chosen device, and routeStageFor stays a thin read (0.7717ms)
✔ UXI-391: the term and the route agree about the SAME candidate - the defect this task is about (0.42ms)
✔ UXI-301 panel: a state renders in user language, not as a token (2.8179ms)
✔ UXI-301 panel: NO raw scheduler vocabulary appears in the default HTML (1.1799ms)
✔ UXI-301 panel: an unavailable provider is visible with its reason and is NOT a control (0.4641ms)
✔ UXI-301 panel: a submitting action carries its token for wiring and its LABEL in user language (0.4751ms)
✔ UXI-301 panel: the provider choice lives on the ROW and names a candidate the feed offered (0.4948ms)
✔ UXI-301 panel: with nothing available to switch to, the instruction says so (0.2876ms)
✔ UXI-301 panel: a decision is asked for only when the feed requires one (0.2997ms)
✔ UXI-301 panel: technical detail appears ONLY behind the explicit Advanced disclosure (0.2957ms)
✔ UXI-301 panel: an unreported feed never looks like a healthy or idle one (0.3236ms)
✔ UXI-301 panel: all text is escaped, including ids from the feed (0.2279ms)
✔ UXI-301 panel: the panel renders in zh-CN as well as en (0.2963ms)
✔ UXI-301 panel: every copy key the panel uses exists in both locale packs (1.3725ms)
ℹ tests 53
ℹ suites 0
ℹ pass 53
ℹ fail 0
ℹ cancelled 0
ℹ skipped 0
ℹ todo 0
ℹ duration_ms 6532.6764
