✔ dependency failure degrades the same descriptor used to gate invocations (82.7078ms)
✔ capabilities use control auth, canonical results, typed refusal and durable history (328.7988ms)
✔ the per-capability degradation latch is owned by the migrated provider-resilience breaker (69.2708ms)
✔ Road rejects missing array elements instead of producing null serialized entries (2.1941ms)
✔ Road preserves section order, deterministic IDs and explicit temporary unverified ownership (0.7212ms)
✔ Road accepts empty documents and preserves empty heading and text without coercion (0.1562ms)
✔ Road refuses malformed document boundaries and never accepts caller trust injection (0.3035ms)
✔ Road output validation rejects permanence, trust escalation and reordered IDs (0.1787ms)
✖ Bridge Road extraction preserves all six published document retrieval digests (9.5937ms)
ℹ tests 9
ℹ suites 0
ℹ pass 8
ℹ fail 1
ℹ cancelled 0
ℹ skipped 0
ℹ todo 0
ℹ duration_ms 1893.7093

✖ failing tests:

test at tests\city-roads.test.mjs:11:1
✖ Bridge Road extraction preserves all six published document retrieval digests (9.5937ms)
  Error: CORRUPT_INPUT
      at refuse (file:///D:/Utopia-Pairing-City-Neutral/contracts/capability-bridge-v1/protocol.mjs:7:47)
      at document (file:///D:/Utopia-Pairing-City-Neutral/services/capability-bridge/adapters.mjs:49:101)
      at async TestContext.<anonymous> (file:///D:/Utopia-Pairing-City-Neutral/tests/city-roads.test.mjs:14:18)
      at async Test.run (node:internal/test_runner/test:1389:7)
      at async Test.processPendingSubtests (node:internal/test_runner/test:960:7) {
    code: 'CORRUPT_INPUT',
    status: 400
  }
