✔ real joined devices retain names, appear beside the host and may register only their own worker (269.243ms)
✔ two members exchange messages with explicit receipt and sender identity cannot be forged (192.4761ms)
✖ member B actually computes a task from A; disabling sharing and revoke prevents further claims (8189.5205ms)
ℹ tests 3
ℹ suites 0
ℹ pass 2
ℹ fail 1
ℹ cancelled 0
ℹ skipped 0
ℹ todo 0
ℹ duration_ms 9719.6774

✖ failing tests:

test at tests\city-members.test.mjs:29:1
✖ member B actually computes a task from A; disabling sharing and revoke prevents further claims (8189.5205ms)
  AssertionError [ERR_ASSERTION]: Expected values to be strictly equal:
  + actual - expected
  
  + undefined
  - 'COMPLETED'
  
      at TestContext.<anonymous> (file:///D:/Utopia-City-Naming-Host/tests/city-members.test.mjs:33:179)
      at async Test.run (node:internal/test_runner/test:1389:7)
      at async Test.processPendingSubtests (node:internal/test_runner/test:960:7) {
    generatedMessage: true,
    code: 'ERR_ASSERTION',
    actual: undefined,
    expected: 'COMPLETED',
    operator: 'strictEqual',
    diff: 'simple'
  }
