✔ scope: local, lan, remote and unknown are distinguished, and an address we hold is never called "nearby" (1.5405ms)
✔ the list always contains this machine, and offers to use it (1.1234ms)
✔ the list is NOT fixed at two: any number of PCs is listed, in one list (10.6486ms)
✔ each PC offers the actions that make sense for it, and none that do not (0.9967ms)
✔ a remembered PC that discovery did NOT find is still listed, because that is when the address matters (0.3896ms)
✔ discovery and memory overlap constantly, and a PC is never listed twice (0.2727ms)
✔ the recommendation is attached to a row, so the list and the recommendation cannot disagree (0.274ms)
✔ a machine with no telemetry is marked as thin evidence rather than being scored as if it were measured (0.3192ms)
✔ row count is bounded and the discarded overlap is stated rather than silently dropped (0.7038ms)
✔ the fallback channels are DESCRIBED, not moved: the entry controls stay where the app renders them (1.0541ms)
✔ rendering is escaped and carries its action as data (0.2348ms)
✔ an empty world renders an honest sentence, not an empty list (0.1223ms)
✔ capability summaries report only what was measured, and say unknown when nothing was (0.1344ms)
✔ JOIN-502: a join request grants nothing until an already trusted device approves it (192.3811ms)
✔ JOIN-502: the browse is authenticated, and a nearby City never makes this City mint a pairing code (715.8622ms)
✔ JOIN-502: a duplicate or replayed request is bounded, not a second approval card (96.6622ms)
✔ JOIN-502: a rejected request stays rejected, and re-asking after a rejection is refused (103.9598ms)
✔ JOIN-502: an expired request cannot be approved back into life, and expiry does not need a request to happen (82.6857ms)
✔ JOIN-502: the request list is BOUNDED, and a decision survives a City restart (221.4123ms)
✔ JOIN-502: the state machine refuses what it cannot honour, instead of guessing (6.4709ms)
✔ JOIN-502: an approval reaches OTHER surfaces as a canonical event, not only the owner that made it (85.4187ms)
✔ JOIN-502: decisions are canonical events, and their payloads carry no secret (81.2459ms)
✔ JOIN-502 discovery adapter: a discovered City is a candidate, never a credential (2.0013ms)
✔ JOIN-502 discovery adapter: the same City advertised twice is ONE row, and the newest address wins (0.1956ms)
✔ JOIN-502 discovery adapter: a stale or future-dated sighting is not offered, and an unidentified one is not merged (0.6974ms)
✔ JOIN-502 discovery adapter: a row with no reachable endpoint is refused rather than offered (0.19ms)
✔ JOIN-502 discovery adapter: the probe fails SOFT - no probe, no fetch or a bad answer is an empty list (0.6374ms)
✔ JOIN-502 gateway browse: mDNS records become RF-003 advertisements, and the contract still refuses to pair from them (1.2657ms)
✔ JOIN-502 gateway browse: the view carries the ADVERTISED address and withholds it once stale (0.208ms)
✔ JOIN-502 capability statement: a City states what it accepts instead of a client guessing (0.2657ms)
✔ the browse is reachable WITHOUT a credential, because a joining PC has none (2163.8288ms)
✔ the DECISION routes stay authenticated: a public read must not widen into a public write (109.1378ms)
✔ the version check still applies to the join routes that are public (72.626ms)
✔ JOIN-502 surface: a nearby City is offered without being trusted, and joining waits for an approval (5686.5034ms)
✔ JOIN-502 surface: a refused browse still offers the fallbacks, and a rejected ask leaves the device untrusted (5768.3628ms)
✔ mDNS tries reachable advertised addresses instead of trusting lexical order (23.9194ms)
✔ a multicast browse error is unavailable, not a successful empty search (0.5116ms)
✔ Bluetooth scanning decodes the existing Android locator and reports unsupported hosts (0.5559ms)
✔ Bluetooth discovery retains the default HTTP port and verifies the endpoint identity (0.4814ms)
✔ N3: a pairing session offers a WEB link a second PC can open, without replacing the QR payload (22.922ms)
✔ N3: the session route hands the web link to the surface, so the page has something to show (133.1336ms)
✔ N3: the pairing entry exists in BOTH states the page can be in (1.4292ms)
✔ N3: the page can take a link from the address bar, and it asks before it connects (0.6501ms)
✔ IDLE: no session exists until create() is called, and a read never changes that (1.2734ms)
✔ generate once: exactly one ACTIVE session with the City payload kept verbatim (1.2706ms)
✔ ACTIVE is FINAL against re-generation: a second create() cannot rotate the code (0.8761ms)
✔ ordinary reads keep the SAME id, code and payload (0.2683ms)
✔ CONSUMED: the City reporting a different canonical session ends ACTIVE as USED, not as a mystery (0.2321ms)
✔ EXPIRED: the countdown tick ends the session, names it EXPIRED, and creates nothing (0.1698ms)
✔ a second EXPLICIT generate after expiry produces a new, different session (0.2332ms)
✔ a malformed session response creates nothing (a half-session is not rendered) (0.2406ms)
✔ reload persistence: the SAME valid session is restored, with its original expiry (0.3367ms)
✔ a stored session that expired while the page was away comes back EXPIRED, never as a new code (0.2921ms)
✔ a corrupt or foreign storage record is dropped rather than half-rendered (0.247ms)
✔ an explicit user clear names its reason and still creates nothing (0.1422ms)
✔ clearOnSessionChanged is a no-op while the City still reports our own session (0.1477ms)
✔ when the City session vanished AND ours is past expiry, the reason reported is EXPIRED (0.1166ms)
✔ a new session after a terminal state is a full fresh display, and generate stays offered only when idle (0.7446ms)
✔ pairing input survives slow typing, refresh, navigation and a failed attempt (14546.0607ms)
✔ a six digit code pairs to the City serving the disconnected page (1422.0089ms)
✔ LAN search selects a peer and hands the code to its origin without a cross-origin POST (1780.0463ms)
✔ BLE_BOOTSTRAP search selects a peer and hands the code to its origin without a cross-origin POST (1612.2524ms)
✔ Bluetooth search is actionable and explains an unavailable radio (1312.9342ms)
✔ a failed code handoff retains the target identity on retries (2983.8612ms)
✔ JOIN-501 acceptance: no implicit generation, an ACTIVE code that cannot rotate, and both terminal states (15621.2209ms)
✔ JOIN-501 real-endpoint receiver: a SECOND process (not the owner page) consumes the code the page shows (5547.9532ms)
✔ JOIN-501 acceptance: expiry ends the display by itself, and the expiry path creates nothing (5095.261ms)
✔ JOIN-501: a fresh browser session starts with NO code, and a stored expired record is never exchanged (5203.729ms)
✔ short code preserves identity pinning, reports lockout, and never sends a code to the wrong City (275.1143ms)
✔ code handoff carries only a selected City, six digits and the existing transport in a fragment (0.9127ms)
✔ pairing sessions exchange once, expire and reject secret/code guesses without exposing credentials (218.3851ms)
✔ descriptor validation rejects invalid input and conflicts, discovery TXT excludes secrets (0.9975ms)
✔ locale contract: supported tokens, fallback and first-run detection (3.0352ms)
✔ both language packs cover every message key with matching placeholders (1.9168ms)
✔ every fixed Web UI string is present in the language packs (0.7058ms)
✔ protocol tokens and City Control state names are never translated (6.0227ms)
✔ web assets only use message keys that exist in the packs (2.0842ms)
✔ badge state and display label stay separate in every locale (1.3601ms)
✔ applyTranslations and setLocale update the document without touching storage contracts (0.3958ms)
✔ translation fills placeholders and time formatting follows the locale (22.2825ms)
✔ Web Settings language switch, persistence and protocol stability (real browser) (2517.7439ms)
✔ an invite names the City it belongs to, which is the whole point of the form (1.761ms)
✔ a bare credential is NOT an invite - it cannot say which City it belongs to (0.2947ms)
✔ junk does not throw, it returns null (1.3691ms)
✔ an invite without a host is refused rather than half-understood (0.2763ms)
✔ trailing slashes and origins compare cleanly (0.5318ms)
✔ the invite survives a round trip through a URL fragment (0.3464ms)
✔ REGRESSION: a PARSED invite handed back in must still resolve, not become "[object Object]" (0.2354ms)
ℹ tests 88
ℹ suites 0
ℹ pass 88
ℹ fail 0
ℹ cancelled 0
ℹ skipped 0
ℹ todo 0
ℹ duration_ms 43794.8891
