✔ 709: opaque digest-checked artifacts reject traversal, revoked access and bounded quota overflow (13.8093ms)
✔ 710: actual local CPU process produces JSON digest and identifies host/process; bounded/cancelled input refused (995.9122ms)
✔ 711: explicit compatible checkpoint restore completes identical CPU sum; incompatible input/attempt refused (1024.6811ms)
✔ 703: declared DAG executes concurrent independent stages, dependency before consumer and cancellation propagates (36.1591ms)
✔ 703: byte/item credit cannot overflow, double acknowledge, or continue after cancel (0.6312ms)
✔ 709: caller metadata cannot overwrite storage identity, digest, size or schema version (1.9162ms)
✔ 703: final-stage failure is never returned as an empty successful plan (0.4694ms)
✔ full local candidate: two real CPU applications execute through canonical admission/artifacts/capsule/receipt/origin/consumption (2061.6087ms)
✔ review: canonical task ownership cannot be substituted by a caller workload (69.7935ms)
✔ review: terminal attempt retention remains bounded without stopping job 257 (3232.4591ms)
✔ review: separate artifact stores cannot acknowledge over-quota concurrent publications (7.8519ms)
✔ pins and leases survive restart and revoked bytes are visibly deleted (25.8403ms)
✔ corruption and authorization revoked before publication keep bytes unavailable (13.114ms)
✔ authorization revoked during direct publication removes partial and restores quota (2.7723ms)
✔ expired and revoked partials can be authorized cancelled with visible cleanup failure and retry (14.2654ms)
✔ transfer publish recovers index fault and descriptor cleanup fault idempotently without double quota (20.9502ms)
✔ repository input manifest includes explicit dirty content and refuses secrets and traversal (0.8163ms)
✔ transfer descriptors cannot overwrite owner authorization or schema (2.1679ms)
✔ partial transfer resumes across instances only with matching version and digest (15.3702ms)
✔ approved fenced new attempt restores real chunked CPU state and retains old binding (25.7363ms)
✔ new attempt recovery rejects absent compatibility and legacy same-attempt remains readable (7.3022ms)
ℹ tests 21
ℹ suites 0
ℹ pass 21
ℹ fail 0
ℹ cancelled 0
ℹ skipped 0
ℹ todo 0
ℹ duration_ms 6119.7078
