Starting a Gradle Daemon, 1 busy Daemon could not be reused, use --status for details
WARNING: The following problems were found when resolving the SDK location:
Where: ANDROID_SDK_ROOT environment variable. Problem: Directory does not exist

Warning: SDK processing. This version only understands SDK XML versions up to 3 but an SDK XML file of version 4 was encountered. This can happen if you use versions of Android Studio and the command-line tools that were released at different times.
> Task :app:checkKotlinGradlePluginConfigurationErrors SKIPPED
> Task :app:preBuild UP-TO-DATE
> Task :app:preDebugBuild UP-TO-DATE
> Task :app:checkDebugAarMetadata
> Task :app:generateDebugResValues
> Task :app:mapDebugSourceSetPaths
> Task :app:generateDebugResources
> Task :app:packageDebugResources
> Task :app:mergeDebugResources
> Task :app:createDebugCompatibleScreenManifests
> Task :app:extractDeepLinksDebug
> Task :app:parseDebugLocalResources
> Task :app:processDebugMainManifest
> Task :app:processDebugManifest
> Task :app:preDebugUnitTestBuild UP-TO-DATE
> Task :app:processDebugManifestForPackage
> Task :app:javaPreCompileDebugUnitTest
> Task :app:javaPreCompileDebug
> Task :app:processDebugResources

> Task :app:compileDebugKotlin
w: file:///D:/Utopia-tree/PCF-700-790/Utopia-PCF-FullFlow-Alien-20261007/apps/android/app/src/main/java/city/utopia/control/AutoZoomCaptureActivity.kt:24:31 'val isZoomSupported: Boolean' is deprecated. Deprecated in Java.
w: file:///D:/Utopia-tree/PCF-700-790/Utopia-PCF-FullFlow-Alien-20261007/apps/android/app/src/main/java/city/utopia/control/AutoZoomCaptureActivity.kt:24:59 'val zoomRatios: (Mutable)List<Int!>!' is deprecated. Deprecated in Java.
w: file:///D:/Utopia-tree/PCF-700-790/Utopia-PCF-FullFlow-Alien-20261007/apps/android/app/src/main/java/city/utopia/control/AutoZoomCaptureActivity.kt:25:51 'val maxZoom: Int' is deprecated. Deprecated in Java.
w: file:///D:/Utopia-tree/PCF-700-790/Utopia-PCF-FullFlow-Alien-20261007/apps/android/app/src/main/java/city/utopia/control/AutoZoomCaptureActivity.kt:27:48 'var zoom: Int' is deprecated. Deprecated in Java.
w: file:///D:/Utopia-tree/PCF-700-790/Utopia-PCF-FullFlow-Alien-20261007/apps/android/app/src/main/java/city/utopia/control/AutoZoomCaptureActivity.kt:28:36 'var zoom: Int' is deprecated. Deprecated in Java.
w: file:///D:/Utopia-tree/PCF-700-790/Utopia-PCF-FullFlow-Alien-20261007/apps/android/app/src/main/java/city/utopia/control/AutoZoomCaptureActivity.kt:31:62 'val isZoomSupported: Boolean' is deprecated. Deprecated in Java.
w: file:///D:/Utopia-tree/PCF-700-790/Utopia-PCF-FullFlow-Alien-20261007/apps/android/app/src/main/java/city/utopia/control/AutoZoomCaptureActivity.kt:34:36 'var focusMode: String!' is deprecated. Deprecated in Java.
w: file:///D:/Utopia-tree/PCF-700-790/Utopia-PCF-FullFlow-Alien-20261007/apps/android/app/src/main/java/city/utopia/control/CityDiscovery.kt:31:94 'fun resolveService(p0: NsdServiceInfo!, p1: NsdManager.ResolveListener!): Unit' is deprecated. Deprecated in Java.
w: file:///D:/Utopia-tree/PCF-700-790/Utopia-PCF-FullFlow-Alien-20261007/apps/android/app/src/main/java/city/utopia/control/CityDiscovery.kt:33:382 'var host: InetAddress!' is deprecated. Deprecated in Java.
w: file:///D:/Utopia-tree/PCF-700-790/Utopia-PCF-FullFlow-Alien-20261007/apps/android/app/src/main/java/city/utopia/control/Devices.kt:39:66 Java type mismatch: inferred type is 'Nothing?', but 'String' was expected.
w: file:///D:/Utopia-tree/PCF-700-790/Utopia-PCF-FullFlow-Alien-20261007/apps/android/app/src/main/java/city/utopia/control/Devices.kt:44:58 Java type mismatch: inferred type is 'Nothing?', but 'String' was expected.
w: file:///D:/Utopia-tree/PCF-700-790/Utopia-PCF-FullFlow-Alien-20261007/apps/android/app/src/main/java/city/utopia/control/MainActivity.kt:170:389 Only safe (?.) or non-null asserted (!!.) calls are allowed on a nullable receiver of type 'Any?'.
w: file:///D:/Utopia-tree/PCF-700-790/Utopia-PCF-FullFlow-Alien-20261007/apps/android/app/src/main/java/city/utopia/control/MainActivity.kt:170:495 Only safe (?.) or non-null asserted (!!.) calls are allowed on a nullable receiver of type 'Any?'.

> Task :app:compileDebugJavaWithJavac NO-SOURCE
> Task :app:processDebugJavaRes
> Task :app:bundleDebugClassesToRuntimeJar
> Task :app:bundleDebugClassesToCompileJar

> Task :app:compileDebugUnitTestKotlin FAILED
e: file:///D:/Utopia-tree/PCF-700-790/Utopia-PCF-FullFlow-Alien-20261007/apps/android/app/src/test/java/city/utopia/control/PcfWorkerTest.kt:7:24 Unresolved reference 'PcfWorkerBinding'.
e: file:///D:/Utopia-tree/PCF-700-790/Utopia-PCF-FullFlow-Alien-20261007/apps/android/app/src/test/java/city/utopia/control/PcfWorkerTest.kt:8:22 Unresolved reference 'PcfWorkerConditions'.
e: file:///D:/Utopia-tree/PCF-700-790/Utopia-PCF-FullFlow-Alien-20261007/apps/android/app/src/test/java/city/utopia/control/PcfWorkerTest.kt:10:14 Unresolved reference 'PcfWorkerProvider'.
e: file:///D:/Utopia-tree/PCF-700-790/Utopia-PCF-FullFlow-Alien-20261007/apps/android/app/src/test/java/city/utopia/control/PcfWorkerTest.kt:17:56 Unresolved reference 'PcfWorkerBinding'.
e: file:///D:/Utopia-tree/PCF-700-790/Utopia-PCF-FullFlow-Alien-20261007/apps/android/app/src/test/java/city/utopia/control/PcfWorkerTest.kt:21:14 Unresolved reference 'PcfWorkerProvider'.
e: file:///D:/Utopia-tree/PCF-700-790/Utopia-PCF-FullFlow-Alien-20261007/apps/android/app/src/test/java/city/utopia/control/PcfWorkerTest.kt:22:3 Cannot infer type for this parameter. Specify it explicitly.
e: file:///D:/Utopia-tree/PCF-700-790/Utopia-PCF-FullFlow-Alien-20261007/apps/android/app/src/test/java/city/utopia/control/PcfWorkerTest.kt:22:10 Argument type mismatch: actual type is 'Pair<A (of fun <A, B> A.to), B (of fun <A, B> A.to)>', but 'T (of fun <T> listOf)' was expected.
e: file:///D:/Utopia-tree/PCF-700-790/Utopia-PCF-FullFlow-Alien-20261007/apps/android/app/src/test/java/city/utopia/control/PcfWorkerTest.kt:22:39 Cannot infer type for this parameter. Specify it explicitly.
e: file:///D:/Utopia-tree/PCF-700-790/Utopia-PCF-FullFlow-Alien-20261007/apps/android/app/src/test/java/city/utopia/control/PcfWorkerTest.kt:22:69 Argument type mismatch: actual type is 'Pair<A (of fun <A, B> A.to), B (of fun <A, B> A.to)>', but 'T (of fun <T> listOf)' was expected.
e: file:///D:/Utopia-tree/PCF-700-790/Utopia-PCF-FullFlow-Alien-20261007/apps/android/app/src/test/java/city/utopia/control/PcfWorkerTest.kt:22:99 Cannot infer type for this parameter. Specify it explicitly.
e: file:///D:/Utopia-tree/PCF-700-790/Utopia-PCF-FullFlow-Alien-20261007/apps/android/app/src/test/java/city/utopia/control/PcfWorkerTest.kt:23:4 Argument type mismatch: actual type is 'Pair<A (of fun <A, B> A.to), B (of fun <A, B> A.to)>', but 'T (of fun <T> listOf)' was expected.
e: file:///D:/Utopia-tree/PCF-700-790/Utopia-PCF-FullFlow-Alien-20261007/apps/android/app/src/test/java/city/utopia/control/PcfWorkerTest.kt:23:32 Cannot infer type for this parameter. Specify it explicitly.
e: file:///D:/Utopia-tree/PCF-700-790/Utopia-PCF-FullFlow-Alien-20261007/apps/android/app/src/test/java/city/utopia/control/PcfWorkerTest.kt:23:52 Argument type mismatch: actual type is 'Pair<A (of fun <A, B> A.to), B (of fun <A, B> A.to)>', but 'T (of fun <T> listOf)' was expected.
e: file:///D:/Utopia-tree/PCF-700-790/Utopia-PCF-FullFlow-Alien-20261007/apps/android/app/src/test/java/city/utopia/control/PcfWorkerTest.kt:23:77 Cannot infer type for this parameter. Specify it explicitly.
e: file:///D:/Utopia-tree/PCF-700-790/Utopia-PCF-FullFlow-Alien-20261007/apps/android/app/src/test/java/city/utopia/control/PcfWorkerTest.kt:24:4 Argument type mismatch: actual type is 'Pair<A (of fun <A, B> A.to), B (of fun <A, B> A.to)>', but 'T (of fun <T> listOf)' was expected.
e: file:///D:/Utopia-tree/PCF-700-790/Utopia-PCF-FullFlow-Alien-20261007/apps/android/app/src/test/java/city/utopia/control/PcfWorkerTest.kt:24:29 Cannot infer type for this parameter. Specify it explicitly.
e: file:///D:/Utopia-tree/PCF-700-790/Utopia-PCF-FullFlow-Alien-20261007/apps/android/app/src/test/java/city/utopia/control/PcfWorkerTest.kt:24:43 Argument type mismatch: actual type is 'Pair<A (of fun <A, B> A.to), B (of fun <A, B> A.to)>', but 'T (of fun <T> listOf)' was expected.
e: file:///D:/Utopia-tree/PCF-700-790/Utopia-PCF-FullFlow-Alien-20261007/apps/android/app/src/test/java/city/utopia/control/PcfWorkerTest.kt:24:72 Cannot infer type for this parameter. Specify it explicitly.
e: file:///D:/Utopia-tree/PCF-700-790/Utopia-PCF-FullFlow-Alien-20261007/apps/android/app/src/test/java/city/utopia/control/PcfWorkerTest.kt:25:4 Argument type mismatch: actual type is 'Pair<A (of fun <A, B> A.to), B (of fun <A, B> A.to)>', but 'T (of fun <T> listOf)' was expected.
e: file:///D:/Utopia-tree/PCF-700-790/Utopia-PCF-FullFlow-Alien-20261007/apps/android/app/src/test/java/city/utopia/control/PcfWorkerTest.kt:25:40 Cannot infer type for this parameter. Specify it explicitly.
e: file:///D:/Utopia-tree/PCF-700-790/Utopia-PCF-FullFlow-Alien-20261007/apps/android/app/src/test/java/city/utopia/control/PcfWorkerTest.kt:25:65 Cannot infer type for this parameter. Specify it explicitly.
e: file:///D:/Utopia-tree/PCF-700-790/Utopia-PCF-FullFlow-Alien-20261007/apps/android/app/src/test/java/city/utopia/control/PcfWorkerTest.kt:25:65 Not enough information to infer type argument for 'T'.
e: file:///D:/Utopia-tree/PCF-700-790/Utopia-PCF-FullFlow-Alien-20261007/apps/android/app/src/test/java/city/utopia/control/PcfWorkerTest.kt:25:75 Cannot infer type for this parameter. Specify it explicitly.
e: file:///D:/Utopia-tree/PCF-700-790/Utopia-PCF-FullFlow-Alien-20261007/apps/android/app/src/test/java/city/utopia/control/PcfWorkerTest.kt:25:75 Function 'component1()' is ambiguous for this expression: 
fun <T> Array<out T>.component1(): T
fun ByteArray.component1(): Byte
fun ShortArray.component1(): Short
fun IntArray.component1(): Int
fun LongArray.component1(): Long
fun FloatArray.component1(): Float
fun DoubleArray.component1(): Double
fun BooleanArray.component1(): Boolean
fun CharArray.component1(): Char
fun <T> List<T>.component1(): T
fun <K, V> Map.Entry<K, V>.component1(): K
fun UIntArray.component1(): UInt
fun ULongArray.component1(): ULong
fun UByteArray.component1(): UByte
fun UShortArray.component1(): UShort.
e: file:///D:/Utopia-tree/PCF-700-790/Utopia-PCF-FullFlow-Alien-20261007/apps/android/app/src/test/java/city/utopia/control/PcfWorkerTest.kt:25:75 Function 'component2()' is ambiguous for this expression: 
fun <T> Array<out T>.component2(): T
fun ByteArray.component2(): Byte
fun ShortArray.component2(): Short
fun IntArray.component2(): Int
fun LongArray.component2(): Long
fun FloatArray.component2(): Float
fun DoubleArray.component2(): Double
fun BooleanArray.component2(): Boolean
fun CharArray.component2(): Char
fun <T> List<T>.component2(): T
fun <K, V> Map.Entry<K, V>.component2(): V
fun UIntArray.component2(): UInt
fun ULongArray.component2(): ULong
fun UByteArray.component2(): UByte
fun UShortArray.component2(): UShort.
e: file:///D:/Utopia-tree/PCF-700-790/Utopia-PCF-FullFlow-Alien-20261007/apps/android/app/src/test/java/city/utopia/control/PcfWorkerTest.kt:31:14 Unresolved reference 'PcfWorkerProvider'.
e: file:///D:/Utopia-tree/PCF-700-790/Utopia-PCF-FullFlow-Alien-20261007/apps/android/app/src/test/java/city/utopia/control/PcfWorkerTest.kt:37:14 Unresolved reference 'PcfWorkerProvider'.
e: file:///D:/Utopia-tree/PCF-700-790/Utopia-PCF-FullFlow-Alien-20261007/apps/android/app/src/test/java/city/utopia/control/PcfWorkerTest.kt:44:14 Unresolved reference 'PcfWorkerProvider'.

FAILURE: Build failed with an exception.

* What went wrong:
Execution failed for task ':app:compileDebugUnitTestKotlin'.
> A failure occurred while executing org.jetbrains.kotlin.compilerRunner.GradleCompilerRunnerWithWorkers$GradleKotlinCompilerWorkAction
   > Compilation error. See log for more details

* Try:
> Run with --stacktrace option to get the stack trace.
> Run with --info or --debug option to get more log output.
> Run with --scan to get full insights.
> Get more help at https://help.gradle.org.

BUILD FAILED in 48s
20 actionable tasks: 20 executed
