✔ 709: opaque digest-checked artifacts reject traversal, revoked access and bounded quota overflow (25.4756ms)
✔ 710: actual local CPU process produces JSON digest and identifies host/process; bounded/cancelled input refused (2215.2473ms)
✔ 711: explicit compatible checkpoint restore completes identical CPU sum; incompatible input/attempt refused (2890.068ms)
✔ 703: declared DAG executes concurrent independent stages, dependency before consumer and cancellation propagates (36.4726ms)
✔ 703: byte/item credit cannot overflow, double acknowledge, or continue after cancel (0.5357ms)
✔ 709: caller metadata cannot overwrite storage identity, digest, size or schema version (2.9706ms)
✔ 703: final-stage failure is never returned as an empty successful plan (0.7137ms)
✔ full local candidate: two real CPU applications execute through canonical admission/artifacts/capsule/receipt/origin/consumption (4328.97ms)
✔ review: canonical task ownership cannot be substituted by a caller workload (138.0877ms)
✔ review: terminal attempt retention remains bounded without stopping job 257 (3924.926ms)
✔ review: separate artifact stores cannot acknowledge over-quota concurrent publications (8.9743ms)
✔ pins and leases survive restart and revoked bytes are visibly deleted (34.3895ms)
✔ repository input manifest includes explicit dirty content and refuses secrets and traversal (1.5178ms)
✔ transfer descriptors cannot overwrite owner authorization or schema (7.7464ms)
✔ partial transfer resumes across instances only with matching version and digest (21.3267ms)
✔ approved fenced new attempt restores real chunked CPU state and retains old binding (13.933ms)
ℹ tests 16
ℹ suites 0
ℹ pass 16
ℹ fail 0
ℹ cancelled 0
ℹ skipped 0
ℹ todo 0
ℹ duration_ms 10670.5804
