✔ 705: side-effect unknown/strict target/still-live worker cannot silently retry (0.9023ms)
✔ 712: reconciliation is bounded and proposes, never invents task/stop proof or repeats live start (0.7131ms)
✔ 713: stale SLO observations and unknown preference cannot trigger irreversible/paid/offload change (0.2494ms)
✔ 714: origin projection requires current session ownership and bounded gap-aware deduplicated cursor (0.6051ms)
✔ 728: bridge uses canonical methods; result delivery is distinct from explicit session consumption (0.5533ms)
✔ 727: actual ConnectorPort methods required; missing runtime stays unavailable, no CPU substitution (0.3628ms)
✔ 709: opaque digest-checked artifacts reject traversal, revoked access and bounded quota overflow (13.5297ms)
✔ 710: actual local CPU process produces JSON digest and identifies host/process; bounded/cancelled input refused (1009.4057ms)
✔ 711: explicit compatible checkpoint restore completes identical CPU sum; incompatible input/attempt refused (1001.6324ms)
✔ 703: declared DAG executes concurrent independent stages, dependency before consumer and cancellation propagates (27.6794ms)
✔ 703: byte/item credit cannot overflow, double acknowledge, or continue after cancel (0.4172ms)
✔ 709: caller metadata cannot overwrite storage identity, digest, size or schema version (1.6171ms)
✔ 703: final-stage failure is never returned as an empty successful plan (0.4398ms)
✔ full local candidate: two real CPU applications execute through canonical admission/artifacts/capsule/receipt/origin/consumption (2008.5317ms)
✔ review: canonical task ownership cannot be substituted by a caller workload (28.2523ms)
✔ review: terminal attempt retention remains bounded without stopping job 257 (1541.0485ms)
✔ review: separate artifact stores cannot acknowledge over-quota concurrent publications (7.3046ms)
✔ 702: feasibility precedes ranking; stale/unknown/untrusted/strict/capability constraints cannot win (1.8904ms)
✔ 704/712: canonical CAS admission, idempotence, epoch fencing, commit and restart preserve one task truth (223.8761ms)
✔ 704: changed policy/version or observation cannot be admitted (21.4423ms)
✔ canonical Task uses COMPLETED while capsule outcome remains SUCCEEDED (38.7372ms)
✔ uncertain side effects keep running canonical truth, reservation and visible attention (21.2536ms)
✔ legacy backend cannot claim or report a capsule-owned PCF task; ordinary WAIT remains claimable (115.171ms)
✔ recovery refuses timeout, PID-only, stale epoch, revoked authority and unknown effects (32.3413ms)
✔ bound owned-stop proof requeues the same Task/Action once and fences old output (21.9496ms)
✔ approved service creates one existing canonical task/action, starts independently of UI and returns once to bound caller (1100.8218ms)
✔ service bounds queue, rejects unapproved/cross-device work, drains and preserves cancel terminal truth (75.2419ms)
✔ live policy revocation before dispatch prevents a process launch and does not invent side effects (73.7541ms)
✔ a second supervisor cannot take ownership merely because time elapsed (63.5915ms)
✔ pins and leases survive restart and revoked bytes are visibly deleted (148.0442ms)
✔ corruption and authorization revoked before publication keep bytes unavailable (13.1339ms)
✔ authorization revoked during direct publication removes partial and restores quota (2.9623ms)
✔ expired and revoked partials can be authorized cancelled with visible cleanup failure and retry (15.4416ms)
✔ transfer publish recovers index fault and descriptor cleanup fault idempotently without double quota (21.3018ms)
✔ cancelled journal-owned blob after chained index and cleanup faults remains counted unavailable storage (30.4801ms)
✔ repository input manifest includes explicit dirty content and refuses secrets and traversal (0.8859ms)
✔ transfer descriptors cannot overwrite owner authorization or schema (2.2629ms)
✔ partial transfer resumes across instances only with matching version and digest (15.2968ms)
✔ approved fenced new attempt restores real chunked CPU state and retains old binding (29.614ms)
✔ new attempt recovery rejects absent compatibility and legacy same-attempt remains readable (6.6559ms)
✔ 716 preflight rejects unsafe configuration and host conditions (1.9021ms)
✔ 716 lifecycle defaults opt out and dry run; install duplicate and undrained upgrade refuse (0.5305ms)
✔ 716 update requires completed drain, uses ordered canary and rolls back failed verification (0.9442ms)
✔ 716 failed canary never switches; rollback failure remains attention (0.3383ms)
✔ 716 bounded logs omit credentials and health probe rejects credentials (0.6649ms)
✔ 716 independent owned child survives absent control surface and stops through its adapter (917.6363ms)
✔ 716 PowerShell opt-out never reads missing config or creates candidate (558.1266ms)
✔ 716 review duplicate START preserves one owned runtime (0.2943ms)
✔ 716 review restored running manifest cannot uninstall unknown runtime (0.2479ms)
✔ 716 review restored owned runtime reconciles before stopping and uninstalling (0.2796ms)
✔ 716 review invalid rollback never calls adapter or corrupts manifest (0.1786ms)
✔ 716 review real ancestor junction cannot redirect candidate metadata writes (781.1452ms)
✔ PCF-719 service stays non-exported and has no launch-intent grant (0.8646ms)
✔ PCF-719 visibility comes from observed application lifecycle and fresh execution checks (0.2079ms)
✔ PCF-719 allowlist, identity separation and fail-closed resource gates remain bounded (0.2416ms)
ℹ tests 55
ℹ suites 0
ℹ pass 55
ℹ fail 0
ℹ cancelled 0
ℹ skipped 0
ℹ todo 0
ℹ duration_ms 15240.518
