✔ fixed invocation never accepts arbitrary argv or latest session (1.6142ms)
✔ unapproved provider remains NOT_RUN and unknown attachment refused (0.9201ms)
✔ real subprocess fixture captures JSONL exit and refuses duplicate attempt (1029.9953ms)
✔ bounded malformed stream fails and cancellation waits for process close (1908.3286ms)
✔ adapter binds real ConnectorPort inventory without claiming readiness (0.4154ms)
✔ nonzero exit and invalid JSONL do not become success (1950.4316ms)
✔ caller mutation across workspace validation cannot change verified execution (1013.9511ms)
✔ production cannot inject a workspace validator or provider fixture argv (0.3544ms)
✔ owned start is persisted before stdin and durable exit precedes collection (1031.0147ms)
✔ receipt disk failure is ATTENTION and cannot be collected (1017.4323ms)
✔ facade forwards canonical receipts and keeps delivered distinct from consumed (1.4696ms)
✔ each invocation rechecks current authority including retrieval (0.3123ms)
ℹ tests 12
ℹ suites 0
ℹ pass 12
ℹ fail 0
ℹ cancelled 0
ℹ skipped 0
ℹ todo 0
ℹ duration_ms 8935.8546
