✔ pins and leases survive restart and revoked bytes are visibly deleted (24.7306ms)
✖ expired and revoked partials can be authorized cancelled with visible cleanup failure and retry (5.7262ms)
✖ transfer publish recovers index fault and descriptor cleanup fault idempotently without double quota (9.585ms)
✔ repository input manifest includes explicit dirty content and refuses secrets and traversal (0.9972ms)
✔ transfer descriptors cannot overwrite owner authorization or schema (2.1107ms)
✔ partial transfer resumes across instances only with matching version and digest (12.6333ms)
✔ approved fenced new attempt restores real chunked CPU state and retains old binding (14.1739ms)
✖ new attempt recovery rejects absent compatibility and legacy same-attempt remains readable (7.3759ms)
ℹ tests 8
ℹ suites 0
ℹ pass 5
ℹ fail 3
ℹ cancelled 0
ℹ skipped 0
ℹ todo 0
ℹ duration_ms 1944.7749

✖ failing tests:

test at tests\pcf709-artifacts.test.mjs:13:1
✖ expired and revoked partials can be authorized cancelled with visible cleanup failure and retry (5.7262ms)
  TypeError: s.cancelTransfer is not a function
      at TestContext.<anonymous> (file:///D:/Utopia-tree/PCF-700-790/Utopia-PCF-FullFlow-Alien-20261007/tests/pcf709-artifacts.test.mjs:18:34)
      at async Test.run (node:internal/test_runner/test:1389:7)
      at async Test.processPendingSubtests (node:internal/test_runner/test:960:7)

test at tests\pcf709-artifacts.test.mjs:24:1
✖ transfer publish recovers index fault and descriptor cleanup fault idempotently without double quota (9.585ms)
  AssertionError [ERR_ASSERTION]: Missing expected rejection.
      at async TestContext.<anonymous> (file:///D:/Utopia-tree/PCF-700-790/Utopia-PCF-FullFlow-Alien-20261007/tests/pcf709-artifacts.test.mjs:29:2)
      at async Test.run (node:internal/test_runner/test:1389:7)
      at async Test.processPendingSubtests (node:internal/test_runner/test:960:7) {
    generatedMessage: false,
    code: 'ERR_ASSERTION',
    actual: undefined,
    expected: /injected ENOSPC/,
    operator: 'rejects',
    diff: 'simple'
  }

test at tests\pcf711-checkpoints.test.mjs:21:1
✖ new attempt recovery rejects absent compatibility and legacy same-attempt remains readable (7.3759ms)
  AssertionError [ERR_ASSERTION]: Missing expected rejection.
      at async TestContext.<anonymous> (file:///D:/Utopia-tree/PCF-700-790/Utopia-PCF-FullFlow-Alien-20261007/tests/pcf711-checkpoints.test.mjs:26:2)
      at async Test.run (node:internal/test_runner/test:1389:7)
      at async Test.processPendingSubtests (node:internal/test_runner/test:960:7) {
    generatedMessage: false,
    code: 'ERR_ASSERTION',
    actual: undefined,
    expected: /CHECKPOINT_COMPATIBILITY_REQUIRED/,
    operator: 'rejects',
    diff: 'simple'
  }
