✔ UXI-301 android: the Kotlin term table equals the contract EXACTLY, in both directions (3.2714ms)
✔ UXI-301 android: the Kotlin state and action tables equal the contract (0.576ms)
✔ UXI-301 android: Kotlin severity agrees with the contract class wherever the class carries meaning (0.4171ms)
✔ UXI-301 android: the parity guard would actually fail on drift (0.3691ms)
✔ UXI-390: Android action wiring equals the web surface wiring map (2.0692ms)
✔ Android UI evidence parser preserves single-quoted JSON and double-quoted attributes (5.9427ms)
✔ a committed record from one embodiment is visible to another embodiment of the same assistant (4.4658ms)
✔ two embodiments keep different local context while sharing one authoritative identity (1.7695ms)
✔ disconnecting one embodiment does not terminate the assistant while another remains (0.6765ms)
✔ embodiment-local transient state never leaks into shared state unless promoted (1.8223ms)
✔ concurrent promotion attempts are settled by revision checks, not last-writer-wins (1.1411ms)
✔ promotion is idempotent and rejects key reuse with a different payload (0.5427ms)
✔ authoritative state never holds user identity, authority or raw secrets (0.88ms)
✔ disclosure is limited by audience and requested scopes (0.6803ms)
✔ recovery keeps the logical assistant and its durable records across a restart (1.2772ms)
✔ a process restart refuses old sessions and stale local scratch as authority (1.278ms)
✔ in-process recovery expires live sessions until the device re-fetches authority (1.3333ms)
✔ one expired embodiment does not disturb the other embodiments of the same assistant (0.5779ms)
✔ the assistant profile port is a versioned seam with a deterministic double (0.5579ms)
✔ core contract flags state the one-identity-many-projections invariant (0.2792ms)
✔ authority and user-identity state cannot be promoted under a different spelling (0.5797ms)
✔ a raw secret cannot be promoted under a plural or camelCase spelling (0.3011ms)
✔ an embodiment reference from a previous epoch never names a live embodiment (0.5092ms)
✔ a tampered snapshot cannot install authority, a secret, an unpromotable scope or an unknown audience as truth (1.0788ms)
✔ a retry carrying a different payload is refused, not silently replayed (0.4071ms)
✔ two assistants hold different duties and proactivity over one authorized user context (6.6917ms)
✔ out-of-duty requests are refused or delegated without changing permissions (1.3778ms)
✔ effective permission is the four-axis intersection and a lease never substitutes for it (3.1914ms)
✔ a handoff to a less-privileged assistant stays less privileged (1.0171ms)
✔ permission is recomputed after handoff, device change, reconnect and capability change (1.425ms)
✔ proactivity levels bound initiative and notification audiences (1.0158ms)
✔ the policy engine is strict, frozen, observable and independent (1.3041ms)
✔ the deployment policy is validated and its ceiling cannot be removed (0.5814ms)
✔ the confirmation floor comes from the deployment policy, not from the assistant (0.6047ms)
✔ notification audiences are a list of references, not a substring match (0.5798ms)
✔ a handoff payload cannot carry authority whatever its shape (1.2289ms)
✔ the assistant axis is the registry own duty policy and the Core axes say so (0.6975ms)
✔ an uninterpretable instant is refused rather than recorded (0.6488ms)
✔ the duty gate is about the action, and a named duty only narrows it (0.5887ms)
✔ a handoff carries the capability factor and reports relative privilege honestly (0.4614ms)
✔ a lease must be unexpired and held here to count as execution safety (0.6204ms)
✔ a recomputation supersedes the decisions it replaces, and ids are registry scoped (0.7109ms)
✔ embodiment events are the canonical Assistant model and transport stays non-canonical (4.1608ms)
✔ contradictory commands from two devices cannot produce two exclusive side effects (2.0785ms)
✔ retries and replays with the same action key never duplicate the external side effect (0.9561ms)
✔ lease expiry, revocation and reassignment are authoritative and observable (1.333ms)
✔ after a disconnect nothing resumes on a stale local lease (1.3521ms)
✔ output routing respects availability, foreground and privacy without broadcasting (0.7386ms)
✔ the bus is strict, frozen and free of ambient state (0.7195ms)
✔ the canonical contract allow-list is decided by own keys (0.2251ms)
✔ a caller instant must be real, not merely well shaped (0.38ms)
✔ the bus policy bounds are validated rather than trusted (0.4275ms)
✔ a reconnecting device never revives a lease another holder has taken over (0.4876ms)
✔ an action key stays the same action across renewal and reassignment (0.3384ms)
✔ renewal retires the previous lease reference instead of aliasing it (0.3978ms)
✔ authority is never anonymous: acting on a lease needs the holder it names (0.3638ms)
✔ an expired lease cannot be revived with a backdated instant (0.4345ms)
✔ reconciliation requires an authoritative lease inventory (0.4792ms)
✔ routing never delivers to a device the bus knows is disconnected (0.2393ms)
✔ staleness and replay absorption do not depend on an optional command reference (0.3982ms)
✔ a refused reconciliation grants no authority (0.4463ms)
✔ the canonical event carries the declared identity and transport correlation (0.3008ms)
✔ an envelope field is validated and used exactly once (0.2516ms)
✔ exclusivity is a boolean grant, not a truthy flag (0.3535ms)
✔ an instant helper that guards decisions is not shape-only (0.0872ms)
✔ an embodiment descriptor references Remote Fabric identity and never mints its own (3.6285ms)
✔ a device without cross-device identity is representable, and says so (0.4235ms)
✔ descriptor vocabularies are closed and unknown values are refused (0.9296ms)
✔ one logical assistant inhabits PC and Android at the same time (0.9626ms)
✔ a device refuses a second simultaneous foreground assistant (0.5936ms)
✔ detaching the foreground assistant releases the binding (0.419ms)
✔ foreground A->B switches cleanly and releases the outgoing local context (0.7979ms)
✔ a stale foreground view cannot take the device over (0.7774ms)
✔ a foreground switch leaves an unrelated background task owned, executing and uncancelled (10.9715ms)
✔ device-local context stays per-device and never becomes authoritative (0.9961ms)
✔ binding reconstructs from authoritative state after a restart (1.6096ms)
✔ a reconnecting device is refused when its local belief disagrees with authority (0.928ms)
✔ one assistant on many devices keeps each device independent (0.5427ms)
✔ duplicate device identity and unknown embodiments are refused (0.9824ms)
✔ undeclared keys inherited from Object.prototype are refused, and a prototype key never is a descriptor field (0.699ms)
✔ a competing physical-device identity is refused in every spelling (1.476ms)
✔ a foreground binding reference is never re-issued across a restart (1.5326ms)
✔ a physical device cannot be claimed twice, including by refreshing an unidentified embodiment (0.437ms)
✔ the single-foreground invariant is derived from physical device identity (0.4351ms)
✔ a restored binding keeps its recovery provenance on every later read (0.3293ms)
✔ the foreground compare-and-set token is the binding reference, not the assistant (0.2735ms)
✔ re-attaching with a different session is a session change, not an idempotent repeat (0.3605ms)
✔ switching the foreground assistant touches no task (1.9087ms)
✔ a handoff carries responsibility and never authority (2.1128ms)
✔ a true transfer needs acceptance and leaves exactly one authoritative owner (1.7582ms)
✔ an explicit executor move is carried by the handoff and recorded separately (0.3503ms)
✔ a rejected or expired handoff leaves the authoritative owner unchanged (0.5769ms)
✔ a consultation transfers nothing even when accepted (0.2796ms)
✔ the handoff package is strict, idempotent and refuses terminal or foreign tasks (1.1333ms)
✔ unknown fields are refused even when named after Object.prototype members (0.6331ms)
✔ a non-enumerable own authority field cannot evade the authority scan (1.5496ms)
✔ a stale concurrent handoff cannot take ownership from a new owner (0.7402ms)
✔ recipient authority is recomputed at takeover, not reused from proposal time (0.7464ms)
✔ a policy lookup is own-key only, never through the prototype chain (0.22ms)
✔ a re-proposal under a live id is only a duplicate when it says the same thing (0.638ms)
✔ transition timestamps must be real instants at or after the proposal (0.4103ms)
✔ a cyclic or over-deep handoff is refused, never a stack overflow (0.4928ms)
✔ a calendar-impossible instant is refused, not merely shape-checked (0.1484ms)
✔ the switch report does not invent the outgoing assistant's presence (0.1419ms)
✔ a refusal that cannot be explained is not half-applied (0.4111ms)
✔ a transfer must declare the capabilities the recipient is judged against (0.3742ms)
✔ the task store double does not leak or alias canonical state (0.1817ms)
✔ a versioned task refuses a handoff built against another version (0.6718ms)
✔ assistants are listed and selected, with the five identity roles kept distinct (3.8413ms)
✔ profile changes propagate as committed shared state and never touch Digital-Me or tasks (1.061ms)
✔ foreground switching is a UI operation that transfers nothing (1.3611ms)
✔ stale, offline and reconnecting embodiments are surfaced and never shown as authority (0.7933ms)
✔ reserved voice/avatar adapters exist as adapters without being required now (0.6903ms)
✔ the surface is strict, frozen and independent of ambient state (0.9797ms)
✔ an editable field carries the kind of value its name promises (0.5002ms)
✔ a change the surface cannot read is refused rather than dropped (0.3682ms)
✔ the version guard is not switchable off by policy (0.3702ms)
✔ re-registering a device never discards the binding the user chose (0.6037ms)
✔ a task the surface cannot read is reported, not hidden (0.3613ms)
✔ the committed-update cursor must be a version and the instants must be real (0.4692ms)
✔ freshness needs a recent observation, not only a declared state (0.5195ms)
✔ every projection of a device gives the same freshness answer (0.2937ms)
✔ a committed update carries the change, the previous values and the actor (0.4223ms)
✔ a handoff or a provisional switch is never taken from a cached view (0.3783ms)
✔ a task foreground flag is a boolean and its role reflects the data (0.2661ms)
✔ an untypeable value is refused before anything is recorded (0.3744ms)
✔ one authoritative task is shared by every embodiment — never duplicated per device (2.7964ms)
✔ ownership is logical, execution is physical — sessions and devices are never the owner (2.1422ms)
✔ mutations are versioned and typed, and conflicting updates keep a causal audit trail (0.6819ms)
✔ foreground switching never changes owner, coordinator or executor (0.3411ms)
✔ ownership moves only through an explicit accepted handoff, and never restarts the executor (1.1632ms)
✔ an exclusive side effect can never have two simultaneous valid executors (0.7293ms)
✔ device release suspends the lease, never orphans a task and never moves ownership (0.7602ms)
✔ every contract surface is closed, frozen and free of ambient state (0.4466ms)
✔ the canonical contract allow-list is decided by own keys (0.2596ms)
✔ a hidden authority field in a handoff is found, and a cycle does not crash the scan (0.3513ms)
✔ a caller instant must be real, not merely well shaped (0.3692ms)
✔ a refused patch changes nothing (0.2081ms)
✔ a released executor must revalidate its lease instead of re-issuing it (0.5742ms)
✔ an exclusive side effect cannot complete without a lease (0.3499ms)
✔ a refused foreground change leaves the binding untouched (0.2103ms)
✔ a device release never rewrites a settled task, and a handoff checkpoint is text (0.407ms)
✔ Windows manufacturer payload prefixes locator with canonical UUID bytes (0.9898ms)
✔ BLE locator contains exactly version IPv4 and big-endian port (0.8675ms)
✔ non-Windows adapter reports software platform error rather than hardware evidence (0.8381ms)
✔ theme artifact store degrades on an uncreatable root and refuses typed instead of throwing (4.1522ms)
✔ a store that breaks after startup is recorded, and losing it cannot erase a finished build (3.0885ms)
✔ a file at the theme-packages path leaves the City serving and the theme lab typed-failed (2374.4595ms)
✔ degrading the artifact store blocks only the theme lab, never the capability registry (87.2437ms)
✔ a store that breaks while the City runs is reported in health, not only after a restart (1967.4768ms)
✔ a fresh profile is fully normalized, descriptive and authority-free (3.5465ms)
✔ partially specified ports receive safe defaults (0.6188ms)
✔ two assistant identities hold independent profiles and relationship modes at the same time (11.1585ms)
✔ a relationship change on one assistant never leaks into another assistant or its bundle (0.5762ms)
✔ several assistant identities can be online at once and presence is idempotent (0.6103ms)
✔ a duplicate assistant id is refused and leaves state untouched (0.3516ms)
✔ minted assistant ids are stable, unique and honestly labelled (0.3253ms)
✔ profiles reject embedded permission grants, execution leases and authority fields (0.517ms)
✔ extension namespaces cannot smuggle Digital-Me or authority namespaces (0.781ms)
✔ schema version and port shape are validated instead of silently accepted (0.4537ms)
✔ unknown future attributes migrate forward without losing data (0.9858ms)
✔ a rejected write is a no-op and schema_version cannot be patched (0.9538ms)
✔ a stale profile write is refused instead of silently overwriting (0.4217ms)
✔ export and import restore durable assistant state after a simulated restart (0.9768ms)
✔ replace import touches only the target assistant and bumps its revision (0.5048ms)
✔ import rejects Digital-Me data, authority fields and malformed bundles atomically (1.5092ms)
✔ reset restores safe defaults for one assistant without touching the others (0.9756ms)
✔ duty labels describe a role and never grant the corresponding action (0.6527ms)
✔ the personalization surface never writes Digital-Me state (0.3748ms)
✔ identity lifecycle errors are typed and presence is cleaned up (1.3595ms)
✔ applyProfilePatch merges one port level and replaces arrays (0.448ms)
✔ the published schema matches the runtime contract (0.5303ms)
✔ a profile patch cannot rewrite a prototype or inject a hidden property (0.3733ms)
✔ the Zone patch path is closed to prototype injection and leaves state untouched (0.2461ms)
✔ a rejected patch leaves the stored profile byte-identical (0.2963ms)
✔ inherited property names are not declared port fields (0.7736ms)
✔ reserved keys are refused at every depth of a stored profile document (0.2486ms)
✔ a bundle refuses a reserved key anywhere, including inside an extension value (0.3154ms)
✔ a reserved key cannot be registered as a personalization port (0.2131ms)
✔ the published schema states the reserved-prototype-key rule the runtime enforces (0.4212ms)
✔ document bytes flow through real readers and into temporary knowledge (432.8392ms)
✔ evidence review is deterministic and tampering never gets rehashed (5.0605ms)
✔ theme generation returns a reproducible PNG and validation (58.9586ms)
✔ future promoted module stays pending and all five existing adapters still execute (20.1052ms)
✔ malformed and oversized inputs have explicit refusals (22.2239ms)
✔ dependency failure degrades the same descriptor used to gate invocations (84.1334ms)
✔ capabilities use control auth, canonical results, typed refusal and durable history (407.545ms)
✔ the per-capability degradation latch is owned by the migrated provider-resilience breaker (70.468ms)
✔ old SQLite results migrate without changing identity, digest or metadata, including restart (76.7357ms)
✔ migration fails closed and rolls back earlier rows when legacy history is corrupt (64.5059ms)
✔ 560 large legacy results keep 500 summaries and 50 details; new saves remain bounded (3883.7789ms)
✔ city and list APIs send summaries only, enforce limits and retrieve individual details (1038.814ms)
✔ a long running invocation survives pruning and its completion remains readable (5595.4599ms)
✔ qualified identities keep duplicate names independent and cannot replace missing dependencies (4.4868ms)
✔ registry restricts mixed module lifecycle and exposes every dependency lifecycle (2.9261ms)
✔ unbridged duplicate module names receive different qualified capability IDs (1.0611ms)
✔ Theme advertises implemented generate and build operations and refuses validate (1.0585ms)
✔ infrastructure modules are never advertised as capabilities (0.7849ms)
✔ CEX701 owner sees canonical clone findings and explicitly recovers unbound installation without deleting other devices (3629.4055ms)
✔ CEX701 session sees only own installation and actionable owner guidance; rebind and cross-revoke stay forbidden (2100.8432ms)
✔ CEX701 recovery selection and owner confirmation do not survive credential changes (2063.2731ms)
✔ CEX702 ordinary Web choice records a single decline, hands off and returns actual result to same surface (2595.9991ms)
✔ CEX702 strict target and no alternate have explicit canonical refusal without conflicting mutation (343.5311ms)
✔ CEX702 backend rejects stale decisions and withdrawn/offline alternates using current City truth (185.5737ms)
✔ CEX702 legacy decline does not authorize a stale explicit alternate replay (194.3075ms)
✔ CEX703 fresh user opens live catalog without failed Ask and selection never executes (2131.6513ms)
✔ CEX703 catalog action follows existing confirmation before any City task exists (2023.5696ms)
✔ CEX703 uncertain selected-request retry preserves exact selection and idempotency key (1699.9296ms)
✔ CEX704 guarded native generation keeps active session fixed and requires fresh terminal state (312.2672ms)
✔ CEX705 canonical scoped management preserves rename/sharing/message/revoke authority and reconnect identity (529.3506ms)
