✖ 716 review duplicate START preserves one owned runtime (2.7949ms)
✖ 716 review restored running manifest cannot uninstall unknown runtime (0.2861ms)
✖ 716 review restored owned runtime reconciles before stopping and uninstalling (1.0087ms)
✖ 716 review invalid rollback never calls adapter or corrupts manifest (0.2903ms)
✖ 716 review real ancestor junction cannot redirect candidate metadata writes (655.4267ms)
ℹ tests 5
ℹ suites 0
ℹ pass 0
ℹ fail 5
ℹ cancelled 0
ℹ skipped 0
ℹ todo 0
ℹ duration_ms 1647.8001

✖ failing tests:

test at tests\pcf716-deployment.test.mjs:49:1
✖ 716 review duplicate START preserves one owned runtime (2.7949ms)
  AssertionError [ERR_ASSERTION]: Expected values to be strictly equal:
  + actual - expected
  
  + undefined
  - 'ALREADY_RUNNING'
  
      at TestContext.<anonymous> (file:///D:/Utopia-tree/PCF-700-790/Utopia-PCF-FullFlow-Alien-20261007/tests/pcf716-deployment.test.mjs:50:287)
      at async Test.run (node:internal/test_runner/test:1389:7)
      at async startSubtestAfterBootstrap (node:internal/test_runner/harness:387:3) {
    generatedMessage: true,
    code: 'ERR_ASSERTION',
    actual: undefined,
    expected: 'ALREADY_RUNNING',
    operator: 'strictEqual',
    diff: 'simple'
  }

test at tests\pcf716-deployment.test.mjs:52:1
✖ 716 review restored running manifest cannot uninstall unknown runtime (0.2861ms)
  AssertionError [ERR_ASSERTION]: Expected values to be strictly equal:
  + actual - expected
  
  + undefined
  - 'OWNED_RUNTIME_UNKNOWN'
  
      at TestContext.<anonymous> (file:///D:/Utopia-tree/PCF-700-790/Utopia-PCF-FullFlow-Alien-20261007/tests/pcf716-deployment.test.mjs:53:245)
      at async Test.run (node:internal/test_runner/test:1389:7)
      at async Test.processPendingSubtests (node:internal/test_runner/test:960:7) {
    generatedMessage: true,
    code: 'ERR_ASSERTION',
    actual: undefined,
    expected: 'OWNED_RUNTIME_UNKNOWN',
    operator: 'strictEqual',
    diff: 'simple'
  }

test at tests\pcf716-deployment.test.mjs:55:1
✖ 716 review restored owned runtime reconciles before stopping and uninstalling (1.0087ms)
  AssertionError [ERR_ASSERTION]: Expected values to be strictly deep-equal:
  + actual - expected
  
  + []
  - [
  -   'fixture-boot-1',
  -   'stop'
  - ]
  
      at TestContext.<anonymous> (file:///D:/Utopia-tree/PCF-700-790/Utopia-PCF-FullFlow-Alien-20261007/tests/pcf716-deployment.test.mjs:56:389)
      at async Test.run (node:internal/test_runner/test:1389:7)
      at async Test.processPendingSubtests (node:internal/test_runner/test:960:7) {
    generatedMessage: true,
    code: 'ERR_ASSERTION',
    actual: [],
    expected: [ 'fixture-boot-1', 'stop' ],
    operator: 'deepStrictEqual',
    diff: 'simple'
  }

test at tests\pcf716-deployment.test.mjs:58:1
✖ 716 review invalid rollback never calls adapter or corrupts manifest (0.2903ms)
  AssertionError [ERR_ASSERTION]: Expected values to be strictly equal:
  
  'READY' !== 'REFUSED'
  
      at TestContext.<anonymous> (file:///D:/Utopia-tree/PCF-700-790/Utopia-PCF-FullFlow-Alien-20261007/tests/pcf716-deployment.test.mjs:59:289)
      at async Test.run (node:internal/test_runner/test:1389:7)
      at async Test.processPendingSubtests (node:internal/test_runner/test:960:7) {
    generatedMessage: true,
    code: 'ERR_ASSERTION',
    actual: 'READY',
    expected: 'REFUSED',
    operator: 'strictEqual',
    diff: 'simple'
  }

test at tests\pcf716-deployment.test.mjs:61:1
✖ 716 review real ancestor junction cannot redirect candidate metadata writes (655.4267ms)
  AssertionError [ERR_ASSERTION]: Expected "actual" to be strictly unequal to: 0
      at TestContext.<anonymous> (file:///D:/Utopia-tree/PCF-700-790/Utopia-PCF-FullFlow-Alien-20261007/tests/pcf716-deployment.test.mjs:63:263)
      at async Test.run (node:internal/test_runner/test:1389:7)
      at async Test.processPendingSubtests (node:internal/test_runner/test:960:7) {
    generatedMessage: true,
    code: 'ERR_ASSERTION',
    actual: 0,
    expected: 0,
    operator: 'notStrictEqual',
    diff: 'simple'
  }
