node:internal/modules/esm/resolve:271
    throw new ERR_MODULE_NOT_FOUND(
          ^

Error [ERR_MODULE_NOT_FOUND]: Cannot find module 'D:\Utopia-tree\PCF-700-790\Utopia-PCF-FullFlow-Alien-20261007\services\personal-compute-fabric\engineering-runtime.mjs' imported from D:\Utopia-tree\PCF-700-790\Utopia-PCF-FullFlow-Alien-20261007\tests\pcf727-runtime.test.mjs
    at finalizeResolution (node:internal/modules/esm/resolve:271:11)
    at moduleResolve (node:internal/modules/esm/resolve:865:10)
    at defaultResolve (node:internal/modules/esm/resolve:992:11)
    at #cachedDefaultResolve (node:internal/modules/esm/loader:701:20)
    at #resolveAndMaybeBlockOnLoaderThread (node:internal/modules/esm/loader:721:38)
    at ModuleLoader.resolveSync (node:internal/modules/esm/loader:759:56)
    at #resolve (node:internal/modules/esm/loader:683:17)
    at ModuleLoader.getOrCreateModuleJob (node:internal/modules/esm/loader:603:35)
    at ModuleJob.syncLink (node:internal/modules/esm/module_job:163:33)
    at ModuleJob.link (node:internal/modules/esm/module_job:253:17) {
  code: 'ERR_MODULE_NOT_FOUND',
  url: 'file:///D:/Utopia-tree/PCF-700-790/Utopia-PCF-FullFlow-Alien-20261007/services/personal-compute-fabric/engineering-runtime.mjs'
}

Node.js v24.19.0
✖ tests\pcf727-runtime.test.mjs (1807.179ms)
node:internal/modules/esm/resolve:271
    throw new ERR_MODULE_NOT_FOUND(
          ^

Error [ERR_MODULE_NOT_FOUND]: Cannot find module 'D:\Utopia-tree\PCF-700-790\Utopia-PCF-FullFlow-Alien-20261007\services\personal-compute-fabric\engineering-tools.mjs' imported from D:\Utopia-tree\PCF-700-790\Utopia-PCF-FullFlow-Alien-20261007\tests\pcf728-tools.test.mjs
    at finalizeResolution (node:internal/modules/esm/resolve:271:11)
    at moduleResolve (node:internal/modules/esm/resolve:865:10)
    at defaultResolve (node:internal/modules/esm/resolve:992:11)
    at #cachedDefaultResolve (node:internal/modules/esm/loader:701:20)
    at #resolveAndMaybeBlockOnLoaderThread (node:internal/modules/esm/loader:721:38)
    at ModuleLoader.resolveSync (node:internal/modules/esm/loader:759:56)
    at #resolve (node:internal/modules/esm/loader:683:17)
    at ModuleLoader.getOrCreateModuleJob (node:internal/modules/esm/loader:603:35)
    at ModuleJob.syncLink (node:internal/modules/esm/module_job:163:33)
    at ModuleJob.link (node:internal/modules/esm/module_job:253:17) {
  code: 'ERR_MODULE_NOT_FOUND',
  url: 'file:///D:/Utopia-tree/PCF-700-790/Utopia-PCF-FullFlow-Alien-20261007/services/personal-compute-fabric/engineering-tools.mjs'
}

Node.js v24.19.0
✖ tests\pcf728-tools.test.mjs (952.2927ms)
ℹ tests 2
ℹ suites 0
ℹ pass 0
ℹ fail 2
ℹ cancelled 0
ℹ skipped 0
ℹ todo 0
ℹ duration_ms 1865.2997

✖ failing tests:

test at tests\pcf727-runtime.test.mjs:1:1
✖ tests\pcf727-runtime.test.mjs (1807.179ms)
  'test failed'

test at tests\pcf728-tools.test.mjs:1:1
✖ tests\pcf728-tools.test.mjs (952.2927ms)
  'test failed'
