✔ bookmark room creates, edits and deletes bookmarks (105.9913ms)
✔ bookmark room accepts only absolute http(s) URLs (46.5874ms)
✔ bookmark title falls back to the URL and search covers url and note (31.4561ms)
✔ bookmark export/import replaces the collection and rejects bad payloads (74.2511ms)
✔ bookmark data is durable across a hub restart (10.7617ms)
✔ calendar room creates, edits and deletes a dated event (107.4057ms)
✔ calendar room validates dates and times (68.9424ms)
✔ calendar groups events into today, upcoming and past in order (0.8549ms)
✔ calendar scope filters today and upcoming over HTTP (45.8485ms)
✔ calendar export/import replaces events and data survives a restart (21.4068ms)
✔ checklist room creates lists and items with progress (105.849ms)
✔ checklist items can be reordered and deleted (76.0916ms)
✔ checklist clear-completed removes only done items (28.1022ms)
✔ checklist data is durable across a hub restart (16.1494ms)
✔ checklist room avoids City Control task vocabulary (1.4476ms)
✔ csv parser handles quotes, escaped quotes and embedded newlines (1.694ms)
✔ csv summary reports columns, rows and truncation (0.2601ms)
✔ json parse reports a position for invalid input (0.4622ms)
✔ data lab pretty prints and minifies over HTTP (91.4186ms)
✔ data lab returns a structured error for invalid json and parses valid json (16.5478ms)
✔ data lab csv preview endpoint works and rejects broken csv (17.5685ms)
✔ decision room records a question with options and opens as OPEN (85.7663ms)
✔ decision room appends options and keeps selected option ids stable (40.9328ms)
✔ decision room decide and revisit transitions (42.9285ms)
✔ decision room searches and filters by status (88.1874ms)
✔ decision export/import replaces data, validates payloads and survives a restart (53.9073ms)
✔ focus room exposes presets and completes a real short session (140.2104ms)
✔ focus room records an interrupted session honestly after a reload (50.2592ms)
✔ focus room validates session input (43.0579ms)
✔ focus room deletes a session and keeps the rest (81.9024ms)
✔ focus summary counts today using local dates and sessions are durable (14.0076ms)
✔ hash room digest matches Node crypto for fixed inputs (96.1337ms)
✔ hash room compares an expected digest and reports match or mismatch (21.4246ms)
✔ hash room rejects unknown algorithms and writes nothing to runtime (15.2474ms)
✔ room store writes schemaVersion/updatedAt/data and survives a reload (16.2802ms)
✔ room store rejects a wrong schemaVersion and a non-object root (7.7453ms)
✔ store mutations are serialized so concurrent writes do not lose items (37.8313ms)
✔ shared helpers normalize text, tags and collection CRUD (7.5216ms)
✔ hub serves health, the room catalog and the product shell on loopback (205.8015ms)
✔ hub rejects unknown rooms and unknown routes without touching other rooms (31.9975ms)
✔ static serving never escapes the configured root (3.3293ms)
✔ room data files are isolated: clearing one room leaves the others intact (87.489ms)
✔ hub configuration defaults to port 4320 and loopback only (0.9472ms)
✔ all ten local rooms are LOCAL_PRODUCT and carry null donor metadata (1.7674ms)
✔ every incubating room declares a full donor and promotion contract (0.6806ms)
✔ lifecycle defaults and metadata projection follow the §5.2 contract (0.1987ms)
✔ a promoted room leaves the active catalog but stays known to Git history (0.4025ms)
✔ promotion records are validated and rejected when malformed (11.6306ms)
✔ promotion cross-checks catch an unknown room, an active room and a path mismatch (0.4823ms)
✔ hub exposes lifecycle metadata and the promotion record set (83.5724ms)
✔ knowledge room creates, lists, edits and deletes entries over HTTP (416.019ms)
✔ knowledge entries survive a hub restart (19.4967ms)
✔ knowledge search covers title, body and tags and is case-insensitive (56.3361ms)
✔ knowledge export bundle carries format, schemaVersion and full entries (14.0091ms)
✔ knowledge import replaces data and rejects malformed bundles whole (86.7734ms)
✔ knowledge entries are ordered newest-updated first (161.5995ms)
✔ a relocated promotion keeps its historical target and names its authority (9.7798ms)
✔ every promotion record still names a landing point under city/ (3.9048ms)
✔ prompt library creates a prompt and derives its variables (81.2471ms)
✔ prompt rendering fills known variables and reports the missing ones (26.1649ms)
✔ prompt values persist with the prompt and are reused as defaults (35.1979ms)
✔ prompt search covers title, template and note (69.1165ms)
✔ prompt export/import replaces the library and the room never calls an AI provider (52.8707ms)
✔ text stats count characters, words and lines (2.0695ms)
✔ whitespace and blank-line operations are deterministic (0.3062ms)
✔ sort and dedupe behave predictably (0.4241ms)
✔ case operations cover upper, lower and title (0.249ms)
✔ line diff reports added, removed and identical lines (0.3445ms)
✔ text workshop serves transforms over HTTP and persists nothing (111.4959ms)
ℹ tests 69
ℹ suites 0
ℹ pass 69
ℹ fail 0
ℹ cancelled 0
ℹ skipped 0
ℹ todo 0
ℹ duration_ms 17584.3017
