✖ PCF-700 D3: every engineering and general-ai contract carries at least one test (411.3913ms)
ℹ tests 1
ℹ suites 0
ℹ pass 0
ℹ fail 1
ℹ cancelled 0
ℹ skipped 0
ℹ todo 0
ℹ duration_ms 1379.6822

✖ failing tests:

test at tests\pcf700-dependency-direction.test.mjs:65:1
✖ PCF-700 D3: every engineering and general-ai contract carries at least one test (411.3913ms)
  AssertionError [ERR_ASSERTION]: a contract nobody references is DECLARED only, and the tier table must be able to say so from a test
  + actual - expected
  
  + [
  +   'engineering-alien-review-probe'
  + ]
  - []
  
      at TestContext.<anonymous> (file:///D:/Utopia-tree/PCF-700-790/Utopia-PCF700-Alien-Review/tests/pcf700-dependency-direction.test.mjs:70:10)
      at async Test.run (node:internal/test_runner/test:1389:7)
      at async startSubtestAfterBootstrap (node:internal/test_runner/harness:387:3) {
    generatedMessage: false,
    code: 'ERR_ASSERTION',
    actual: [ 'engineering-alien-review-probe' ],
    expected: [],
    operator: 'deepStrictEqual',
    diff: 'simple'
  }
