✖ PCF-700 D1: no backend module imports a front-end module, so the UI -> backend direction stays acyclic (362.843ms)
ℹ tests 1
ℹ suites 0
ℹ pass 0
ℹ fail 1
ℹ cancelled 0
ℹ skipped 0
ℹ todo 0
ℹ duration_ms 1328.1278

✖ failing tests:

test at tests\pcf700-dependency-direction.test.mjs:41:1
✖ PCF-700 D1: no backend module imports a front-end module, so the UI -> backend direction stays acyclic (362.843ms)
  AssertionError [ERR_ASSERTION]: a backend module importing apps/* would make the dependency direction cyclic
  + actual - expected
  
  + [
  +   'services/pcf700-alien-review-probe.mjs'
  + ]
  - []
  
      at TestContext.<anonymous> (file:///D:/Utopia-tree/PCF-700-790/Utopia-PCF700-Alien-Review/tests/pcf700-dependency-direction.test.mjs:44:10)
      at async Test.run (node:internal/test_runner/test:1389:7)
      at async startSubtestAfterBootstrap (node:internal/test_runner/harness:387:3) {
    generatedMessage: false,
    code: 'ERR_ASSERTION',
    actual: [ 'services/pcf700-alien-review-probe.mjs' ],
    expected: [],
    operator: 'deepStrictEqual',
    diff: 'simple'
  }
