✖ PCF-700 D2: every endpoint a user surface names is one the gateway actually serves (330.0408ms)
ℹ tests 1
ℹ suites 0
ℹ pass 0
ℹ fail 1
ℹ cancelled 0
ℹ skipped 0
ℹ todo 0
ℹ duration_ms 1342.7532

✖ failing tests:

test at tests\pcf700-dependency-direction.test.mjs:51:1
✖ PCF-700 D2: every endpoint a user surface names is one the gateway actually serves (330.0408ms)
  AssertionError [ERR_ASSERTION]: a UI literal with no gateway route is a call that would 404 in production
  + actual - expected
  
  + [
  +   'apps/web/pcf700-alien-review-probe.mjs -> /api/v0/alien-review-nonexistent'
  + ]
  - []
  
      at TestContext.<anonymous> (file:///D:/Utopia-tree/PCF-700-790/Utopia-PCF700-Alien-Review/tests/pcf700-dependency-direction.test.mjs:62:10)
      at async Test.run (node:internal/test_runner/test:1389:7)
      at async startSubtestAfterBootstrap (node:internal/test_runner/harness:387:3) {
    generatedMessage: false,
    code: 'ERR_ASSERTION',
    actual: [ 'apps/web/pcf700-alien-review-probe.mjs -> /api/v0/alien-review-nonexistent' ],
    expected: [],
    operator: 'deepStrictEqual',
    diff: 'simple'
  }
