✖ PCF-700 C2: a legacy untargeted task is still claimable by any able node (143.623ms)
ℹ tests 1
ℹ suites 0
ℹ pass 0
ℹ fail 1
ℹ cancelled 0
ℹ skipped 0
ℹ todo 0
ℹ duration_ms 1238.2005

✖ failing tests:

test at tests\pcf700-compatibility.test.mjs:54:1
✖ PCF-700 C2: a legacy untargeted task is still claimable by any able node (143.623ms)
  AssertionError [ERR_ASSERTION]: an untargeted task must remain claimable by an able node
      at file:///D:/Utopia-tree/PCF-700-790/Utopia-PCF700-Alien-Review/tests/pcf700-compatibility.test.mjs:62:12
      at process.processTicksAndRejections (node:internal/process/task_queues:104:5)
      at async withCity (file:///D:/Utopia-tree/PCF-700-790/Utopia-PCF700-Alien-Review/tests/pcf700-compatibility.test.mjs:34:16)
      at async TestContext.<anonymous> (file:///D:/Utopia-tree/PCF-700-790/Utopia-PCF700-Alien-Review/tests/pcf700-compatibility.test.mjs:55:3)
      at async Test.run (node:internal/test_runner/test:1389:7)
      at async startSubtestAfterBootstrap (node:internal/test_runner/harness:387:3) {
    generatedMessage: false,
    code: 'ERR_ASSERTION',
    actual: null,
    expected: true,
    operator: '==',
    diff: 'simple'
  }
