✔ bookmark room creates, edits and deletes bookmarks (195.4709ms)
✔ bookmark room accepts only absolute http(s) URLs (77.3338ms)
✔ bookmark title falls back to the URL and search covers url and note (30.4675ms)
✔ bookmark export/import replaces the collection and rejects bad payloads (72.5418ms)
✔ bookmark data is durable across a hub restart (12.1777ms)
✔ calendar room creates, edits and deletes a dated event (177.4272ms)
✔ calendar room validates dates and times (113.9081ms)
✔ calendar groups events into today, upcoming and past in order (1.8402ms)
✔ calendar scope filters today and upcoming over HTTP (44.2614ms)
✔ calendar export/import replaces events and data survives a restart (34.1499ms)
✔ checklist room creates lists and items with progress (223.0522ms)
✔ checklist items can be reordered and deleted (97.9918ms)
✔ checklist clear-completed removes only done items (32.6391ms)
✔ checklist data is durable across a hub restart (15.0277ms)
✔ checklist room avoids City Control task vocabulary (1.4058ms)
✔ csv parser handles quotes, escaped quotes and embedded newlines (2.7452ms)
✔ csv summary reports columns, rows and truncation (0.4629ms)
✔ json parse reports a position for invalid input (0.714ms)
✔ data lab pretty prints and minifies over HTTP (129.9786ms)
✔ data lab returns a structured error for invalid json and parses valid json (44.0471ms)
✔ data lab csv preview endpoint works and rejects broken csv (40.6414ms)
✔ decision room records a question with options and opens as OPEN (133.1978ms)
✔ decision room appends options and keeps selected option ids stable (60.2038ms)
✔ decision room decide and revisit transitions (74.5829ms)
✔ decision room searches and filters by status (74.6355ms)
✔ decision export/import replaces data, validates payloads and survives a restart (72.2051ms)
✔ focus room exposes presets and completes a real short session (152.8241ms)
✔ focus room records an interrupted session honestly after a reload (39.155ms)
✔ focus room validates session input (49.757ms)
✔ focus room deletes a session and keeps the rest (52.8778ms)
✔ focus summary counts today using local dates and sessions are durable (21.6664ms)
✔ hash room digest matches Node crypto for fixed inputs (141.3774ms)
✔ hash room compares an expected digest and reports match or mismatch (40.6686ms)
✔ hash room rejects unknown algorithms and writes nothing to runtime (16.4726ms)
✔ room store writes schemaVersion/updatedAt/data and survives a reload (30.9521ms)
✔ room store rejects a wrong schemaVersion and a non-object root (12.5594ms)
✔ store mutations are serialized so concurrent writes do not lose items (121.491ms)
✔ shared helpers normalize text, tags and collection CRUD (21.0079ms)
✔ hub serves health, the room catalog and the product shell on loopback (209.8461ms)
✔ hub rejects unknown rooms and unknown routes without touching other rooms (17.7308ms)
✔ static serving never escapes the configured root (2.3729ms)
✔ room data files are isolated: clearing one room leaves the others intact (54.3065ms)
✔ hub configuration defaults to port 4320 and loopback only (0.5418ms)
✔ all ten local rooms are LOCAL_PRODUCT and carry null donor metadata (2.4403ms)
✔ every incubating room declares a full donor and promotion contract (1.019ms)
✔ lifecycle defaults and metadata projection follow the §5.2 contract (0.3686ms)
✔ a promoted room leaves the active catalog but stays known to Git history (0.8094ms)
✔ promotion records are validated and rejected when malformed (20.7412ms)
✔ promotion cross-checks catch an unknown room, an active room and a path mismatch (0.6756ms)
✔ hub exposes lifecycle metadata and the promotion record set (151.3157ms)
✔ knowledge room creates, lists, edits and deletes entries over HTTP (220.1913ms)
✔ knowledge entries survive a hub restart (23.5478ms)
✔ knowledge search covers title, body and tags and is case-insensitive (45.2687ms)
✔ knowledge export bundle carries format, schemaVersion and full entries (8.845ms)
✔ knowledge import replaces data and rejects malformed bundles whole (87.1219ms)
✔ knowledge entries are ordered newest-updated first (52.2784ms)
✔ a relocated promotion keeps its historical target and names its authority (13.3042ms)
✔ every promotion record still names a landing point under city/ (3.9691ms)
✔ prompt library creates a prompt and derives its variables (148.3555ms)
✔ prompt rendering fills known variables and reports the missing ones (21.2302ms)
✔ prompt values persist with the prompt and are reused as defaults (47.8779ms)
✔ prompt search covers title, template and note (45.8764ms)
✔ prompt export/import replaces the library and the room never calls an AI provider (64.4172ms)
✔ text stats count characters, words and lines (2.7183ms)
✔ whitespace and blank-line operations are deterministic (0.4941ms)
✔ sort and dedupe behave predictably (0.7612ms)
✔ case operations cover upper, lower and title (0.3786ms)
✔ line diff reports added, removed and identical lines (0.5653ms)
✔ text workshop serves transforms over HTTP and persists nothing (147.3587ms)
ℹ tests 69
ℹ suites 0
ℹ pass 69
ℹ fail 0
ℹ cancelled 0
ℹ skipped 0
ℹ todo 0
ℹ duration_ms 3562.624
