✔ bounded canonical projection exposes active task, binding and exact event evidence without raw secrets (127.8311ms)
✔ overflow and missing history remain visible; fresh snapshot reflects canonical state, not cached truth (92.6986ms)
✔ slow/disconnected observation never gates real canonical task persistence (74.6405ms)
✔ real API claim/report projection follows persisted lifecycle and cannot execute commands (108.8532ms)
✔ stalled HTTP monitor request and broken reader leave independent create/cancel requests working (86.5724ms)
✔ invalid limits cannot create unbounded queries, single flight and unknown populations stay honest (66.8517ms)
✔ deleted historical prefix and tail cannot be reported as complete history (77.3331ms)
✔ Gateway shares outstanding observation and retains stale last view on later source failure (71.2402ms)
✔ Alien: model OWNER_REQUIRED is an escalation, not auto-resolution (13.2747ms)
✔ Alien: canonical observation cannot enqueue decisions after bounded close (2.3802ms)
✔ Alien: retention restart preserves the newest decisions, not UUID lexical order (23.1555ms)
✔ Alien: queue overflow retains canonical evidence and reports failed receipt persistence (1775.6237ms)
✔ Alien: canonical present-but-ineligible target is escalated, not described as recovering offline (16.2991ms)
✔ Alien: a timeout remains measurable when the critic subsequently resolves (31.7281ms)
✔ Alien Gateway: an online ineligible strict target produces an Owner decision with real event evidence (136.811ms)
✔ Alien browser: polling preserves opened provenance and successful retry clears an old error (1012.8741ms)
✔ Alien browser: unavailable decision persistence is visible even before any write failure (1088.361ms)
✔ Alien browser: frequent City rendering cannot starve bounded decision polling (3768.0425ms)
✔ MON903 route: a canonical failure becomes a decision receipt with canonical provenance, and the task itself is untouched (172.6941ms)
✔ MON903 route: ordinary City activity produces no decisions at all (203.0168ms)
✔ MON903 route: reading is authenticated, asking for a decision is the owner's, and refusals are typed (168.4627ms)
✔ MON903 route: an explicitly submitted owner-boundary trigger is recorded as owner-required and applied by nobody (116.7656ms)
✔ MON903 route: a decision for one task never blocks another task, and the projection carries both (249.1394ms)
✔ MON903 triggers: only the named canonical events enter the decision path, and ordinary reports do not (39.4131ms)
✔ MON903 ladder: a deterministic rule resolves first and the model is never consulted for it (29.585ms)
✔ MON903 owner boundary: scope, merge, review and owner-candidate triggers escalate WITHOUT any resolver being asked (15.5397ms)
✔ MON903 fallback: a hanging, throwing or free-text resolver becomes a bounded fallback, never an authority (156.9352ms)
✔ MON903 queues: decisions are per-task, parallel across tasks, bounded per task, and never a global barrier (539.5812ms)
✔ MON903 receipts: bounded contract, provenance, measured post-state, and no applied action anywhere (30.5784ms)
✔ MON903 store: an unusable receipt store degrades the overlay and never prevents the City from starting (finding M-1) (24.7256ms)
✔ MON903 store: the City itself starts and serves decisions when the decision store is unusable (finding M-1, City level) (214.8363ms)
✔ MON903 isolation: a reader that throws, a broken receipt file and a failing receipt write cannot break the caller (20.763ms)
✔ MON903 close: a closed overlay refuses a trigger with its OWN code, not by blaming the trigger (3.8986ms)
✔ MON903 rules: the deterministic layer answers each kind from canonical facts, and invents no default (0.6232ms)
✔ MON903 web: the owner sees the decision the City recorded, its provenance, and that nobody applied it (6218.4167ms)
✔ MON903 web: an enrolled member may read what the City decided, and is told who can ask for one (1440.0359ms)
✔ Research: reconnecting the same credential and City preserves its draft (1859.4793ms)
✔ Web Research discovers imports validates registers and inspects canonical experiments without running (2667.9471ms)
✔ a failed list refresh cannot hide a successful canonical registration (2374.7988ms)
✔ Services: an old invocation cannot mark a new editor busy or clear its newer invocation (1058.2554ms)
✔ Windows history loads detail explicitly, retains it across snapshots and fences late selections (2709.3943ms)
✔ Windows Services invokes real document, knowledge, skill, evidence and theme adapters (3892.1092ms)
ℹ tests 42
ℹ suites 0
ℹ pass 42
ℹ fail 0
ℹ cancelled 0
ℹ skipped 0
ℹ todo 0
ℹ duration_ms 16772.8279
