✔ bounded canonical projection exposes active task, binding and exact event evidence without raw secrets (132.4552ms)
✔ overflow and missing history remain visible; fresh snapshot reflects canonical state, not cached truth (99.0622ms)
✔ slow/disconnected observation never gates real canonical task persistence (101.1127ms)
✔ real API claim/report projection follows persisted lifecycle and cannot execute commands (107.8087ms)
✔ stalled HTTP monitor request and broken reader leave independent create/cancel requests working (84.7019ms)
✔ invalid limits cannot create unbounded queries, single flight and unknown populations stay honest (71.7921ms)
✔ deleted historical prefix and tail cannot be reported as complete history (78.9412ms)
✔ Gateway shares outstanding observation and retains stale last view on later source failure (72.8488ms)
✔ Alien: model OWNER_REQUIRED is an escalation, not auto-resolution (14.1242ms)
✔ Alien: canonical observation cannot enqueue decisions after bounded close (2.2069ms)
✔ Alien: retention restart preserves the newest decisions, not UUID lexical order (16.9773ms)
✔ Alien: queue overflow retains canonical evidence and reports failed receipt persistence (1753.0486ms)
✔ Alien: canonical present-but-ineligible target is escalated, not described as recovering offline (15.7741ms)
✔ Alien: a timeout remains measurable when the critic subsequently resolves (32.019ms)
✔ Alien Gateway: an online ineligible strict target produces an Owner decision with real event evidence (119.6882ms)
✔ Alien browser: polling preserves opened provenance and successful retry clears an old error (1188.2521ms)
✔ Alien browser: unavailable decision persistence is visible even before any write failure (1120.8656ms)
✔ Alien browser: frequent City rendering cannot starve bounded decision polling (3708.8949ms)
✔ MON903 route: a canonical failure becomes a decision receipt with canonical provenance, and the task itself is untouched (179.2521ms)
✔ MON903 route: ordinary City activity produces no decisions at all (199.353ms)
✔ MON903 route: reading is authenticated, asking for a decision is the owner's, and refusals are typed (164.396ms)
✔ MON903 route: an explicitly submitted owner-boundary trigger is recorded as owner-required and applied by nobody (96.7514ms)
✔ MON903 route: a decision for one task never blocks another task, and the projection carries both (218.0943ms)
✔ MON903 triggers: only the named canonical events enter the decision path, and ordinary reports do not (43.3084ms)
✔ MON903 ladder: a deterministic rule resolves first and the model is never consulted for it (29.2021ms)
✔ MON903 owner boundary: scope, merge, review and owner-candidate triggers escalate WITHOUT any resolver being asked (15.4644ms)
✔ MON903 fallback: a hanging, throwing or free-text resolver becomes a bounded fallback, never an authority (157.4326ms)
✔ MON903 queues: decisions are per-task, parallel across tasks, bounded per task, and never a global barrier (790.0978ms)
✔ MON903 receipts: bounded contract, provenance, measured post-state, and no applied action anywhere (14.8281ms)
✔ MON903 store: an unusable receipt store degrades the overlay and never prevents the City from starting (finding M-1) (12.8354ms)
✔ MON903 store: the City itself starts and serves decisions when the decision store is unusable (finding M-1, City level) (168.2275ms)
✔ MON903 isolation: a reader that throws, a broken receipt file and a failing receipt write cannot break the caller (20.5582ms)
✔ MON903 close: a closed overlay refuses a trigger with its OWN code, not by blaming the trigger (2.991ms)
✔ MON903 rules: the deterministic layer answers each kind from canonical facts, and invents no default (0.427ms)
✔ MON903 web: the owner sees the decision the City recorded, its provenance, and that nobody applied it (6246.0693ms)
✔ MON903 web: an enrolled member may read what the City decided, and is told who can ask for one (1499.2347ms)
✔ Research: reconnecting the same credential and City preserves its draft (1746.4008ms)
✔ Web Research discovers imports validates registers and inspects canonical experiments without running (2768.6717ms)
✔ a failed list refresh cannot hide a successful canonical registration (1783.7352ms)
✔ Services: an old invocation cannot mark a new editor busy or clear its newer invocation (1015.1112ms)
✔ Windows history loads detail explicitly, retains it across snapshots and fences late selections (3058.9541ms)
✔ Windows Services invokes real document, knowledge, skill, evidence and theme adapters (3778.4678ms)
ℹ tests 42
ℹ suites 0
ℹ pass 42
ℹ fail 0
ℹ cancelled 0
ℹ skipped 0
ℹ todo 0
ℹ duration_ms 17053.4445
